Component: ARM Compiler 5.06 update 1 (build 61) Tool: armlink [4d35a8]

==============================================================================

Section Cross References

    startup_stm32f103xb.o(STACK) refers (Special) to heapauxi.o(.text) for __use_two_region_memory
    startup_stm32f103xb.o(HEAP) refers (Special) to heapauxi.o(.text) for __use_two_region_memory
    startup_stm32f103xb.o(RESET) refers (Special) to heapauxi.o(.text) for __use_two_region_memory
    startup_stm32f103xb.o(RESET) refers to startup_stm32f103xb.o(STACK) for __initial_sp
    startup_stm32f103xb.o(RESET) refers to startup_stm32f103xb.o(.text) for Reset_Handler
    startup_stm32f103xb.o(RESET) refers to stm32f1xx_it.o(i.NMI_Handler) for NMI_Handler
    startup_stm32f103xb.o(RESET) refers to stm32f1xx_it.o(i.HardFault_Handler) for HardFault_Handler
    startup_stm32f103xb.o(RESET) refers to stm32f1xx_it.o(i.MemManage_Handler) for MemManage_Handler
    startup_stm32f103xb.o(RESET) refers to stm32f1xx_it.o(i.BusFault_Handler) for BusFault_Handler
    startup_stm32f103xb.o(RESET) refers to stm32f1xx_it.o(i.UsageFault_Handler) for UsageFault_Handler
    startup_stm32f103xb.o(RESET) refers to stm32f1xx_it.o(i.SVC_Handler) for SVC_Handler
    startup_stm32f103xb.o(RESET) refers to stm32f1xx_it.o(i.DebugMon_Handler) for DebugMon_Handler
    startup_stm32f103xb.o(RESET) refers to stm32f1xx_it.o(i.PendSV_Handler) for PendSV_Handler
    startup_stm32f103xb.o(RESET) refers to stm32f1xx_it.o(i.SysTick_Handler) for SysTick_Handler
    startup_stm32f103xb.o(RESET) refers to stm32f1xx_it.o(i.ADC1_2_IRQHandler) for ADC1_2_IRQHandler
    startup_stm32f103xb.o(RESET) refers to stm32f1xx_it.o(i.USB_LP_CAN1_RX0_IRQHandler) for USB_LP_CAN1_RX0_IRQHandler
    startup_stm32f103xb.o(RESET) refers to stm32f1xx_it.o(i.TIM2_IRQHandler) for TIM2_IRQHandler
    startup_stm32f103xb.o(RESET) refers to stm32f1xx_it.o(i.TIM3_IRQHandler) for TIM3_IRQHandler
    startup_stm32f103xb.o(.text) refers (Special) to heapauxi.o(.text) for __use_two_region_memory
    startup_stm32f103xb.o(.text) refers to system_stm32f1xx.o(i.SystemInit) for SystemInit
    startup_stm32f103xb.o(.text) refers to __main.o(!!!main) for __main
    startup_stm32f103xb.o(.text) refers to startup_stm32f103xb.o(HEAP) for Heap_Mem
    startup_stm32f103xb.o(.text) refers to startup_stm32f103xb.o(STACK) for Stack_Mem
    main.o(i.HAL_ADCEx_InjectedConvCpltCallback) refers to mt6816.o(i.REIN_MT6816_GetAngleData) for REIN_MT6816_GetAngleData
    main.o(i.HAL_ADCEx_InjectedConvCpltCallback) refers to ffixu.o(x$fpl$ffixu) for __aeabi_f2uiz
    main.o(i.HAL_ADCEx_InjectedConvCpltCallback) refers to b_motor_foc.o(i.adjust_I) for adjust_I
    main.o(i.HAL_ADCEx_InjectedConvCpltCallback) refers to pid.o(i.Encoder_Update) for Encoder_Update
    main.o(i.HAL_ADCEx_InjectedConvCpltCallback) refers to pid.o(i.Calculate_Speed) for Calculate_Speed
    main.o(i.HAL_ADCEx_InjectedConvCpltCallback) refers to filter.o(i.low_pass_filter) for low_pass_filter
    main.o(i.HAL_ADCEx_InjectedConvCpltCallback) refers to b_motor_foc.o(i.get_AB_current) for get_AB_current
    main.o(i.HAL_ADCEx_InjectedConvCpltCallback) refers to b_motor_foc.o(i.Sector_tracker) for Sector_tracker
    main.o(i.HAL_ADCEx_InjectedConvCpltCallback) refers to f2d.o(x$fpl$f2d) for __aeabi_f2d
    main.o(i.HAL_ADCEx_InjectedConvCpltCallback) refers to dmul.o(x$fpl$dmul) for __aeabi_dmul
    main.o(i.HAL_ADCEx_InjectedConvCpltCallback) refers to dfix.o(x$fpl$dfix) for __aeabi_d2iz
    main.o(i.HAL_ADCEx_InjectedConvCpltCallback) refers to b_motor_foc.o(i.current_ctr) for current_ctr
    main.o(i.HAL_ADCEx_InjectedConvCpltCallback) refers to adc.o(.bss) for hadc1
    main.o(i.HAL_ADCEx_InjectedConvCpltCallback) refers to mt6816.o(.data) for encoder_adjust_flag
    main.o(i.HAL_ADCEx_InjectedConvCpltCallback) refers to pid.o(.data) for mt6816_count
    main.o(i.HAL_ADCEx_InjectedConvCpltCallback) refers to connecting.o(.bss) for connect_crt
    main.o(i.HAL_ADCEx_InjectedConvCpltCallback) refers to main.o(.data) for .data
    main.o(i.HAL_ADCEx_InjectedConvCpltCallback) refers to pid.o(.bss) for speed_pi
    main.o(i.HAL_ADCEx_InjectedConvCpltCallback) refers to b_motor_foc.o(.bss) for m1_foc
    main.o(i.HAL_TIM_PeriodElapsedCallback) refers to stm32f1xx_hal_adc_ex.o(i.HAL_ADCEx_InjectedStart_IT) for HAL_ADCEx_InjectedStart_IT
    main.o(i.HAL_TIM_PeriodElapsedCallback) refers to connecting.o(i.check_limit) for check_limit
    main.o(i.HAL_TIM_PeriodElapsedCallback) refers to connecting.o(i.get_zero_by_current) for get_zero_by_current
    main.o(i.HAL_TIM_PeriodElapsedCallback) refers to pid.o(i.AngleControl_Update) for AngleControl_Update
    main.o(i.HAL_TIM_PeriodElapsedCallback) refers to f2d.o(x$fpl$f2d) for __aeabi_f2d
    main.o(i.HAL_TIM_PeriodElapsedCallback) refers to dmul.o(x$fpl$dmul) for __aeabi_dmul
    main.o(i.HAL_TIM_PeriodElapsedCallback) refers to daddsub_clz.o(x$fpl$dsub) for __aeabi_dsub
[...]
    __aeabi_ddiv                             0x0800cc4d   Thumb Code     0  ddiv.o(x$fpl$ddiv)
    _ddiv                                    0x0800cc4d   Thumb Code   552  ddiv.o(x$fpl$ddiv)
    __aeabi_cdcmpeq                          0x0800cefd   Thumb Code     0  deqf.o(x$fpl$deqf)
    _dcmpeq                                  0x0800cefd   Thumb Code   120  deqf.o(x$fpl$deqf)
    __aeabi_d2iz                             0x0800cf75   Thumb Code     0  dfix.o(x$fpl$dfix)
    _dfix                                    0x0800cf75   Thumb Code    94  dfix.o(x$fpl$dfix)
    __aeabi_d2uiz                            0x0800cfd5   Thumb Code     0  dfixu.o(x$fpl$dfixu)
    _dfixu                                   0x0800cfd5   Thumb Code    90  dfixu.o(x$fpl$dfixu)
    __aeabi_i2d                              0x0800d02f   Thumb Code     0  dflt_clz.o(x$fpl$dflt)
    _dflt                                    0x0800d02f   Thumb Code    46  dflt_clz.o(x$fpl$dflt)
    __aeabi_ui2d                             0x0800d05d   Thumb Code     0  dflt_clz.o(x$fpl$dfltu)
    _dfltu                                   0x0800d05d   Thumb Code    38  dflt_clz.o(x$fpl$dfltu)
    __aeabi_cdcmple                          0x0800d085   Thumb Code     0  dleqf.o(x$fpl$dleqf)
    _dcmple                                  0x0800d085   Thumb Code   120  dleqf.o(x$fpl$dleqf)
    __fpl_dcmple_InfNaN                      0x0800d0e7   Thumb Code     0  dleqf.o(x$fpl$dleqf)
    __aeabi_dmul                             0x0800d0fd   Thumb Code     0  dmul.o(x$fpl$dmul)
    _dmul                                    0x0800d0fd   Thumb Code   332  dmul.o(x$fpl$dmul)
    __fpl_dnaninf                            0x0800d251   Thumb Code   156  dnaninf.o(x$fpl$dnaninf)
    __fpl_dretinf                            0x0800d2ed   Thumb Code    12  dretinf.o(x$fpl$dretinf)
    __aeabi_cdrcmple                         0x0800d2f9   Thumb Code     0  drleqf.o(x$fpl$drleqf)
    _drcmple                                 0x0800d2f9   Thumb Code   108  drleqf.o(x$fpl$drleqf)
    __aeabi_drsub                            0x0800d365   Thumb Code     0  daddsub_clz.o(x$fpl$drsb)
    _drsb                                    0x0800d365   Thumb Code    22  daddsub_clz.o(x$fpl$drsb)
    __aeabi_dsub                             0x0800d37d   Thumb Code     0  daddsub_clz.o(x$fpl$dsub)
    _dsub                                    0x0800d37d   Thumb Code   464  daddsub_clz.o(x$fpl$dsub)
    __aeabi_f2d                              0x0800d551   Thumb Code     0  f2d.o(x$fpl$f2d)
    _f2d                                     0x0800d551   Thumb Code    86  f2d.o(x$fpl$f2d)
    __aeabi_fadd                             0x0800d5a9   Thumb Code     0  faddsub_clz.o(x$fpl$fadd)
    _fadd                                    0x0800d5a9   Thumb Code   196  faddsub_clz.o(x$fpl$fadd)
    __fpl_fcheck_NaN1                        0x0800d66d   Thumb Code     6  fcheck1.o(x$fpl$fcheck1)
    __fpl_fcmp_Inf                           0x0800d679   Thumb Code    24  fcmpi.o(x$fpl$fcmpinf)
    __aeabi_fdiv                             0x0800d691   Thumb Code     0  fdiv.o(x$fpl$fdiv)
    _fdiv                                    0x0800d691   Thumb Code   384  fdiv.o(x$fpl$fdiv)
    __aeabi_cfcmpeq                          0x0800d815   Thumb Code     0  feqf.o(x$fpl$feqf)
    _fcmpeq                                  0x0800d815   Thumb Code   104  feqf.o(x$fpl$feqf)
    __aeabi_f2iz                             0x0800d87d   Thumb Code     0  ffix.o(x$fpl$ffix)
    _ffix                                    0x0800d87d   Thumb Code    54  ffix.o(x$fpl$ffix)
    __aeabi_f2uiz                            0x0800d8b5   Thumb Code     0  ffixu.o(x$fpl$ffixu)
    _ffixu                                   0x0800d8b5   Thumb Code    62  ffixu.o(x$fpl$ffixu)
    __aeabi_i2f                              0x0800d8f5   Thumb Code     0  fflt_clz.o(x$fpl$fflt)
    _fflt                                    0x0800d8f5   Thumb Code    48  fflt_clz.o(x$fpl$fflt)
    __aeabi_ui2f                             0x0800d925   Thumb Code     0  fflt_clz.o(x$fpl$ffltu)
    _ffltu                                   0x0800d925   Thumb Code    38  fflt_clz.o(x$fpl$ffltu)
    __aeabi_cfcmple                          0x0800d94d   Thumb Code     0  fleqf.o(x$fpl$fleqf)
    _fcmple                                  0x0800d94d   Thumb Code   104  fleqf.o(x$fpl$fleqf)
    __fpl_fcmple_InfNaN                      0x0800d99f   Thumb Code     0  fleqf.o(x$fpl$fleqf)
    __aeabi_fmul                             0x0800d9b5   Thumb Code     0  fmul.o(x$fpl$fmul)
    _fmul                                    0x0800d9b5   Thumb Code   258  fmul.o(x$fpl$fmul)
    __fpl_fnaninf                            0x0800dab7   Thumb Code   140  fnaninf.o(x$fpl$fnaninf)
    _frem                                    0x0800db45   Thumb Code   240  frem_clz.o(x$fpl$frem)
    __fpl_fretinf                            0x0800dc39   Thumb Code    10  fretinf.o(x$fpl$fretinf)
    __aeabi_cfrcmple                         0x0800dc43   Thumb Code     0  frleqf.o(x$fpl$frleqf)
    _frcmple                                 0x0800dc43   Thumb Code    98  frleqf.o(x$fpl$frleqf)
    __aeabi_frsub                            0x0800dca5   Thumb Code     0  faddsub_clz.o(x$fpl$frsb)
    _frsb                                    0x0800dca5   Thumb Code    20  faddsub_clz.o(x$fpl$frsb)
    __aeabi_fsub                             0x0800dcb9   Thumb Code     0  faddsub_clz.o(x$fpl$fsub)
    _fsub                                    0x0800dcb9   Thumb Code   234  faddsub_clz.o(x$fpl$fsub)
    _printf_fp_dec                           0x0800dda3   Thumb Code     4  printf1.o(x$fpl$printf1)
    __fpl_return_NaN                         0x0800dda7   Thumb Code   100  retnan.o(x$fpl$retnan)
    __ARM_scalbn                             0x0800de0b   Thumb Code    92  scalbn.o(x$fpl$scalbn)
    __ARM_scalbnf                            0x0800de67   Thumb Code    76  scalbnf.o(x$fpl$scalbnf)
    _scanf_real                              0x0800deb3   Thumb Code     4  scanf1.o(x$fpl$scanf1)
    _scanf_hex_real                          0x0800deb7   Thumb Code     4  scanf2.o(x$fpl$scanf2)
    _scanf_infnan                            0x0800debb   Thumb Code     4  scanf2.o(x$fpl$scanf2)
    __fpl_cmpreturn                          0x0800debf   Thumb Code    48  trapv.o(x$fpl$trapveneer)
    __I$use$fp                               0x0800deee   Number         0  usenofp.o(x$fpl$usenofp)
    AHBPrescTable                            0x0800df12   Data          16  system_stm32f1xx.o(.constdata)
    APBPrescTable                            0x0800df22   Data           8  system_stm32f1xx.o(.constdata)
    Region$$Table$$Base                      0x0800dfc0   Number         0  anon$$obj.o(Region$$Table)
    Region$$Table$$Limit                     0x0800dfe0   Number         0  anon$$obj.o(Region$$Table)
    __aeabi_HUGE_VAL                         0x0800dfe0   Data           0  fpconst.o(c$$dinf)
    __aeabi_HUGE_VALL                        0x0800dfe0   Data           0  fpconst.o(c$$dinf)
    __aeabi_INFINITY                         0x0800dfe0   Data           0  fpconst.o(c$$dinf)
    __dInf                                   0x0800dfe0   Data           0  fpconst.o(c$$dinf)
    __huge_val                               0x0800dfe0   Data           0  fpconst.o(c$$dinf)
    __ctype                                  0x0800dff5   Data           0  lc_ctype_c.o(locale$$data)
    Iadjust                                  0x20000000   Data           1  main.o(.data)
    erro_flag                                0x20000001   Data           1  main.o(.data)
    connect_type                             0x20000002   Data           1  main.o(.data)
    t_speed                                  0x20000003   Data           1  main.o(.data)
    pos_update_count                         0x20000004   Data           1  main.o(.data)
    acc_flag                                 0x20000005   Data           1  main.o(.data)
    jj                                       0x20000006   Data           1  main.o(.data)
    weak1_speed_save                         0x20000008   Data           2  main.o(.data)
    weak2_speed_save                         0x2000000a   Data           2  main.o(.data)
    weak_speed_1                             0x2000000c   Data           2  main.o(.data)
    weak_speed_2                             0x2000000e   Data           2  main.o(.data)
    time_num                                 0x20000010   Data           2  main.o(.data)
    scount                                   0x20000012   Data           2  main.o(.data)
    b_step                                   0x20000014   Data           2  main.o(.data)
    vol                                      0x20000018   Data           4  main.o(.data)
    temperature                              0x2000001c   Data           4  main.o(.data)
    last_vol                                 0x20000020   Data           4  main.o(.data)
    w_Uq                                     0x20000024   Data           4  main.o(.data)
    spid_factor                              0x20000028   Data           4  main.o(.data)
    s_kp0                                    0x2000002c   Data           4  main.o(.data)
    s_ki0                                    0x20000030   Data           4  main.o(.data)
    s_kp                                     0x20000034   Data           4  main.o(.data)
    s_ki                                     0x20000038   Data           4  main.o(.data)
    s_kp1                                    0x2000003c   Data           4  main.o(.data)
    s_ki1                                    0x20000040   Data           4  main.o(.data)
    check_iq                                 0x20000044   Data           4  main.o(.data)
    check_id                                 0x20000048   Data           4  main.o(.data)
    timer_value                              0x2000004c   Data           4  main.o(.data)
    current                                  0x20000050   Data           8  main.o(.data)
    add_angle                                0x20000058   Data           4  main.o(.data)
    can_Prescaler                            0x2000005c   Data           1  can.o(.data)
    FS_Desc                                  0x20000060   Data          28  usbd_desc.o(.data)
    USBD_LangIDDesc                          0x2000007c   Data           4  usbd_desc.o(.data)
    USBD_FS_DeviceDesc                       0x20000080   Data          18  usbd_desc.o(.data)
    USBD_StringSerial                        0x20000094   Data          26  usbd_desc.o(.data)
    my_usb_len                               0x200000ae   Data           1  usbd_cdc_if.o(.data)
    USBD_Interface_fops_FS                   0x200000b0   Data          16  usbd_cdc_if.o(.data)
    uwTickFreq                               0x200000c0   Data           1  stm32f1xx_hal.o(.data)
    uwTickPrio                               0x200000c4   Data           4  stm32f1xx_hal.o(.data)
    uwTick                                   0x200000c8   Data           4  stm32f1xx_hal.o(.data)
    SystemCoreClock                          0x200000cc   Data           4  system_stm32f1xx.o(.data)
    USBD_CDC_CfgHSDesc                       0x200000e0   Data          67  usbd_cdc.o(.data)
    USBD_CDC_CfgFSDesc                       0x20000124   Data          67  usbd_cdc.o(.data)
    USBD_CDC_OtherSpeedCfgDesc               0x20000168   Data          67  usbd_cdc.o(.data)
    USBD_CDC                                 0x200001ac   Data          56  usbd_cdc.o(.data)
    encoder_adjust_flag                      0x200001e4   Data           1  mt6816.o(.data)
    last_data                                0x200001e6   Data           2  mt6816.o(.data)
    DIR                                      0x200001e8   Data           4  mt6816.o(.data)
    mt6816_spi_data                          0x200001ec   Data           6  mt6816.o(.data)
    init_angle                               0x200001f2   Data           2  mt6816.o(.data)
    mt6816_flag                              0x200001f4   Data           1  mt6816.o(.data)
    mt6816_count                             0x200001f8   Data           2  pid.o(.data)
    encoder_last_count                       0x200001fa   Data           2  pid.o(.data)
    encoder_count_accum                      0x200001fc   Data           4  pid.o(.data)
    bias                                     0x20000200   Data           2  b_motor_foc.o(.data)
    PID_factor                               0x20000204   Data           4  b_motor_foc.o(.data)
    sin_value                                0x20000208   Data        4096  b_motor_foc.o(.data)
    offet_I                                  0x2000120c   Data           8  adc_task.o(.data)
    llimit_flag                              0x20001214   Data           1  connecting.o(.data)
    rlimit_flag                              0x20001215   Data           1  connecting.o(.data)
    reset_flag                               0x20001216   Data           1  connecting.o(.data)
    pos_finish_flag                          0x20001217   Data           1  connecting.o(.data)
    return_flag                              0x20001218   Data           1  connecting.o(.data)
    return_flag_can                          0x20001219   Data           1  connecting.o(.data)
    if_read_pos_start                        0x2000121a   Data           1  connecting.o(.data)
    syn_flag                                 0x2000121b   Data           1  connecting.o(.data)
    motion_set                               0x2000121c   Data           1  connecting.o(.data)
    config_st_en                             0x2000121d   Data           1  connecting.o(.data)
    config_st_dr                             0x2000121e   Data           1  connecting.o(.data)
    config_st_en_p                           0x2000121f   Data           1  connecting.o(.data)
    config_st_reset                          0x20001220   Data           1  connecting.o(.data)
    st_apos_flag                             0x20001221   Data           1  connecting.o(.data)
    my_can_id                                0x20001222   Data           2  connecting.o(.data)
    angle_zero                               0x20001224   Data           2  connecting.o(.data)
    return_delay                             0x20001226   Data           2  connecting.o(.data)
    speed_send                               0x20001228   Data           4  connecting.o(.data)
    config_st_speed                          0x2000122c   Data           4  connecting.o(.data)
    config_st_delay                          0x20001230   Data           4  connecting.o(.data)
    config_st_apos1                          0x20001234   Data           4  connecting.o(.data)
    config_st_apos2                          0x20001238   Data           4  connecting.o(.data)
    dr_delay_count                           0x2000123c   Data           4  connecting.o(.data)
    save_data                                0x20001240   Data          80  connecting.o(.data)
    weak_mag_id                              0x20001290   Data          40  main.o(.bss)
    weak_mag_iq                              0x200012b8   Data          40  main.o(.bss)
    weak_mag_uq                              0x200012e0   Data          40  main.o(.bss)
    hadc1                                    0x20001308   Data          48  adc.o(.bss)
    hadc2                                    0x20001338   Data          48  adc.o(.bss)
    my_can_tx                                0x20001368   Data          36  can.o(.bss)
    my_can_rx                                0x2000138c   Data          40  can.o(.bss)
    hcan                                     0x200013b4   Data          40  can.o(.bss)
    hiwdg                                    0x200013dc   Data          12  iwdg.o(.bss)
    hspi1                                    0x200013e8   Data          88  spi.o(.bss)
    htim2                                    0x20001440   Data          72  tim.o(.bss)
    htim3                                    0x20001488   Data          72  tim.o(.bss)
    hUsbDeviceFS                             0x200014d0   Data         708  usb_device.o(.bss)
    USBD_StrDesc                             0x20001794   Data         512  usbd_desc.o(.bss)
    my_usb_buf                               0x20001994   Data          64  usbd_cdc_if.o(.bss)
    UserRxBufferFS                           0x200019d4   Data        1024  usbd_cdc_if.o(.bss)
    UserTxBufferFS                           0x20001dd4   Data        1024  usbd_cdc_if.o(.bss)
    hpcd_USB_FS                              0x200023f4   Data         728  usbd_conf.o(.bss)
    pFlash                                   0x200026d0   Data          32  stm32f1xx_hal_flash.o(.bss)
    temp                                     0x200026f0   Data         402  mt6816.o(.bss)
    speed_pi                                 0x20002884   Data          40  pid.o(.bss)
    position_pi                              0x200028ac   Data          40  pid.o(.bss)
    AngleControl                             0x200028d4   Data          48  pid.o(.bss)
    angledata                                0x20002904   Data         400  b_motor_foc.o(.bss)
    m1_foc                                   0x20002a94   Data         124  b_motor_foc.o(.bss)
    Scope                                    0x20002b10   Data         400  b_motor_foc.o(.bss)
    position_ctrl                            0x20002ca0   Data          96  position_foc.o(.bss)
    encoder_acc                              0x20002d00   Data          24  position_foc.o(.bss)
    syn_value                                0x20002d18   Data          12  connecting.o(.bss)
    connect_crt                              0x20002d24   Data          36  connecting.o(.bss)
    __libspace_start                         0x20002d48   Data          96  libspace.o(.bss)
    __temporary_stack_top$libspace           0x20002da8   Data           0  libspace.o(.bss)



==============================================================================

Memory Map of the image

  Image Entry point : 0x080000ed

  Load Region LR_IROM1 (Base: 0x08000000, Size: 0x0000f3a4, Max: 0x00010000, ABSOLUTE, COMPRESSED[0x0000ef5c])

    Execution Region ER_IROM1 (Exec base: 0x08000000, Load base: 0x08000000, Size: 0x0000e114, Max: 0x00010000, ABSOLUTE)

    Exec Addr    Load Addr    Size         Type   Attr      Idx    E Section Name        Object

    0x08000000   0x08000000   0x000000ec   Data   RO            3    RESET               startup_stm32f103xb.o
    0x080000ec   0x080000ec   0x00000008   Code   RO         5614  * !!!main             c_w.l(__main.o)
    0x080000f4   0x080000f4   0x00000034   Code   RO         6034    !!!scatter          c_w.l(__scatter.o)
    0x08000128   0x08000128   0x00000064   Code   RO         6032    !!dclz77c           c_w.l(__dclz77c.o)
    0x0800018c   0x0800018c   0x0000001c   Code   RO         6036    !!handler_zi        c_w.l(__scatter_zi.o)
    0x080001a8   0x080001a8   0x00000000   Code   RO         5599    .ARM.Collect$$_printf_percent$$00000000  c_w.l(_printf_percent.o)
    0x080001a8   0x080001a8   0x00000006   Code   RO         5598    .ARM.Collect$$_printf_percent$$00000003  c_w.l(_printf_f.o)
    0x080001ae   0x080001ae   0x00000006   Code   RO         5597    .ARM.Collect$$_printf_percent$$00000009  c_w.l(_printf_d.o)
    0x080001b4   0x080001b4   0x00000006   Code   RO         5596    .ARM.Collect$$_printf_percent$$00000014  c_w.l(_printf_s.o)
    0x080001ba   0x080001ba   0x00000004   Code   RO         5720    .ARM.Collect$$_printf_percent$$00000017  c_w.l(_printf_percent_end.o)
    0x080001be   0x080001be   0x00000002   Code   RO         5847    .ARM.Collect$$libinit$$00000000  c_w.l(libinit.o)
    0x080001c0   0x080001c0   0x00000000   Code   RO         5849    .ARM.Collect$$libinit$$00000002  c_w.l(libinit2.o)
    0x080001c0   0x080001c0   0x00000000   Code   RO         5851    .ARM.Collect$$libinit$$00000004  c_w.l(libinit2.o)
    0x080001c0   0x080001c0   0x00000000   Code   RO         5854    .ARM.Collect$$libinit$$0000000A  c_w.l(libinit2.o)
    0x080001c0   0x080001c0   0x00000000   Code   RO         5856    .ARM.Collect$$libinit$$0000000C  c_w.l(libinit2.o)
    0x080001c0   0x080001c0   0x00000000   Code   RO         5858    .ARM.Collect$$libinit$$0000000E  c_w.l(libinit2.o)
    0x080001c0   0x080001c0   0x00000006   Code   RO         5859    .ARM.Collect$$libinit$$0000000F  c_w.l(libinit2.o)
    0x080001c6   0x080001c6   0x00000000   Code   RO         5861    .ARM.Collect$$libinit$$00000011  c_w.l(libinit2.o)
    0x080001c6   0x080001c6   0x0000000c   Code   RO         5862    .ARM.Collect$$libinit$$00000012  c_w.l(libinit2.o)
    0x080001d2   0x080001d2   0x00000000   Code   RO         5863    .ARM.Collect$$libinit$$00000013  c_w.l(libinit2.o)
    0x080001d2   0x080001d2   0x00000000   Code   RO         5865    .ARM.Collect$$libinit$$00000015  c_w.l(libinit2.o)
    0x080001d2   0x080001d2   0x0000000a   Code   RO         5866    .ARM.Collect$$libinit$$00000016  c_w.l(libinit2.o)
    0x080001dc   0x080001dc   0x00000000   Code   RO         5867    .ARM.Collect$$libinit$$00000017  c_w.l(libinit2.o)
    0x080001dc   0x080001dc   0x00000000   Code   RO         5869    .ARM.Collect$$libinit$$00000019  c_w.l(libinit2.o)
    0x080001dc   0x080001dc   0x00000000   Code   RO         5871    .ARM.Collect$$libinit$$0000001B  c_w.l(libinit2.o)
    0x080001dc   0x080001dc   0x00000000   Code   RO         5873    .ARM.Collect$$libinit$$0000001D  c_w.l(libinit2.o)
    0x080001dc   0x080001dc   0x00000000   Code   RO         5875    .ARM.Collect$$libinit$$0000001F  c_w.l(libinit2.o)
    0x080001dc   0x080001dc   0x00000000   Code   RO         5877    .ARM.Collect$$libinit$$00000021  c_w.l(libinit2.o)
    0x080001dc   0x080001dc   0x00000000   Code   RO         5879    .ARM.Collect$$libinit$$00000023  c_w.l(libinit2.o)
    0x080001dc   0x080001dc   0x00000000   Code   RO         5881    .ARM.Collect$$libinit$$00000025  c_w.l(libinit2.o)
    0x080001dc   0x080001dc   0x00000000   Code   RO         5885    .ARM.Collect$$libinit$$0000002C  c_w.l(libinit2.o)
    0x080001dc   0x080001dc   0x00000000   Code   RO         5887    .ARM.Collect$$libinit$$0000002E  c_w.l(libinit2.o)
    0x080001dc   0x080001dc   0x00000000   Code   RO         5889    .ARM.Collect$$libinit$$00000030  c_w.l(libinit2.o)
    0x080001dc   0x080001dc   0x00000000   Code   RO         5891    .ARM.Collect$$libinit$$00000032  c_w.l(libinit2.o)
    0x080001dc   0x080001dc   0x00000002   Code   RO         5892    .ARM.Collect$$libinit$$00000033  c_w.l(libinit2.o)
    0x080001de   0x080001de   0x00000002   Code   RO         5953    .ARM.Collect$$libshutdown$$00000000  c_w.l(libshutdown.o)
    0x080001e0   0x080001e0   0x00000000   Code   RO         5976    .ARM.Collect$$libshutdown$$00000002  c_w.l(libshutdown2.o)
    0x080001e0   0x080001e0   0x00000000   Code   RO         5978    .ARM.Collect$$libshutdown$$00000004  c_w.l(libshutdown2.o)
    0x080001e0   0x080001e0   0x00000000   Code   RO         5981    .ARM.Collect$$libshutdown$$00000007  c_w.l(libshutdown2.o)
    0x080001e0   0x080001e0   0x00000000   Code   RO         5984    .ARM.Collect$$libshutdown$$0000000A  c_w.l(libshutdown2.o)
    0x080001e0   0x080001e0   0x00000000   Code   RO         5986    .ARM.Collect$$libshutdown$$0000000C  c_w.l(libshutdown2.o)
    0x080001e0   0x080001e0   0x00000000   Code   RO         5989    .ARM.Collect$$libshutdown$$0000000F  c_w.l(libshutdown2.o)
    0x080001e0   0x080001e0   0x00000002   Code   RO         5990    .ARM.Collect$$libshutdown$$00000010  c_w.l(libshutdown2.o)
    0x080001e2   0x080001e2   0x00000000   Code   RO         5698    .ARM.Collect$$rtentry$$00000000  c_w.l(__rtentry.o)
    0x080001e2   0x080001e2   0x00000000   Code   RO         5762    .ARM.Collect$$rtentry$$00000002  c_w.l(__rtentry2.o)
    0x080001e2   0x080001e2   0x00000006   Code   RO         5774    .ARM.Collect$$rtentry$$00000004  c_w.l(__rtentry4.o)
    0x080001e8   0x080001e8   0x00000000   Code   RO         5764    .ARM.Collect$$rtentry$$00000009  c_w.l(__rtentry2.o)
    0x080001e8   0x080001e8   0x00000004   Code   RO         5765    .ARM.Collect$$rtentry$$0000000A  c_w.l(__rtentry2.o)
    0x080001ec   0x080001ec   0x00000000   Code   RO         5767    .ARM.Collect$$rtentry$$0000000C  c_w.l(__rtentry2.o)
    0x080001ec   0x080001ec   0x00000008   Code   RO         5768    .ARM.Collect$$rtentry$$0000000D  c_w.l(__rtentry2.o)
    0x080001f4   0x080001f4   0x00000002   Code   RO         5895    .ARM.Collect$$rtexit$$00000000  c_w.l(rtexit.o)
    0x080001f6   0x080001f6   0x00000000   Code   RO         5917    .ARM.Collect$$rtexit$$00000002  c_w.l(rtexit2.o)
    0x080001f6   0x080001f6   0x00000004   Code   RO         5918    .ARM.Collect$$rtexit$$00000003  c_w.l(rtexit2.o)
    0x080001fa   0x080001fa   0x00000006   Code   RO         5919    .ARM.Collect$$rtexit$$00000004  c_w.l(rtexit2.o)
    0x08000200   0x08000200   0x00000040   Code   RO            4    .text               startup_stm32f103xb.o
    0x08000240   0x08000240   0x00000026   Code   RO         5562    .text               c_w.l(llushr.o)
    0x08000266   0x08000266   0x0000001e   Code   RO         5564    .text               c_w.l(toupper.o)
    0x08000284   0x08000284   0x00000038   Code   RO         5566    .text               c_w.l(__2snprintf.o)
    0x080002bc   0x080002bc   0x00000052   Code   RO         5572    .text               c_w.l(_printf_str.o)
    0x0800030e   0x0800030e   0x00000002   PAD
    0x08000310   0x08000310   0x00000078   Code   RO         5574    .text               c_w.l(_printf_dec.o)
    0x08000388   0x08000388   0x0000010e   Code   RO         5584    .text               c_w.l(__printf_wp.o)
    0x08000496   0x08000496   0x0000001a   Code   RO         5600    .text               c_w.l(atoi.o)
    0x080004b0   0x080004b0   0x00000096   Code   RO         5602    .text               c_w.l(strncmp.o)
    0x08000546   0x08000546   0x0000008a   Code   RO         5604    .text               c_w.l(rt_memcpy_v6.o)
    0x080005d0   0x080005d0   0x00000064   Code   RO         5606    .text               c_w.l(rt_memcpy_w.o)
    0x08000634   0x08000634   0x00000044   Code   RO         5608    .text               c_w.l(rt_memclr.o)
    0x08000678   0x08000678   0x0000004e   Code   RO         5610    .text               c_w.l(rt_memclr_w.o)
    0x080006c6   0x080006c6   0x00000006   Code   RO         5612    .text               c_w.l(heapauxi.o)
    0x080006cc   0x080006cc   0x00000010   Code   RO         5699    .text               c_w.l(rt_ctype_table.o)
    0x080006dc   0x080006dc   0x00000008   Code   RO         5704    .text               c_w.l(rt_errno_addr_intlibspace.o)
    0x080006e4   0x080006e4   0x00000016   Code   RO         5706    .text               c_w.l(_rserrno.o)
    0x080006fa   0x080006fa   0x000000b2   Code   RO         5708    .text               c_w.l(_printf_intcommon.o)
    0x080007ac   0x080007ac   0x0000041a   Code   RO         5710    .text               c_w.l(_printf_fp_dec.o)
    0x08000bc6   0x08000bc6   0x00000002   PAD
    0x08000bc8   0x08000bc8   0x00000030   Code   RO         5712    .text               c_w.l(_printf_char_common.o)
    0x08000bf8   0x08000bf8   0x0000000a   Code   RO         5714    .text               c_w.l(_sputc.o)
    0x08000c02   0x08000c02   0x00000010   Code   RO         5716    .text               c_w.l(_snputc.o)
    0x08000c12   0x08000c12   0x0000002c   Code   RO         5718    .text               c_w.l(_printf_char.o)
    0x08000c3e   0x08000c3e   0x00000002   PAD
    0x08000c40   0x08000c40   0x000000a0   Code   RO         5721    .text               c_w.l(strtod.o)
    0x08000ce0   0x08000ce0   0x00000070   Code   RO         5723    .text               c_w.l(strtol.o)
    0x08000d50   0x08000d50   0x00000008   Code   RO         5758    .text               c_w.l(libspace.o)
    0x08000d58   0x08000d58   0x00000008   Code   RO         5779    .text               c_w.l(rt_locale_intlibspace.o)
    0x08000d60   0x08000d60   0x0000008a   Code   RO         5781    .text               c_w.l(lludiv10.o)
    0x08000dea   0x08000dea   0x00000012   Code   RO         5783    .text               c_w.l(isspace.o)
    0x08000dfc   0x08000dfc   0x00000080   Code   RO         5785    .text               c_w.l(_printf_fp_infnan.o)
    0x08000e7c   0x08000e7c   0x00000040   Code   RO         5789    .text               c_w.l(_sgetc.o)
    0x08000ebc   0x08000ebc   0x0000009e   Code   RO         5791    .text               c_w.l(_strtoul.o)
    0x08000f5a   0x08000f5a   0x00000002   PAD
    0x08000f5c   0x08000f5c   0x000000dc   Code   RO         5793    .text               c_w.l(bigflt0.o)
    0x08001038   0x08001038   0x0000004a   Code   RO         5832    .text               c_w.l(sys_stackheap_outer.o)
    0x08001082   0x08001082   0x0000001c   Code   RO         5834    .text               c_w.l(_chval.o)
    0x0800109e   0x0800109e   0x00000002   PAD
    0x080010a0   0x080010a0   0x000004a4   Code   RO         5836    .text               c_w.l(scanf_fp.o)
    0x08001544   0x08001544   0x00000012   Code   RO         5838    .text               c_w.l(exit.o)
    0x08001556   0x08001556   0x00000002   PAD
    0x08001558   0x08001558   0x00000080   Code   RO         5840    .text               c_w.l(strcmpv7m.o)
    0x080015d8   0x080015d8   0x00000318   Code   RO         5923    .text               c_w.l(scanf_hexfp.o)
    0x080018f0   0x080018f0   0x00000134   Code   RO         5925    .text               c_w.l(scanf_infnan.o)
    0x08001a24   0x08001a24   0x0000000c   Code   RO         5941    .text               c_w.l(sys_exit.o)
    0x08001a30   0x08001a30   0x00000026   Code   RO         5945    .text               c_w.l(llshl.o)
    0x08001a56   0x08001a56   0x00000002   Code   RO         5966    .text               c_w.l(use_no_semi.o)
    0x08001a58   0x08001a58   0x00000000   Code   RO         5968    .text               c_w.l(indicate_semi.o)
    0x08001a58   0x08001a58   0x0000003e   Code   RO         5796    CL$$btod_d2e        c_w.l(btod.o)
    0x08001a96   0x08001a96   0x00000046   Code   RO         5798    CL$$btod_d2e_denorm_low  c_w.l(btod.o)
    0x08001adc   0x08001adc   0x00000060   Code   RO         5797    CL$$btod_d2e_norm_op1  c_w.l(btod.o)
    0x08001b3c   0x08001b3c   0x00000338   Code   RO         5806    CL$$btod_div_common  c_w.l(btod.o)
    0x08001e74   0x08001e74   0x00000054   Code   RO         5804    CL$$btod_e2d        c_w.l(btod.o)
    0x08001ec8   0x08001ec8   0x000000c6   Code   RO         5803    CL$$btod_e2e        c_w.l(btod.o)
    0x08001f8e   0x08001f8e   0x00000028   Code   RO         5800    CL$$btod_ediv       c_w.l(btod.o)
    0x08001fb6   0x08001fb6   0x00000028   Code   RO         5802    CL$$btod_edivd      c_w.l(btod.o)
    0x08001fde   0x08001fde   0x00000028   Code   RO         5799    CL$$btod_emul       c_w.l(btod.o)
    0x08002006   0x08002006   0x00000028   Code   RO         5801    CL$$btod_emuld      c_w.l(btod.o)
    0x0800202e   0x0800202e   0x00000244   Code   RO         5805    CL$$btod_mult_common  c_w.l(btod.o)
    0x08002272   0x08002272   0x00000002   PAD
    0x08002274   0x08002274   0x0000001c   Code   RO          560    i.ADC1_2_IRQHandler  stm32f1xx_it.o
    0x08002290   0x08002290   0x00000054   Code   RO         2544    i.ADC_ConversionStop_Disable  stm32f1xx_hal_adc.o
    0x080022e4   0x080022e4   0x00000078   Code   RO         2548    i.ADC_Enable        stm32f1xx_hal_adc.o
    0x0800235c   0x0800235c   0x0000000e   Code   RO         4877    i.AngleControl_SetTargetAngle  pid.o
    0x0800236a   0x0800236a   0x00000002   PAD
    0x0800236c   0x0800236c   0x0000002c   Code   RO         4878    i.AngleControl_SetZero  pid.o
    0x08002398   0x08002398   0x00000058   Code   RO         4879    i.AngleControl_Update  pid.o
    0x080023f0   0x080023f0   0x00000034   Code   RO         4880    i.Angle_Error       pid.o
    0x08002424   0x08002424   0x00000028   Code   RO         4881    i.Angle_Normalize   pid.o
    0x0800244c   0x0800244c   0x00000002   Code   RO          561    i.BusFault_Handler  stm32f1xx_it.o
    0x0800244e   0x0800244e   0x00000002   PAD
    0x08002450   0x08002450   0x00000044   Code   RO          366    i.CAN_Filter_Config  can.o
    0x08002494   0x08002494   0x00000054   Code   RO          367    i.CAN_Init          can.o
    0x080024e8   0x080024e8   0x0000001c   Code   RO          368    i.CAN_Transmit      can.o
    0x08002504   0x08002504   0x00000004   Code   RO          801    i.CDC_Control_FS    usbd_cdc_if.o
    0x08002508   0x08002508   0x00000004   Code   RO          802    i.CDC_DeInit_FS     usbd_cdc_if.o
    0x0800250c   0x0800250c   0x00000024   Code   RO          803    i.CDC_Init_FS       usbd_cdc_if.o
    0x08002530   0x08002530   0x00000044   Code   RO          804    i.CDC_Receive_FS    usbd_cdc_if.o
    0x08002574   0x08002574   0x0000002c   Code   RO          805    i.CDC_Transmit_FS   usbd_cdc_if.o
    0x080025a0   0x080025a0   0x00000030   Code   RO         4882    i.Calculate_Speed   pid.o
    0x080025d0   0x080025d0   0x00000002   Code   RO          562    i.DebugMon_Handler  stm32f1xx_it.o
    0x080025d2   0x080025d2   0x00000002   PAD
    0x080025d4   0x080025d4   0x000000dc   Code   RO         5175    i.EncoderAccumulator_Init  position_foc.o
    0x080026b0   0x080026b0   0x0000009c   Code   RO         5176    i.EncoderAccumulator_Update  position_foc.o
    0x0800274c   0x0800274c   0x0000002c   Code   RO         4883    i.Encoder_GetDiff   pid.o
    0x08002778   0x08002778   0x0000001c   Code   RO         4884    i.Encoder_Update    pid.o
    0x08002794   0x08002794   0x00000004   Code   RO           13    i.Error_Handler     main.o
    0x08002798   0x08002798   0x00000024   Code   RO         2387    i.FLASH_MassErase   stm32f1xx_hal_flash_ex.o
    0x080027bc   0x080027bc   0x00000024   Code   RO         2392    i.FLASH_PageErase   stm32f1xx_hal_flash_ex.o
    0x080027e0   0x080027e0   0x0000001c   Code   RO         2284    i.FLASH_Program_HalfWord  stm32f1xx_hal_flash.o
    0x080027fc   0x080027fc   0x0000005c   Code   RO         2285    i.FLASH_SetErrorCode  stm32f1xx_hal_flash.o
    0x08002858   0x08002858   0x00000054   Code   RO         2286    i.FLASH_WaitForLastOperation  stm32f1xx_hal_flash.o
    0x080028ac   0x080028ac   0x0000004c   Code   RO         5037    i.FOC_Init          b_motor_foc.o
    0x080028f8   0x080028f8   0x00000014   Code   RO         5503    i.Flash_HAL_Read_N_32Data  myflash.o
    0x0800290c   0x0800290c   0x00000016   Code   RO         5505    i.Flash_HAL_Read_N_Data  myflash.o
    0x08002922   0x08002922   0x00000002   PAD
    0x08002924   0x08002924   0x00000068   Code   RO         5506    i.Flash_HAL_Write_Data  myflash.o
    0x0800298c   0x0800298c   0x00000070   Code   RO         5507    i.Flash_HAL_Write_N_Data  myflash.o
    0x080029fc   0x080029fc   0x00000010   Code   RO         5508    i.Flash_Read_Angle  myflash.o
    0x08002a0c   0x08002a0c   0x000000d8   Code   RO         2724    i.HAL_ADCEx_Calibration_Start  stm32f1xx_hal_adc_ex.o
    0x08002ae4   0x08002ae4   0x000001dc   Code   RO         2725    i.HAL_ADCEx_InjectedConfigChannel  stm32f1xx_hal_adc_ex.o
    0x08002cc0   0x08002cc0   0x000000d8   Code   RO           14    i.HAL_ADCEx_InjectedConvCpltCallback  main.o
    0x08002d98   0x08002d98   0x0000001e   Code   RO         2727    i.HAL_ADCEx_InjectedGetValue  stm32f1xx_hal_adc_ex.o
    0x08002db6   0x08002db6   0x00000002   PAD
    0x08002db8   0x08002db8   0x000000b4   Code   RO         2730    i.HAL_ADCEx_InjectedStart_IT  stm32f1xx_hal_adc_ex.o
    0x08002e6c   0x08002e6c   0x000000fc   Code   RO         2550    i.HAL_ADC_ConfigChannel  stm32f1xx_hal_adc.o
    0x08002f68   0x08002f68   0x00000002   Code   RO         2551    i.HAL_ADC_ConvCpltCallback  stm32f1xx_hal_adc.o
    0x08002f6a   0x08002f6a   0x00000006   Code   RO         2557    i.HAL_ADC_GetValue  stm32f1xx_hal_adc.o
    0x08002f70   0x08002f70   0x000000dc   Code   RO         2558    i.HAL_ADC_IRQHandler  stm32f1xx_hal_adc.o
    0x0800304c   0x0800304c   0x0000011c   Code   RO         2559    i.HAL_ADC_Init      stm32f1xx_hal_adc.o
    0x08003168   0x08003168   0x00000002   Code   RO         2560    i.HAL_ADC_LevelOutOfWindowCallback  stm32f1xx_hal_adc.o
    0x0800316a   0x0800316a   0x00000002   PAD
    0x0800316c   0x0800316c   0x000000a0   Code   RO          319    i.HAL_ADC_MspInit   adc.o
    0x0800320c   0x0800320c   0x0000013c   Code   RO         2563    i.HAL_ADC_PollForConversion  stm32f1xx_hal_adc.o
    0x08003348   0x08003348   0x000000c0   Code   RO         2565    i.HAL_ADC_Start     stm32f1xx_hal_adc.o
    0x08003408   0x08003408   0x00000034   Code   RO         2568    i.HAL_ADC_Stop      stm32f1xx_hal_adc.o
    0x0800343c   0x0800343c   0x00000024   Code   RO         2821    i.HAL_CAN_ActivateNotification  stm32f1xx_hal_can.o
    0x08003460   0x08003460   0x000000bc   Code   RO         2822    i.HAL_CAN_AddTxMessage  stm32f1xx_hal_can.o
    0x0800351c   0x0800351c   0x000000ec   Code   RO         2823    i.HAL_CAN_ConfigFilter  stm32f1xx_hal_can.o
    0x08003608   0x08003608   0x00000002   Code   RO         2826    i.HAL_CAN_ErrorCallback  stm32f1xx_hal_can.o
    0x0800360a   0x0800360a   0x000000f4   Code   RO         2829    i.HAL_CAN_GetRxMessage  stm32f1xx_hal_can.o
    0x080036fe   0x080036fe   0x000001fc   Code   RO         2833    i.HAL_CAN_IRQHandler  stm32f1xx_hal_can.o
    0x080038fa   0x080038fa   0x0000011a   Code   RO         2834    i.HAL_CAN_Init      stm32f1xx_hal_can.o
    0x08003a14   0x08003a14   0x0000002c   Code   RO          369    i.HAL_CAN_MspDeInit  can.o
    0x08003a40   0x08003a40   0x00000094   Code   RO          370    i.HAL_CAN_MspInit   can.o
    0x08003ad4   0x08003ad4   0x00000002   Code   RO         2841    i.HAL_CAN_RxFifo0FullCallback  stm32f1xx_hal_can.o
    0x08003ad6   0x08003ad6   0x00000002   PAD
    0x08003ad8   0x08003ad8   0x00000040   Code   RO          371    i.HAL_CAN_RxFifo0MsgPendingCallback  can.o
    0x08003b18   0x08003b18   0x00000002   Code   RO         2843    i.HAL_CAN_RxFifo1FullCallback  stm32f1xx_hal_can.o
    0x08003b1a   0x08003b1a   0x00000002   Code   RO         2844    i.HAL_CAN_RxFifo1MsgPendingCallback  stm32f1xx_hal_can.o
    0x08003b1c   0x08003b1c   0x00000002   Code   RO         2845    i.HAL_CAN_SleepCallback  stm32f1xx_hal_can.o
    0x08003b1e   0x08003b1e   0x00000056   Code   RO         2846    i.HAL_CAN_Start     stm32f1xx_hal_can.o
    0x08003b74   0x08003b74   0x00000002   Code   RO         2848    i.HAL_CAN_TxMailbox0AbortCallback  stm32f1xx_hal_can.o
    0x08003b76   0x08003b76   0x00000002   Code   RO         2849    i.HAL_CAN_TxMailbox0CompleteCallback  stm32f1xx_hal_can.o
    0x08003b78   0x08003b78   0x00000002   Code   RO         2850    i.HAL_CAN_TxMailbox1AbortCallback  stm32f1xx_hal_can.o
    0x08003b7a   0x08003b7a   0x00000002   Code   RO         2851    i.HAL_CAN_TxMailbox1CompleteCallback  stm32f1xx_hal_can.o
    0x08003b7c   0x08003b7c   0x00000002   Code   RO         2852    i.HAL_CAN_TxMailbox2AbortCallback  stm32f1xx_hal_can.o
    0x08003b7e   0x08003b7e   0x00000002   Code   RO         2853    i.HAL_CAN_TxMailbox2CompleteCallback  stm32f1xx_hal_can.o
    0x08003b80   0x08003b80   0x00000002   Code   RO         2855    i.HAL_CAN_WakeUpFromRxMsgCallback  stm32f1xx_hal_can.o
    0x08003b82   0x08003b82   0x00000002   PAD
    0x08003b84   0x08003b84   0x00000024   Code   RO         1574    i.HAL_Delay         stm32f1xx_hal.o
    0x08003ba8   0x08003ba8   0x000000a8   Code   RO         2393    i.HAL_FLASHEx_Erase  stm32f1xx_hal_flash_ex.o
    0x08003c50   0x08003c50   0x00000014   Code   RO         2290    i.HAL_FLASH_Lock    stm32f1xx_hal_flash.o
    0x08003c64   0x08003c64   0x00000084   Code   RO         2295    i.HAL_FLASH_Program  stm32f1xx_hal_flash.o
    0x08003ce8   0x08003ce8   0x00000028   Code   RO         2297    i.HAL_FLASH_Unlock  stm32f1xx_hal_flash.o
    0x08003d10   0x08003d10   0x000000e0   Code   RO         1881    i.HAL_GPIO_DeInit   stm32f1xx_hal_gpio.o
    0x08003df0   0x08003df0   0x000001cc   Code   RO         1884    i.HAL_GPIO_Init     stm32f1xx_hal_gpio.o
    0x08003fbc   0x08003fbc   0x0000000a   Code   RO         1886    i.HAL_GPIO_ReadPin  stm32f1xx_hal_gpio.o
    0x08003fc6   0x08003fc6   0x0000000a   Code   RO         1888    i.HAL_GPIO_WritePin  stm32f1xx_hal_gpio.o
    0x08003fd0   0x08003fd0   0x0000000c   Code   RO         1578    i.HAL_GetTick       stm32f1xx_hal.o
    0x08003fdc   0x08003fdc   0x0000005c   Code   RO         3054    i.HAL_IWDG_Init     stm32f1xx_hal_iwdg.o
    0x08004038   0x08004038   0x0000000c   Code   RO         3055    i.HAL_IWDG_Refresh  stm32f1xx_hal_iwdg.o
    0x08004044   0x08004044   0x00000010   Code   RO         1584    i.HAL_IncTick       stm32f1xx_hal.o
    0x08004054   0x08004054   0x00000024   Code   RO         1585    i.HAL_Init          stm32f1xx_hal.o
    0x08004078   0x08004078   0x00000040   Code   RO         1586    i.HAL_InitTick      stm32f1xx_hal.o
    0x080040b8   0x080040b8   0x0000003c   Code   RO          660    i.HAL_MspInit       stm32f1xx_hal_msp.o
    0x080040f4   0x080040f4   0x0000001a   Code   RO         2044    i.HAL_NVIC_EnableIRQ  stm32f1xx_hal_cortex.o
    0x0800410e   0x0800410e   0x00000002   PAD
    0x08004110   0x08004110   0x00000040   Code   RO         2050    i.HAL_NVIC_SetPriority  stm32f1xx_hal_cortex.o
    0x08004150   0x08004150   0x00000024   Code   RO         2051    i.HAL_NVIC_SetPriorityGrouping  stm32f1xx_hal_cortex.o
    0x08004174   0x08004174   0x00000024   Code   RO         2052    i.HAL_NVIC_SystemReset  stm32f1xx_hal_cortex.o
    0x08004198   0x08004198   0x0000003c   Code   RO         1341    i.HAL_PCDEx_PMAConfig  stm32f1xx_hal_pcd_ex.o
    0x080041d4   0x080041d4   0x00000002   Code   RO          854    i.HAL_PCDEx_SetConnectionState  usbd_conf.o
    0x080041d6   0x080041d6   0x00000012   Code   RO          856    i.HAL_PCD_DataInStageCallback  usbd_conf.o
    0x080041e8   0x080041e8   0x00000014   Code   RO          857    i.HAL_PCD_DataOutStageCallback  usbd_conf.o
    0x080041fc   0x080041fc   0x00000026   Code   RO         1107    i.HAL_PCD_DeInit    stm32f1xx_hal_pcd.o
    0x08004222   0x08004222   0x0000004a   Code   RO         1112    i.HAL_PCD_EP_Close  stm32f1xx_hal_pcd.o
    0x0800426c   0x0800426c   0x0000005a   Code   RO         1113    i.HAL_PCD_EP_ClrStall  stm32f1xx_hal_pcd.o
    0x080042c6   0x080042c6   0x000000e4   Code   RO         1114    i.HAL_PCD_EP_DB_Receive  stm32f1xx_hal_pcd.o
    0x080043aa   0x080043aa   0x00000342   Code   RO         1115    i.HAL_PCD_EP_DB_Transmit  stm32f1xx_hal_pcd.o
    0x080046ec   0x080046ec   0x00000012   Code   RO         1117    i.HAL_PCD_EP_GetRxCount  stm32f1xx_hal_pcd.o
    0x080046fe   0x080046fe   0x00000058   Code   RO         1118    i.HAL_PCD_EP_Open   stm32f1xx_hal_pcd.o
    0x08004756   0x08004756   0x0000002e   Code   RO         1119    i.HAL_PCD_EP_Receive  stm32f1xx_hal_pcd.o
    0x08004784   0x08004784   0x00000070   Code   RO         1120    i.HAL_PCD_EP_SetStall  stm32f1xx_hal_pcd.o
    0x080047f4   0x080047f4   0x0000002e   Code   RO         1121    i.HAL_PCD_EP_Transmit  stm32f1xx_hal_pcd.o
    0x08004822   0x08004822   0x00000132   Code   RO         1123    i.HAL_PCD_IRQHandler  stm32f1xx_hal_pcd.o
    0x08004954   0x08004954   0x000000b8   Code   RO         1126    i.HAL_PCD_Init      stm32f1xx_hal_pcd.o
    0x08004a0c   0x08004a0c   0x0000001c   Code   RO          861    i.HAL_PCD_MspDeInit  usbd_conf.o
    0x08004a28   0x08004a28   0x0000003c   Code   RO          862    i.HAL_PCD_MspInit   usbd_conf.o
    0x08004a64   0x08004a64   0x00000026   Code   RO          863    i.HAL_PCD_ResetCallback  usbd_conf.o
    0x08004a8a   0x08004a8a   0x00000008   Code   RO          864    i.HAL_PCD_ResumeCallback  usbd_conf.o
    0x08004a92   0x08004a92   0x00000008   Code   RO          865    i.HAL_PCD_SOFCallback  usbd_conf.o
    0x08004a9a   0x08004a9a   0x00000026   Code   RO         1132    i.HAL_PCD_SetAddress  stm32f1xx_hal_pcd.o
    0x08004ac0   0x08004ac0   0x0000000e   Code   RO          866    i.HAL_PCD_SetupStageCallback  usbd_conf.o
    0x08004ace   0x08004ace   0x00000032   Code   RO         1134    i.HAL_PCD_Start     stm32f1xx_hal_pcd.o
    0x08004b00   0x08004b00   0x00000024   Code   RO          867    i.HAL_PCD_SuspendCallback  usbd_conf.o
    0x08004b24   0x08004b24   0x000000a4   Code   RO         1845    i.HAL_RCCEx_GetPeriphCLKFreq  stm32f1xx_hal_rcc_ex.o
    0x08004bc8   0x08004bc8   0x000000e8   Code   RO         1846    i.HAL_RCCEx_PeriphCLKConfig  stm32f1xx_hal_rcc_ex.o
    0x08004cb0   0x08004cb0   0x00000138   Code   RO         1742    i.HAL_RCC_ClockConfig  stm32f1xx_hal_rcc.o
    0x08004de8   0x08004de8   0x00000020   Code   RO         1750    i.HAL_RCC_GetPCLK2Freq  stm32f1xx_hal_rcc.o
    0x08004e08   0x08004e08   0x0000004c   Code   RO         1751    i.HAL_RCC_GetSysClockFreq  stm32f1xx_hal_rcc.o
    0x08004e54   0x08004e54   0x00000318   Code   RO         1754    i.HAL_RCC_OscConfig  stm32f1xx_hal_rcc.o
    0x0800516c   0x0800516c   0x000000b2   Code   RO         3095    i.HAL_SPI_Init      stm32f1xx_hal_spi.o
    0x0800521e   0x0800521e   0x00000002   PAD
    0x08005220   0x08005220   0x00000070   Code   RO          465    i.HAL_SPI_MspInit   spi.o
    0x08005290   0x08005290   0x000001e6   Code   RO         3104    i.HAL_SPI_TransmitReceive  stm32f1xx_hal_spi.o
    0x08005476   0x08005476   0x00000028   Code   RO         2055    i.HAL_SYSTICK_Config  stm32f1xx_hal_cortex.o
    0x0800549e   0x0800549e   0x00000002   Code   RO         4112    i.HAL_TIMEx_BreakCallback  stm32f1xx_hal_tim_ex.o
    0x080054a0   0x080054a0   0x00000002   Code   RO         4113    i.HAL_TIMEx_CommutCallback  stm32f1xx_hal_tim_ex.o
    0x080054a2   0x080054a2   0x00000002   PAD
    0x080054a4   0x080054a4   0x00000068   Code   RO         4131    i.HAL_TIMEx_MasterConfigSynchronization  stm32f1xx_hal_tim_ex.o
    0x0800550c   0x0800550c   0x0000005a   Code   RO         3408    i.HAL_TIM_Base_Init  stm32f1xx_hal_tim.o
    0x08005566   0x08005566   0x00000002   PAD
    0x08005568   0x08005568   0x00000060   Code   RO          507    i.HAL_TIM_Base_MspInit  tim.o
    0x080055c8   0x080055c8   0x00000058   Code   RO         3413    i.HAL_TIM_Base_Start_IT  stm32f1xx_hal_tim.o
    0x08005620   0x08005620   0x000000dc   Code   RO         3417    i.HAL_TIM_ConfigClockSource  stm32f1xx_hal_tim.o
    0x080056fc   0x080056fc   0x00000002   Code   RO         3442    i.HAL_TIM_IC_CaptureCallback  stm32f1xx_hal_tim.o
    0x080056fe   0x080056fe   0x00000130   Code   RO         3456    i.HAL_TIM_IRQHandler  stm32f1xx_hal_tim.o
    0x0800582e   0x0800582e   0x00000002   PAD
    0x08005830   0x08005830   0x00000084   Code   RO          508    i.HAL_TIM_MspPostInit  tim.o
    0x080058b4   0x080058b4   0x00000002   Code   RO         3459    i.HAL_TIM_OC_DelayElapsedCallback  stm32f1xx_hal_tim.o
    0x080058b6   0x080058b6   0x000000cc   Code   RO         3480    i.HAL_TIM_PWM_ConfigChannel  stm32f1xx_hal_tim.o
    0x08005982   0x08005982   0x0000005a   Code   RO         3483    i.HAL_TIM_PWM_Init  stm32f1xx_hal_tim.o
    0x080059dc   0x080059dc   0x00000002   Code   RO         3485    i.HAL_TIM_PWM_MspInit  stm32f1xx_hal_tim.o
    0x080059de   0x080059de   0x00000002   Code   RO         3486    i.HAL_TIM_PWM_PulseFinishedCallback  stm32f1xx_hal_tim.o
    0x080059e0   0x080059e0   0x000000a0   Code   RO         3488    i.HAL_TIM_PWM_Start  stm32f1xx_hal_tim.o
    0x08005a80   0x08005a80   0x000004a0   Code   RO           15    i.HAL_TIM_PeriodElapsedCallback  main.o
    0x08005f20   0x08005f20   0x00000002   Code   RO         3499    i.HAL_TIM_TriggerCallback  stm32f1xx_hal_tim.o
    0x08005f22   0x08005f22   0x00000002   PAD
    0x08005f24   0x08005f24   0x0000000c   Code   RO         4973    i.HN1_set           mos_set.o
    0x08005f30   0x08005f30   0x0000000c   Code   RO         4974    i.HN2_set           mos_set.o
    0x08005f3c   0x08005f3c   0x0000000c   Code   RO         4975    i.HN3_set           mos_set.o
    0x08005f48   0x08005f48   0x0000000c   Code   RO         4976    i.HN4_set           mos_set.o
    0x08005f54   0x08005f54   0x00000002   Code   RO          563    i.HardFault_Handler  stm32f1xx_it.o
    0x08005f56   0x08005f56   0x00000036   Code   RO          715    i.IntToUnicode      usbd_desc.o
    0x08005f8c   0x08005f8c   0x0000009c   Code   RO          320    i.MX_ADC1_Init      adc.o
    0x08006028   0x08006028   0x0000004c   Code   RO          321    i.MX_ADC2_Init      adc.o
    0x08006074   0x08006074   0x00000048   Code   RO          372    i.MX_CAN_Init       can.o
    0x080060bc   0x080060bc   0x000000b8   Code   RO          294    i.MX_GPIO_Init      gpio.o
    0x08006174   0x08006174   0x0000002c   Code   RO          434    i.MX_IWDG_Init      iwdg.o
    0x080061a0   0x080061a0   0x0000004c   Code   RO          466    i.MX_SPI1_Init      spi.o
    0x080061ec   0x080061ec   0x000000cc   Code   RO          509    i.MX_TIM2_Init      tim.o
    0x080062b8   0x080062b8   0x00000068   Code   RO          510    i.MX_TIM3_Init      tim.o
    0x08006320   0x08006320   0x00000080   Code   RO          684    i.MX_USB_DEVICE_Init  usb_device.o
    0x080063a0   0x080063a0   0x00000002   Code   RO          564    i.MemManage_Handler  stm32f1xx_it.o
    0x080063a2   0x080063a2   0x00000002   Code   RO          565    i.NMI_Handler       stm32f1xx_it.o
    0x080063a4   0x080063a4   0x000003a8   Code   RO         1138    i.PCD_EP_ISR_Handler  stm32f1xx_hal_pcd.o
    0x0800674c   0x0800674c   0x00000030   Code   RO         4885    i.PID_Controller_Init  pid.o
    0x0800677c   0x0800677c   0x00000074   Code   RO         4886    i.PID_Controller_Update  pid.o
    0x080067f0   0x080067f0   0x00000002   Code   RO          566    i.PendSV_Handler    stm32f1xx_it.o
    0x080067f2   0x080067f2   0x00000002   PAD
    0x080067f4   0x080067f4   0x00000040   Code   RO         5177    i.PositionControl_CheckLimit  position_foc.o
    0x08006834   0x08006834   0x0000000c   Code   RO         5178    i.PositionControl_GetCurrentPosition  position_foc.o
    0x08006840   0x08006840   0x00000158   Code   RO         5179    i.PositionControl_HoldPosition  position_foc.o
    0x08006998   0x08006998   0x000000a8   Code   RO         5180    i.PositionControl_Init  position_foc.o
    0x08006a40   0x08006a40   0x00000040   Code   RO         5181    i.PositionControl_Reset  position_foc.o
    0x08006a80   0x08006a80   0x0000005c   Code   RO         5183    i.PositionControl_SetZero  position_foc.o
    0x08006adc   0x08006adc   0x000000ec   Code   RO         5184    i.PositionControl_StartAbsolute  position_foc.o
    0x08006bc8   0x08006bc8   0x000000f4   Code   RO         5185    i.PositionControl_StartRelative  position_foc.o
    0x08006cbc   0x08006cbc   0x0000005c   Code   RO         5186    i.PositionControl_Stop  position_foc.o
    0x08006d18   0x08006d18   0x000002fc   Code   RO         5187    i.PositionControl_Update  position_foc.o
    0x08007014   0x08007014   0x0000002c   Code   RO         4786    i.REIN_MT6816_GetAngleData  mt6816.o
    0x08007040   0x08007040   0x000001a8   Code   RO         4787    i.REIN_mt6816_spi_data_Signal_Init  mt6816.o
    0x080071e8   0x080071e8   0x000000d8   Code   RO         4788    i.RINE_mt6816_spi_data_Get_AngleData  mt6816.o
    0x080072c0   0x080072c0   0x00000034   Code   RO         3133    i.SPI_EndRxTxTransaction  stm32f1xx_hal_spi.o
    0x080072f4   0x080072f4   0x000000b8   Code   RO         3138    i.SPI_WaitFlagStateUntilTimeout  stm32f1xx_hal_spi.o
    0x080073ac   0x080073ac   0x00000002   Code   RO          567    i.SVC_Handler       stm32f1xx_it.o
    0x080073ae   0x080073ae   0x00000002   PAD
    0x080073b0   0x080073b0   0x00000104   Code   RO         5038    i.Sector_tracker    b_motor_foc.o
    0x080074b4   0x080074b4   0x00000016   Code   RO         4789    i.SysTick_Delay_us  mt6816.o
    0x080074ca   0x080074ca   0x00000004   Code   RO          568    i.SysTick_Handler   stm32f1xx_it.o
    0x080074ce   0x080074ce   0x00000084   Code   RO           16    i.SystemClock_Config  main.o
    0x08007552   0x08007552   0x00000002   Code   RO         4380    i.SystemInit        system_stm32f1xx.o
    0x08007554   0x08007554   0x0000000c   Code   RO          569    i.TIM2_IRQHandler   stm32f1xx_it.o
    0x08007560   0x08007560   0x0000000c   Code   RO          570    i.TIM3_IRQHandler   stm32f1xx_it.o
    0x0800756c   0x0800756c   0x00000078   Code   RO         3501    i.TIM_Base_SetConfig  stm32f1xx_hal_tim.o
    0x080075e4   0x080075e4   0x0000001a   Code   RO         3502    i.TIM_CCxChannelCmd  stm32f1xx_hal_tim.o
    0x080075fe   0x080075fe   0x00000014   Code   RO         3512    i.TIM_ETR_SetConfig  stm32f1xx_hal_tim.o
    0x08007612   0x08007612   0x00000010   Code   RO         3513    i.TIM_ITRx_SetConfig  stm32f1xx_hal_tim.o
    0x08007622   0x08007622   0x00000002   PAD
    0x08007624   0x08007624   0x00000058   Code   RO         3514    i.TIM_OC1_SetConfig  stm32f1xx_hal_tim.o
    0x0800767c   0x0800767c   0x0000005c   Code   RO         3515    i.TIM_OC2_SetConfig  stm32f1xx_hal_tim.o
    0x080076d8   0x080076d8   0x00000058   Code   RO         3516    i.TIM_OC3_SetConfig  stm32f1xx_hal_tim.o
    0x08007730   0x08007730   0x00000044   Code   RO         3517    i.TIM_OC4_SetConfig  stm32f1xx_hal_tim.o
    0x08007774   0x08007774   0x00000022   Code   RO         3519    i.TIM_TI1_ConfigInputStage  stm32f1xx_hal_tim.o
    0x08007796   0x08007796   0x00000024   Code   RO         3521    i.TIM_TI2_ConfigInputStage  stm32f1xx_hal_tim.o
    0x080077ba   0x080077ba   0x00000046   Code   RO         4680    i.USBD_CDC_DataIn   usbd_cdc.o
    0x08007800   0x08007800   0x0000002e   Code   RO         4681    i.USBD_CDC_DataOut  usbd_cdc.o
    0x0800782e   0x0800782e   0x00000044   Code   RO         4682    i.USBD_CDC_DeInit   usbd_cdc.o
    0x08007872   0x08007872   0x00000024   Code   RO         4683    i.USBD_CDC_EP0_RxReady  usbd_cdc.o
    0x08007896   0x08007896   0x00000002   PAD
    0x08007898   0x08007898   0x0000000c   Code   RO         4684    i.USBD_CDC_GetDeviceQualifierDescriptor  usbd_cdc.o
    0x080078a4   0x080078a4   0x0000000c   Code   RO         4685    i.USBD_CDC_GetFSCfgDesc  usbd_cdc.o
    0x080078b0   0x080078b0   0x0000000c   Code   RO         4686    i.USBD_CDC_GetHSCfgDesc  usbd_cdc.o
    0x080078bc   0x080078bc   0x0000000c   Code   RO         4687    i.USBD_CDC_GetOtherSpeedCfgDesc  usbd_cdc.o
    0x080078c8   0x080078c8   0x00000094   Code   RO         4688    i.USBD_CDC_Init     usbd_cdc.o
    0x0800795c   0x0800795c   0x00000028   Code   RO         4689    i.USBD_CDC_ReceivePacket  usbd_cdc.o
    0x08007984   0x08007984   0x00000010   Code   RO         4690    i.USBD_CDC_RegisterInterface  usbd_cdc.o
    0x08007994   0x08007994   0x0000000c   Code   RO         4691    i.USBD_CDC_SetRxBuffer  usbd_cdc.o
    0x080079a0   0x080079a0   0x00000010   Code   RO         4692    i.USBD_CDC_SetTxBuffer  usbd_cdc.o
    0x080079b0   0x080079b0   0x000000ac   Code   RO         4693    i.USBD_CDC_Setup    usbd_cdc.o
    0x08007a5c   0x08007a5c   0x00000036   Code   RO         4694    i.USBD_CDC_TransmitPacket  usbd_cdc.o
    0x08007a92   0x08007a92   0x0000000e   Code   RO         4417    i.USBD_ClrClassConfig  usbd_core.o
    0x08007aa0   0x08007aa0   0x00000010   Code   RO         4620    i.USBD_CtlContinueRx  usbd_ioreq.o
    0x08007ab0   0x08007ab0   0x00000010   Code   RO         4621    i.USBD_CtlContinueSendData  usbd_ioreq.o
    0x08007ac0   0x08007ac0   0x00000016   Code   RO         4555    i.USBD_CtlError     usbd_ctlreq.o
    0x08007ad6   0x08007ad6   0x0000001e   Code   RO         4622    i.USBD_CtlPrepareRx  usbd_ioreq.o
    0x08007af4   0x08007af4   0x00000016   Code   RO         4623    i.USBD_CtlReceiveStatus  usbd_ioreq.o
    0x08007b0a   0x08007b0a   0x0000001a   Code   RO         4624    i.USBD_CtlSendData  usbd_ioreq.o
    0x08007b24   0x08007b24   0x00000016   Code   RO         4625    i.USBD_CtlSendStatus  usbd_ioreq.o
    0x08007b3a   0x08007b3a   0x00000002   PAD
    0x08007b3c   0x08007b3c   0x00000020   Code   RO          716    i.USBD_FS_ConfigStrDescriptor  usbd_desc.o
    0x08007b5c   0x08007b5c   0x0000000c   Code   RO          717    i.USBD_FS_DeviceDescriptor  usbd_desc.o
    0x08007b68   0x08007b68   0x00000024   Code   RO          718    i.USBD_FS_InterfaceStrDescriptor  usbd_desc.o
    0x08007b8c   0x08007b8c   0x0000000c   Code   RO          719    i.USBD_FS_LangIDStrDescriptor  usbd_desc.o
    0x08007b98   0x08007b98   0x00000018   Code   RO          720    i.USBD_FS_ManufacturerStrDescriptor  usbd_desc.o
    0x08007bb0   0x08007bb0   0x00000020   Code   RO          721    i.USBD_FS_ProductStrDescriptor  usbd_desc.o
    0x08007bd0   0x08007bd0   0x00000038   Code   RO          722    i.USBD_FS_SerialStrDescriptor  usbd_desc.o
    0x08007c08   0x08007c08   0x000000e8   Code   RO         4556    i.USBD_GetDescriptor  usbd_ctlreq.o
    0x08007cf0   0x08007cf0   0x00000048   Code   RO         4557    i.USBD_GetString    usbd_ctlreq.o
    0x08007d38   0x08007d38   0x00000018   Code   RO          868    i.USBD_Get_USB_Status  usbd_conf.o
    0x08007d50   0x08007d50   0x0000002a   Code   RO         4419    i.USBD_Init         usbd_core.o
    0x08007d7a   0x08007d7a   0x00000012   Code   RO          869    i.USBD_LL_ClearStallEP  usbd_conf.o
    0x08007d8c   0x08007d8c   0x00000012   Code   RO          870    i.USBD_LL_CloseEP   usbd_conf.o
    0x08007d9e   0x08007d9e   0x000000c6   Code   RO         4420    i.USBD_LL_DataInStage  usbd_core.o
    0x08007e64   0x08007e64   0x00000082   Code   RO         4421    i.USBD_LL_DataOutStage  usbd_core.o
    0x08007ee6   0x08007ee6   0x00000008   Code   RO          874    i.USBD_LL_GetRxDataSize  usbd_conf.o
    0x08007eee   0x08007eee   0x00000002   PAD
    0x08007ef0   0x08007ef0   0x00000080   Code   RO          875    i.USBD_LL_Init      usbd_conf.o
    0x08007f70   0x08007f70   0x0000001e   Code   RO          876    i.USBD_LL_IsStallEP  usbd_conf.o
    0x08007f8e   0x08007f8e   0x00000018   Code   RO          877    i.USBD_LL_OpenEP    usbd_conf.o
    0x08007fa6   0x08007fa6   0x00000012   Code   RO          878    i.USBD_LL_PrepareReceive  usbd_conf.o
    0x08007fb8   0x08007fb8   0x00000050   Code   RO         4426    i.USBD_LL_Reset     usbd_core.o
    0x08008008   0x08008008   0x00000014   Code   RO         4427    i.USBD_LL_Resume    usbd_core.o
    0x0800801c   0x0800801c   0x00000018   Code   RO         4428    i.USBD_LL_SOF       usbd_core.o
    0x08008034   0x08008034   0x00000006   Code   RO         4429    i.USBD_LL_SetSpeed  usbd_core.o
    0x0800803a   0x0800803a   0x00000012   Code   RO          879    i.USBD_LL_SetUSBAddress  usbd_conf.o
    0x0800804c   0x0800804c   0x0000005a   Code   RO         4430    i.USBD_LL_SetupStage  usbd_core.o
    0x080080a6   0x080080a6   0x00000012   Code   RO          880    i.USBD_LL_StallEP   usbd_conf.o
    0x080080b8   0x080080b8   0x00000012   Code   RO          881    i.USBD_LL_Start     usbd_conf.o
    0x080080ca   0x080080ca   0x00000012   Code   RO         4431    i.USBD_LL_Suspend   usbd_core.o
    0x080080dc   0x080080dc   0x00000012   Code   RO          883    i.USBD_LL_Transmit  usbd_conf.o
    0x080080ee   0x080080ee   0x00000028   Code   RO         4558    i.USBD_ParseSetupRequest  usbd_ctlreq.o
    0x08008116   0x08008116   0x00000010   Code   RO         4432    i.USBD_RegisterClass  usbd_core.o
    0x08008126   0x08008126   0x00000016   Code   RO         4434    i.USBD_SetClassConfig  usbd_core.o
    0x0800813c   0x0800813c   0x00000084   Code   RO         4559    i.USBD_SetConfig    usbd_ctlreq.o
    0x080081c0   0x080081c0   0x0000000a   Code   RO         4435    i.USBD_Start        usbd_core.o
    0x080081ca   0x080081ca   0x00000112   Code   RO         4560    i.USBD_StdDevReq    usbd_ctlreq.o
    0x080082dc   0x080082dc   0x00000150   Code   RO         4561    i.USBD_StdEPReq     usbd_ctlreq.o
    0x0800842c   0x0800842c   0x0000004e   Code   RO         4562    i.USBD_StdItfReq    usbd_ctlreq.o
    0x0800847a   0x0800847a   0x00000002   Code   RO          884    i.USBD_static_free  usbd_conf.o
    0x0800847c   0x0800847c   0x00000008   Code   RO          885    i.USBD_static_malloc  usbd_conf.o
    0x08008484   0x08008484   0x0000027e   Code   RO         1381    i.USB_ActivateEndpoint  stm32f1xx_ll_usb.o
    0x08008702   0x08008702   0x00000004   Code   RO         1384    i.USB_CoreInit      stm32f1xx_ll_usb.o
    0x08008706   0x08008706   0x00000110   Code   RO         1386    i.USB_DeactivateEndpoint  stm32f1xx_ll_usb.o
    0x08008816   0x08008816   0x00000004   Code   RO         1387    i.USB_DevConnect    stm32f1xx_ll_usb.o
    0x0800881a   0x0800881a   0x00000004   Code   RO         1388    i.USB_DevDisconnect  stm32f1xx_ll_usb.o
    0x0800881e   0x0800881e   0x00000012   Code   RO         1389    i.USB_DevInit       stm32f1xx_ll_usb.o
    0x08008830   0x08008830   0x0000000e   Code   RO         1390    i.USB_DisableGlobalInt  stm32f1xx_ll_usb.o
    0x0800883e   0x0800883e   0x00000004   Code   RO         1391    i.USB_EP0_OutStart  stm32f1xx_ll_usb.o
    0x08008842   0x08008842   0x00000074   Code   RO         1392    i.USB_EPClearStall  stm32f1xx_ll_usb.o
    0x080088b6   0x080088b6   0x00000032   Code   RO         1393    i.USB_EPSetStall    stm32f1xx_ll_usb.o
    0x080088e8   0x080088e8   0x000004e0   Code   RO         1394    i.USB_EPStartXfer   stm32f1xx_ll_usb.o
    0x08008dc8   0x08008dc8   0x00000012   Code   RO         1396    i.USB_EnableGlobalInt  stm32f1xx_ll_usb.o
    0x08008dda   0x08008dda   0x00000002   PAD
    0x08008ddc   0x08008ddc   0x0000001c   Code   RO          571    i.USB_LP_CAN1_RX0_IRQHandler  stm32f1xx_it.o
    0x08008df8   0x08008df8   0x00000006   Code   RO         1403    i.USB_ReadInterrupts  stm32f1xx_ll_usb.o
    0x08008dfe   0x08008dfe   0x0000002a   Code   RO         1404    i.USB_ReadPMA       stm32f1xx_ll_usb.o
    0x08008e28   0x08008e28   0x00000004   Code   RO         1405    i.USB_SetCurrentMode  stm32f1xx_ll_usb.o
    0x08008e2c   0x08008e2c   0x0000000c   Code   RO         1406    i.USB_SetDevAddress  stm32f1xx_ll_usb.o
    0x08008e38   0x08008e38   0x00000012   Code   RO         1407    i.USB_StopDevice    stm32f1xx_ll_usb.o
    0x08008e4a   0x08008e4a   0x00000026   Code   RO         1408    i.USB_WritePMA      stm32f1xx_ll_usb.o
    0x08008e70   0x08008e70   0x00000002   Code   RO          572    i.UsageFault_Handler  stm32f1xx_it.o
    0x08008e72   0x08008e72   0x00000028   Code   RO         5830    i.__ARM_fpclassify  m_ws.l(fpclassify.o)
    0x08008e9a   0x08008e9a   0x00000020   Code   RO         2057    i.__NVIC_SetPriority  stm32f1xx_hal_cortex.o
    0x08008eba   0x08008eba   0x0000000e   Code   RO         5995    i.__mathlib_dbl_overflow  m_ws.l(dunder.o)
    0x08008ec8   0x08008ec8   0x00000010   Code   RO         5997    i.__mathlib_dbl_underflow  m_ws.l(dunder.o)
    0x08008ed8   0x08008ed8   0x00000008   Code   RO         5747    i.__mathlib_flt_invalid  m_ws.l(funder.o)
    0x08008ee0   0x08008ee0   0x00000010   Code   RO         5910    i.__mathlib_narrow  m_ws.l(narrow.o)
    0x08008ef0   0x08008ef0   0x00000088   Code   RO         5911    i.__mathlib_tofloat  m_ws.l(narrow.o)
    0x08008f78   0x08008f78   0x00000016   Code   RO         5955    i.__support_ldexp   m_ws.l(ldexp.o)
    0x08008f8e   0x08008f8e   0x0000000e   Code   RO         5586    i._is_digit         c_w.l(__printf_wp.o)
    0x08008f9c   0x08008f9c   0x00000068   Code   RO         5039    i.adjust_I          b_motor_foc.o
    0x08009004   0x08009004   0x00000204   Code   RO         4790    i.adjust_b_motor    mt6816.o
    0x08009208   0x08009208   0x0000002a   Code   RO         5687    i.atof              m_ws.l(atof.o)
    0x08009232   0x08009232   0x00000002   PAD
    0x08009234   0x08009234   0x00000098   Code   RO         5040    i.b_foc_init        b_motor_foc.o
    0x080092cc   0x080092cc   0x0000000e   Code   RO         5365    i.bytesToInt32      connecting.o
    0x080092da   0x080092da   0x00000002   PAD
    0x080092dc   0x080092dc   0x000000a4   Code   RO         5041    i.can_foc_init      b_motor_foc.o
    0x08009380   0x08009380   0x00000de8   Code   RO         5366    i.can_task          connecting.o
    0x0800a168   0x0800a168   0x00000214   Code   RO         5367    i.check_limit       connecting.o
    0x0800a37c   0x0800a37c   0x00000040   Code   RO         4791    i.check_mt6816      mt6816.o
    0x0800a3bc   0x0800a3bc   0x0000002a   Code   RO         5042    i.current_ctr       b_motor_foc.o
    0x0800a3e6   0x0800a3e6   0x00000002   PAD
    0x0800a3e8   0x0800a3e8   0x00000014   Code   RO         5509    i.flash_read_dir    myflash.o
    0x0800a3fc   0x0800a3fc   0x0000006c   Code   RO         5691    i.fmodf             m_ws.l(fmodf.o)
    0x0800a468   0x0800a468   0x000000fc   Code   RO         5043    i.foc_current_pid   b_motor_foc.o
    0x0800a564   0x0800a564   0x0000001e   Code   RO         5044    i.foc_open          b_motor_foc.o
    0x0800a582   0x0800a582   0x00000002   PAD
    0x0800a584   0x0800a584   0x00000058   Code   RO         5936    i.frexp             m_ws.l(frexp.o)
    0x0800a5dc   0x0800a5dc   0x000000e8   Code   RO         5045    i.get_AB_current    b_motor_foc.o
    0x0800a6c4   0x0800a6c4   0x00000044   Code   RO         5280    i.get_adc_xchannel  adc_task.o
    0x0800a708   0x0800a708   0x0000003c   Code   RO           17    i.get_connect_type  main.o
    0x0800a744   0x0800a744   0x000000a8   Code   RO         5046    i.get_scope         b_motor_foc.o
    0x0800a7ec   0x0800a7ec   0x00000074   Code   RO         5281    i.get_temp          adc_task.o
    0x0800a860   0x0800a860   0x00000024   Code   RO         5282    i.get_vol           adc_task.o
    0x0800a884   0x0800a884   0x000000c0   Code   RO         5368    i.get_zero_by_current  connecting.o
    0x0800a944   0x0800a944   0x0000002c   Code   RO         5369    i.hex4ToUint16      connecting.o
    0x0800a970   0x0800a970   0x000002b8   Code   RO         5370    i.init_connect_crt  connecting.o
    0x0800ac28   0x0800ac28   0x00000010   Code   RO         4887    i.init_encoder_update  pid.o
    0x0800ac38   0x0800ac38   0x00000010   Code   RO         5371    i.intTo7Bytes       connecting.o
    0x0800ac48   0x0800ac48   0x00000074   Code   RO         5956    i.ldexp             m_ws.l(ldexp.o)
    0x0800acbc   0x0800acbc   0x00000022   Code   RO         5372    i.limit_max_min     connecting.o
    0x0800acde   0x0800acde   0x00000002   PAD
    0x0800ace0   0x0800ace0   0x0000004c   Code   RO         5016    i.low_pass_filter   filter.o
    0x0800ad2c   0x0800ad2c   0x00000484   Code   RO           18    i.main              main.o
    0x0800b1b0   0x0800b1b0   0x000000dc   Code   RO           19    i.motor_protect     main.o
    0x0800b28c   0x0800b28c   0x00000030   Code   RO         5373    i.normalize_angle_to_180  connecting.o
    0x0800b2bc   0x0800b2bc   0x00000048   Code   RO         5047    i.park_transform    b_motor_foc.o
    0x0800b304   0x0800b304   0x00000048   Code   RO         5048    i.repark_transfer   b_motor_foc.o
    0x0800b34c   0x0800b34c   0x00000024   Code   RO         5374    i.set_cantx_buf     connecting.o
    0x0800b370   0x0800b370   0x00000092   Code   RO         5049    i.set_duty_by_sector  b_motor_foc.o
    0x0800b402   0x0800b402   0x00000002   PAD
    0x0800b404   0x0800b404   0x0000001c   Code   RO         5050    i.set_foc_Iqcurrent  b_motor_foc.o
    0x0800b420   0x0800b420   0x0000003e   Code   RO         5051    i.set_uduq          b_motor_foc.o
    0x0800b45e   0x0800b45e   0x0000000e   Code   RO         5375    i.setbyte4          connecting.o
    0x0800b46c   0x0800b46c   0x00000020   Code   RO         5052    i.setfoc_angle      b_motor_foc.o
    0x0800b48c   0x0800b48c   0x00000038   Code   RO         5376    i.split_buf         connecting.o
    0x0800b4c4   0x0800b4c4   0x00000090   Code   RO         5377    i.start_reset_waiting  connecting.o
    0x0800b554   0x0800b554   0x00000058   Code   RO         5378    i.stop_motor        connecting.o
    0x0800b5ac   0x0800b5ac   0x00000070   Code   RO         5053    i.svpwmctr          b_motor_foc.o
    0x0800b61c   0x0800b61c   0x0000029c   Code   RO         5379    i.syn_task          connecting.o
    0x0800b8b8   0x0800b8b8   0x00000058   Code   RO         5380    i.uint16ToHex       connecting.o
    0x0800b910   0x0800b910   0x00001108   Code   RO         5381    i.usb_task          connecting.o
    0x0800ca18   0x0800ca18   0x0000002c   Code   RO         5819    locale$$code        c_w.l(lc_ctype_c.o)
    0x0800ca44   0x0800ca44   0x0000002c   Code   RO         5822    locale$$code        c_w.l(lc_numeric_c.o)
    0x0800ca70   0x0800ca70   0x00000062   Code   RO         5616    x$fpl$d2f           fz_ws.l(d2f.o)
    0x0800cad2   0x0800cad2   0x00000002   PAD
    0x0800cad4   0x0800cad4   0x00000150   Code   RO         5618    x$fpl$dadd          fz_ws.l(daddsub_clz.o)
    0x0800cc24   0x0800cc24   0x00000010   Code   RO         5725    x$fpl$dcheck1       fz_ws.l(dcheck1.o)
    0x0800cc34   0x0800cc34   0x00000018   Code   RO         5727    x$fpl$dcmpinf       fz_ws.l(dcmpi.o)
    0x0800cc4c   0x0800cc4c   0x000002b0   Code   RO         5625    x$fpl$ddiv          fz_ws.l(ddiv.o)
    0x0800cefc   0x0800cefc   0x00000078   Code   RO         5931    x$fpl$deqf          fz_ws.l(deqf.o)
    0x0800cf74   0x0800cf74   0x0000005e   Code   RO         5628    x$fpl$dfix          fz_ws.l(dfix.o)
    0x0800cfd2   0x0800cfd2   0x00000002   PAD
    0x0800cfd4   0x0800cfd4   0x0000005a   Code   RO         5632    x$fpl$dfixu         fz_ws.l(dfixu.o)
    0x0800d02e   0x0800d02e   0x0000002e   Code   RO         5637    x$fpl$dflt          fz_ws.l(dflt_clz.o)
    0x0800d05c   0x0800d05c   0x00000026   Code   RO         5636    x$fpl$dfltu         fz_ws.l(dflt_clz.o)
    0x0800d082   0x0800d082   0x00000002   PAD
    0x0800d084   0x0800d084   0x00000078   Code   RO         5642    x$fpl$dleqf         fz_ws.l(dleqf.o)
    0x0800d0fc   0x0800d0fc   0x00000154   Code   RO         5644    x$fpl$dmul          fz_ws.l(dmul.o)
    0x0800d250   0x0800d250   0x0000009c   Code   RO         5729    x$fpl$dnaninf       fz_ws.l(dnaninf.o)
    0x0800d2ec   0x0800d2ec   0x0000000c   Code   RO         5731    x$fpl$dretinf       fz_ws.l(dretinf.o)
    0x0800d2f8   0x0800d2f8   0x0000006c   Code   RO         5933    x$fpl$drleqf        fz_ws.l(drleqf.o)
    0x0800d364   0x0800d364   0x00000016   Code   RO         5619    x$fpl$drsb          fz_ws.l(daddsub_clz.o)
    0x0800d37a   0x0800d37a   0x00000002   PAD
    0x0800d37c   0x0800d37c   0x000001d4   Code   RO         5620    x$fpl$dsub          fz_ws.l(daddsub_clz.o)
    0x0800d550   0x0800d550   0x00000056   Code   RO         5646    x$fpl$f2d           fz_ws.l(f2d.o)
    0x0800d5a6   0x0800d5a6   0x00000002   PAD
    0x0800d5a8   0x0800d5a8   0x000000c4   Code   RO         5648    x$fpl$fadd          fz_ws.l(faddsub_clz.o)
    0x0800d66c   0x0800d66c   0x0000000c   Code   RO         5733    x$fpl$fcheck1       fz_ws.l(fcheck1.o)
    0x0800d678   0x0800d678   0x00000018   Code   RO         5735    x$fpl$fcmpinf       fz_ws.l(fcmpi.o)
    0x0800d690   0x0800d690   0x00000184   Code   RO         5655    x$fpl$fdiv          fz_ws.l(fdiv.o)
    0x0800d814   0x0800d814   0x00000068   Code   RO         5658    x$fpl$feqf          fz_ws.l(feqf.o)
    0x0800d87c   0x0800d87c   0x00000036   Code   RO         5660    x$fpl$ffix          fz_ws.l(ffix.o)
    0x0800d8b2   0x0800d8b2   0x00000002   PAD
    0x0800d8b4   0x0800d8b4   0x0000003e   Code   RO         5664    x$fpl$ffixu         fz_ws.l(ffixu.o)
    0x0800d8f2   0x0800d8f2   0x00000002   PAD
    0x0800d8f4   0x0800d8f4   0x00000030   Code   RO         5669    x$fpl$fflt          fz_ws.l(fflt_clz.o)
    0x0800d924   0x0800d924   0x00000026   Code   RO         5668    x$fpl$ffltu         fz_ws.l(fflt_clz.o)
    0x0800d94a   0x0800d94a   0x00000002   PAD
    0x0800d94c   0x0800d94c   0x00000068   Code   RO         5674    x$fpl$fleqf         fz_ws.l(fleqf.o)
    0x0800d9b4   0x0800d9b4   0x00000102   Code   RO         5676    x$fpl$fmul          fz_ws.l(fmul.o)
    0x0800dab6   0x0800dab6   0x0000008c   Code   RO         5737    x$fpl$fnaninf       fz_ws.l(fnaninf.o)
    0x0800db42   0x0800db42   0x00000002   PAD
    0x0800db44   0x0800db44   0x000000f4   Code   RO         5739    x$fpl$frem          fz_ws.l(frem_clz.o)
    0x0800dc38   0x0800dc38   0x0000000a   Code   RO         5741    x$fpl$fretinf       fz_ws.l(fretinf.o)
    0x0800dc42   0x0800dc42   0x00000062   Code   RO         5678    x$fpl$frleqf        fz_ws.l(frleqf.o)
    0x0800dca4   0x0800dca4   0x00000014   Code   RO         5649    x$fpl$frsb          fz_ws.l(faddsub_clz.o)
    0x0800dcb8   0x0800dcb8   0x000000ea   Code   RO         5650    x$fpl$fsub          fz_ws.l(faddsub_clz.o)
    0x0800dda2   0x0800dda2   0x00000004   Code   RO         5680    x$fpl$printf1       fz_ws.l(printf1.o)
    0x0800dda6   0x0800dda6   0x00000064   Code   RO         5826    x$fpl$retnan        fz_ws.l(retnan.o)
    0x0800de0a   0x0800de0a   0x0000005c   Code   RO         5682    x$fpl$scalbn        fz_ws.l(scalbn.o)
    0x0800de66   0x0800de66   0x0000004c   Code   RO         5684    x$fpl$scalbnf       fz_ws.l(scalbnf.o)
    0x0800deb2   0x0800deb2   0x00000004   Code   RO         5828    x$fpl$scanf1        fz_ws.l(scanf1.o)
    0x0800deb6   0x0800deb6   0x00000008   Code   RO         5904    x$fpl$scanf2        fz_ws.l(scanf2.o)
    0x0800debe   0x0800debe   0x00000030   Code   RO         5893    x$fpl$trapveneer    fz_ws.l(trapv.o)
    0x0800deee   0x0800deee   0x00000000   Code   RO         5743    x$fpl$usenofp       fz_ws.l(usenofp.o)
    0x0800deee   0x0800deee   0x00000012   Data   RO         1755    .constdata          stm32f1xx_hal_rcc.o
    0x0800df00   0x0800df00   0x00000012   Data   RO         1847    .constdata          stm32f1xx_hal_rcc_ex.o
    0x0800df12   0x0800df12   0x00000010   Data   RO         4381    .constdata          system_stm32f1xx.o
    0x0800df22   0x0800df22   0x00000008   Data   RO         4382    .constdata          system_stm32f1xx.o
    0x0800df2a   0x0800df2a   0x00000002   PAD
    0x0800df2c   0x0800df2c   0x00000094   Data   RO         5794    .constdata          c_w.l(bigflt0.o)
    0x0800dfc0   0x0800dfc0   0x00000020   Data   RO         6030    Region$$Table       anon$$obj.o
    0x0800dfe0   0x0800dfe0   0x00000008   Data   RO         5899    c$$dinf             fz_ws.l(fpconst.o)
    0x0800dfe8   0x0800dfe8   0x00000110   Data   RO         5818    locale$$data        c_w.l(lc_ctype_c.o)
    0x0800e0f8   0x0800e0f8   0x0000001c   Data   RO         5821    locale$$data        c_w.l(lc_numeric_c.o)


    Execution Region RW_IRAM1 (Exec base: 0x20000000, Load base: 0x0800e114, Size: 0x000039a8, Max: 0x00005000, ABSOLUTE, COMPRESSED[0x00000e48])

    Exec Addr    Load Addr    Size         Type   Attr      Idx    E Section Name        Object

    0x20000000   COMPRESSED   0x00000058   Data   RW           22    .data               main.o
    0x20000058   COMPRESSED   0x00000004   Data   RW           29    .data               main.o
    0x2000005c   COMPRESSED   0x00000001   Data   RW          374    .data               can.o
    0x2000005d   COMPRESSED   0x00000003   PAD
    0x20000060   COMPRESSED   0x0000001c   Data   RW          724    .data               usbd_desc.o
    0x2000007c   COMPRESSED   0x00000032   Data   RW          725    .data               usbd_desc.o
    0x200000ae   COMPRESSED   0x00000001   Data   RW          807    .data               usbd_cdc_if.o
    0x200000af   COMPRESSED   0x00000001   PAD
    0x200000b0   COMPRESSED   0x00000010   Data   RW          808    .data               usbd_cdc_if.o
    0x200000c0   COMPRESSED   0x0000000c   Data   RW         1592    .data               stm32f1xx_hal.o
    0x200000cc   COMPRESSED   0x00000004   Data   RW         4383    .data               system_stm32f1xx.o
    0x200000d0   COMPRESSED   0x00000001   Data   RW         4563    .data               usbd_ctlreq.o
    0x200000d1   COMPRESSED   0x00000003   PAD
    0x200000d4   COMPRESSED   0x000000d7   Data   RW         4695    .data               usbd_cdc.o
    0x200001ab   COMPRESSED   0x00000001   PAD
    0x200001ac   COMPRESSED   0x00000038   Data   RW         4696    .data               usbd_cdc.o
    0x200001e4   COMPRESSED   0x0000000e   Data   RW         4793    .data               mt6816.o
    0x200001f2   COMPRESSED   0x00000002   Data   RW         4794    .data               mt6816.o
    0x200001f4   COMPRESSED   0x00000001   Data   RW         4795    .data               mt6816.o
    0x200001f5   COMPRESSED   0x00000003   PAD
    0x200001f8   COMPRESSED   0x00000008   Data   RW         4891    .data               pid.o
    0x20000200   COMPRESSED   0x00001008   Data   RW         5055    .data               b_motor_foc.o
    0x20001208   COMPRESSED   0x00000002   Data   RW         5190    .data               position_foc.o
    0x2000120a   COMPRESSED   0x00000002   PAD
    0x2000120c   COMPRESSED   0x00000008   Data   RW         5283    .data               adc_task.o
    0x20001214   COMPRESSED   0x0000007c   Data   RW         5383    .data               connecting.o
    0x20001290        -       0x00000078   Zero   RW           21    .bss                main.o
    0x20001308        -       0x00000060   Zero   RW          322    .bss                adc.o
    0x20001368        -       0x00000074   Zero   RW          373    .bss                can.o
    0x200013dc        -       0x0000000c   Zero   RW          435    .bss                iwdg.o
    0x200013e8        -       0x00000058   Zero   RW          467    .bss                spi.o
    0x20001440        -       0x00000090   Zero   RW          511    .bss                tim.o
    0x200014d0        -       0x000002c4   Zero   RW          685    .bss                usb_device.o
    0x20001794        -       0x00000200   Zero   RW          723    .bss                usbd_desc.o
    0x20001994        -       0x00000840   Zero   RW          806    .bss                usbd_cdc_if.o
    0x200021d4        -       0x000004f8   Zero   RW          886    .bss                usbd_conf.o
    0x200026cc   COMPRESSED   0x00000004   PAD
    0x200026d0        -       0x00000020   Zero   RW         2298    .bss                stm32f1xx_hal_flash.o
    0x200026f0        -       0x00000192   Zero   RW         4792    .bss                mt6816.o
    0x20002882   COMPRESSED   0x00000002   PAD
    0x20002884        -       0x00000028   Zero   RW         4888    .bss                pid.o
    0x200028ac        -       0x00000028   Zero   RW         4889    .bss                pid.o
    0x200028d4        -       0x00000030   Zero   RW         4890    .bss                pid.o
    0x20002904        -       0x0000039c   Zero   RW         5054    .bss                b_motor_foc.o
    0x20002ca0        -       0x00000060   Zero   RW         5188    .bss                position_foc.o
    0x20002d00        -       0x00000018   Zero   RW         5189    .bss                position_foc.o
    0x20002d18        -       0x00000030   Zero   RW         5382    .bss                connecting.o
    0x20002d48        -       0x00000060   Zero   RW         5759    .bss                c_w.l(libspace.o)
    0x20002da8        -       0x00000400   Zero   RW            2    HEAP                startup_stm32f103xb.o
    0x200031a8        -       0x00000800   Zero   RW            1    STACK               startup_stm32f103xb.o


==============================================================================

Image component sizes


      Code (inc. data)   RO Data    RW Data    ZI Data      Debug   Object Name

       392         38          0          0         96       2466   adc.o
       220         42          0          8          0       2146   adc_task.o
      2004        216          0       4104        924      11294   b_motor_foc.o
       508         76          0          1        116       5003   can.o
     10590       1968          0        124         48      22513   connecting.o
        76          4          0          0          0        610   filter.o
       184         14          0          0          0        955   gpio.o
        44          8          0          0         12        723   iwdg.o
      2972        422          0         92        120     493325   main.o
        48         16          0          0          0       1720   mos_set.o
      1286        118          0         17        402       6831   mt6816.o
       294         32          0          0          0       4178   myflash.o
       538         82          0          8        128       7703   pid.o
      2456        416          0          2        120      11305   position_foc.o
       188         22          0          0         88       1693   spi.o
        64         26        236          0       3072        816   startup_stm32f103xb.o
       164         28          0         12          0       5965   stm32f1xx_hal.o
      1530         52          0          0          0       9310   stm32f1xx_hal_adc.o
       902         30          0          0          0       4302   stm32f1xx_hal_adc_ex.o
      1604          0          0          0          0      14167   stm32f1xx_hal_can.o
       234         24          0          0          0      29538   stm32f1xx_hal_cortex.o
       396         48          0          0         32       4802   stm32f1xx_hal_flash.o
       240         26          0          0          0       3301   stm32f1xx_hal_flash_ex.o
       704         58          0          0          0       4461   stm32f1xx_hal_gpio.o
       104          0          0          0          0       1879   stm32f1xx_hal_iwdg.o
        60          8          0          0          0        894   stm32f1xx_hal_msp.o
      3088          0          0          0          0      15818   stm32f1xx_hal_pcd.o
        60          0          0          0          0       1190   stm32f1xx_hal_pcd_ex.o
      1212         72         18          0          0       4741   stm32f1xx_hal_rcc.o
       396         28         18          0          0       2577   stm32f1xx_hal_rcc_ex.o
       900          4          0          0          0       4689   stm32f1xx_hal_spi.o
      1754         56          0          0          0      16906   stm32f1xx_hal_tim.o
       108         12          0          0          0       2517   stm32f1xx_hal_tim_ex.o
       100         32          0          0          0       5807   stm32f1xx_it.o
      2510          0          0          0          0      18312   stm32f1xx_ll_usb.o
         2          0         24          4          0       1143   system_stm32f1xx.o
       536         44          0          0        144       3193   tim.o
       128         22          0          0        708        872   usb_device.o
       726         16          0        271          0      13230   usbd_cdc.o
       156         30          0         17       2112       3566   usbd_cdc_if.o
       582         38          0          0       1272      15021   usbd_conf.o
       670          0          0          0          0       9575   usbd_core.o
      1186         28          0          1          0       8152   usbd_ctlreq.o
       258         76          0         78        512       6097   usbd_desc.o
       132          0          0          0          0       4380   usbd_ioreq.o

    ----------------------------------------------------------------------
     42358       4232        330       4752       9912     789686   Object Totals
         0          0         32          0          0          0   (incl. Generated)
        52          0          2         13          6          0   (incl. Padding)

    ----------------------------------------------------------------------

      Code (inc. data)   RO Data    RW Data    ZI Data      Debug   Library Member Name

        56          6          0          0          0         88   __2snprintf.o
       100          0          0          0          0          0   __dclz77c.o
         8          0          0          0          0         68   __main.o
       284          0          0          0          0        156   __printf_wp.o
         0          0          0          0          0          0   __rtentry.o
        12          0          0          0          0          0   __rtentry2.o
         6          0          0          0          0          0   __rtentry4.o
        52          8          0          0          0          0   __scatter.o
        28          0          0          0          0          0   __scatter_zi.o
        28          0          0          0          0         68   _chval.o
        44          0          0          0          0        108   _printf_char.o
        48          6          0          0          0         96   _printf_char_common.o
         6          0          0          0          0          0   _printf_d.o
       120         16          0          0          0         92   _printf_dec.o
         6          0          0          0          0          0   _printf_f.o
      1050          0          0          0          0        216   _printf_fp_dec.o
       128         16          0          0          0         84   _printf_fp_infnan.o
       178          0          0          0          0         88   _printf_intcommon.o
         0          0          0          0          0          0   _printf_percent.o
         4          0          0          0          0          0   _printf_percent_end.o
         6          0          0          0          0          0   _printf_s.o
        82          0          0          0          0         80   _printf_str.o
        22          0          0          0          0        100   _rserrno.o
        64          0          0          0          0         84   _sgetc.o
        16          0          0          0          0         68   _snputc.o
        10          0          0          0          0         68   _sputc.o
       158          0          0          0          0         92   _strtoul.o
        26          0          0          0          0         80   atoi.o
       220          4        148          0          0         96   bigflt0.o
      2074        132          0          0          0        940   btod.o
        18          0          0          0          0         80   exit.o
         6          0          0          0          0        152   heapauxi.o
         0          0          0          0          0          0   indicate_semi.o
        18          0          0          0          0         76   isspace.o
        44         10        272          0          0         76   lc_ctype_c.o
        44         10         28          0          0         76   lc_numeric_c.o
         2          0          0          0          0          0   libinit.o
        30          0          0          0          0          0   libinit2.o
         2          0          0          0          0          0   libshutdown.o
         2          0          0          0          0          0   libshutdown2.o
         8          4          0          0         96         68   libspace.o
        38          0          0          0          0         68   llshl.o
       138          0          0          0          0         80   lludiv10.o
        38          0          0          0          0         68   llushr.o
        16          4          0          0          0         76   rt_ctype_table.o
         8          4          0          0          0         68   rt_errno_addr_intlibspace.o
         8          4          0          0          0         68   rt_locale_intlibspace.o
        68          0          0          0          0         68   rt_memclr.o
        78          0          0          0          0         80   rt_memclr_w.o
       138          0          0          0          0         68   rt_memcpy_v6.o
       100          0          0          0          0         80   rt_memcpy_w.o
         2          0          0          0          0          0   rtexit.o
        10          0          0          0          0          0   rtexit2.o
      1188         12          0          0          0        148   scanf_fp.o
       792         14          0          0          0        100   scanf_hexfp.o
       308         16          0          0          0        100   scanf_infnan.o
       128          0          0          0          0         68   strcmpv7m.o
       150          0          0          0          0         80   strncmp.o
       160         12          0          0          0        120   strtod.o
       112          0          0          0          0         88   strtol.o
        12          4          0          0          0         68   sys_exit.o
        74          0          0          0          0         80   sys_stackheap_outer.o
        30          0          0          0          0         76   toupper.o
         2          0          0          0          0         68   use_no_semi.o
        98          4          0          0          0         92   d2f.o
       826         16          0          0          0        348   daddsub_clz.o
        16          4          0          0          0         68   dcheck1.o
        24          0          0          0          0         68   dcmpi.o
       688        140          0          0          0        208   ddiv.o
       120          4          0          0          0         92   deqf.o
        94          4          0          0          0         92   dfix.o
        90          4          0          0          0         92   dfixu.o
        84          0          0          0          0        136   dflt_clz.o
       120          4          0          0          0         92   dleqf.o
       340         12          0          0          0        104   dmul.o
       156          4          0          0          0         92   dnaninf.o
        12          0          0          0          0         68   dretinf.o
       108          0          0          0          0         80   drleqf.o
        86          4          0          0          0         84   f2d.o
       450          8          0          0          0        236   faddsub_clz.o
        12          4          0          0          0         68   fcheck1.o
        24          0          0          0          0         68   fcmpi.o
       388         76          0          0          0         96   fdiv.o
       104          4          0          0          0         84   feqf.o
        54          4          0          0          0         84   ffix.o
        62          4          0          0          0         84   ffixu.o
        86          0          0          0          0        136   fflt_clz.o
       104          4          0          0          0         84   fleqf.o
       258          4          0          0          0         84   fmul.o
       140          4          0          0          0         84   fnaninf.o
         0          0          8          0          0          0   fpconst.o
       244          8          0          0          0         84   frem_clz.o
        10          0          0          0          0         68   fretinf.o
        98          0          0          0          0         68   frleqf.o
         4          0          0          0          0         68   printf1.o
       100          0          0          0          0         68   retnan.o
        92          0          0          0          0         68   scalbn.o
        76          0          0          0          0         68   scalbnf.o
         4          0          0          0          0         68   scanf1.o
         8          0          0          0          0         84   scanf2.o
        48          0          0          0          0         68   trapv.o
         0          0          0          0          0          0   usenofp.o
        42          0          0          0          0         84   atof.o
        30          6          0          0          0        136   dunder.o
       108          0          0          0          0         96   fmodf.o
        40          0          0          0          0         68   fpclassify.o
        88          8          0          0          0         76   frexp.o
         8          0          0          0          0         68   funder.o
       138          0          0          0          0        160   ldexp.o
       152          4          0          0          0        168   narrow.o

    ----------------------------------------------------------------------
     14476        620        456          0         96       9312   Library Totals
        34          0          0          0          0          0   (incl. Padding)

    ----------------------------------------------------------------------

      Code (inc. data)   RO Data    RW Data    ZI Data      Debug   Library Name

      8608        282        448          0         96       4920   c_w.l
      5228        320          8          0          0       3536   fz_ws.l
       606         18          0          0          0        856   m_ws.l

    ----------------------------------------------------------------------
     14476        620        456          0         96       9312   Library Totals

    ----------------------------------------------------------------------

==============================================================================


      Code (inc. data)   RO Data    RW Data    ZI Data      Debug   

     56834       4852        786       4752      10008     776842   Grand Totals
     56834       4852        786       3656      10008     776842   ELF Image Totals (compressed)
     56834       4852        786       3656          0          0   ROM Totals

==============================================================================

    Total RO  Size (Code + RO Data)                57620 (  56.27kB)
    Total RW  Size (RW Data + ZI Data)             14760 (  14.41kB)
    Total ROM Size (Code + RO Data + RW Data)      61276 (  59.84kB)

==============================================================================

