Component: ARM Compiler 6.16 Tool: armlink [5dfeaa00]

==============================================================================

Section Cross References

    main.o(.ARM.exidx.text.HAL_MspInit) refers to main.o(.text.HAL_MspInit) for [Anonymous Symbol]
    main.o(.text.SystemClock_Config) refers to stm32f0xx_hal_rcc.o(.text.HAL_RCC_ClockConfig) for HAL_RCC_ClockConfig
    main.o(.text.SystemClock_Config) refers to stm32f0xx_hal_rcc_ex.o(.text.HAL_RCCEx_CRSConfig) for HAL_RCCEx_CRSConfig
    main.o(.ARM.exidx.text.SystemClock_Config) refers to main.o(.text.SystemClock_Config) for [Anonymous Symbol]
    main.o(.text.SysTick_Handler) refers to stm32f0xx_hal.o(.text.HAL_IncTick) for HAL_IncTick
    main.o(.ARM.exidx.text.SysTick_Handler) refers to main.o(.text.SysTick_Handler) for [Anonymous Symbol]
    main.o(.text.main) refers to stm32f0xx_hal.o(.text.HAL_Init) for HAL_Init
    main.o(.text.main) refers to stm32f0xx_hal.o(.text.HAL_IncTick) for HAL_IncTick
    main.o(.text.main) refers to main.o(.text.SystemClock_Config) for SystemClock_Config
    main.o(.text.main) refers to pcan_usb.o(.text.pcan_usb_init) for pcan_usb_init
    main.o(.text.main) refers to pcan_led.o(.text.pcan_led_init) for pcan_led_init
    main.o(.text.main) refers to pcan_timestamp.o(.text.pcan_timestamp_init) for pcan_timestamp_init
    main.o(.text.main) refers to pcan_protocol.o(.text.pcan_protocol_init) for pcan_protocol_init
    main.o(.text.main) refers to pcan_led.o(.text.pcan_led_set_mode) for pcan_led_set_mode
    main.o(.text.main) refers to pcan_usb.o(.text.pcan_usb_poll) for pcan_usb_poll
    main.o(.text.main) refers to pcan_led.o(.text.pcan_led_poll) for pcan_led_poll
    main.o(.text.main) refers to pcan_protocol.o(.text.pcan_protocol_poll) for pcan_protocol_poll
    main.o(.ARM.exidx.text.main) refers to main.o(.text.main) for [Anonymous Symbol]
    pcan_can.o(.text.pcan_can_init) refers to rt_memclr.o(.text) for __aeabi_memclr4
    pcan_can.o(.text.pcan_can_init) refers to stm32f0xx_hal_gpio.o(.text.HAL_GPIO_Init) for HAL_GPIO_Init
    pcan_can.o(.text.pcan_can_init) refers to stm32f0xx_hal_can.o(.text.HAL_CAN_DeInit) for HAL_CAN_DeInit
    pcan_can.o(.text.pcan_can_init) refers to stm32f0xx_hal_can.o(.text.HAL_CAN_Init) for HAL_CAN_Init
    pcan_can.o(.text.pcan_can_init) refers to stm32f0xx_hal_can.o(.text.HAL_CAN_ConfigFilter) for HAL_CAN_ConfigFilter
    pcan_can.o(.text.pcan_can_init) refers to stm32f0xx_hal_can.o(.text.HAL_CAN_ActivateNotification) for HAL_CAN_ActivateNotification
    pcan_can.o(.text.pcan_can_init) refers to assert.o(.text) for __aeabi_assert
    pcan_can.o(.text.pcan_can_init) refers to pcan_can.o(.rodata..Lconstinit) for [Anonymous Symbol]
    pcan_can.o(.text.pcan_can_init) refers to pcan_can.o(.rodata..Lconstinit.1) for [Anonymous Symbol]
    pcan_can.o(.text.pcan_can_init) refers to pcan_can.o(.data.g_hcan) for [Anonymous Symbol]
    pcan_can.o(.text.pcan_can_init) refers to pcan_can.o(.rodata.str1.1) for [Anonymous Symbol]
    pcan_can.o(.ARM.exidx.text.pcan_can_init) refers to pcan_can.o(.text.pcan_can_init) for [Anonymous Symbol]
    pcan_can.o(.text.pcan_can_set_bitrate) refers to stm32f0xx_hal_can.o(.text.HAL_CAN_Init) for HAL_CAN_Init
    pcan_can.o(.text.pcan_can_set_bitrate) refers to assert.o(.text) for __aeabi_assert
    pcan_can.o(.text.pcan_can_set_bitrate) refers to pcan_can.o(.data.g_hcan) for [Anonymous Symbol]
    pcan_can.o(.text.pcan_can_set_bitrate) refers to pcan_can.o(.rodata.str1.1) for [Anonymous Symbol]
    pcan_can.o(.ARM.exidx.text.pcan_can_set_bitrate) refers to pcan_can.o(.text.pcan_can_set_bitrate) for [Anonymous Symbol]
    pcan_can.o(.text.pcan_can_install_rx_callback) refers to pcan_can.o(.bss.can_dev) for [Anonymous Symbol]
    pcan_can.o(.ARM.exidx.text.pcan_can_install_rx_callback) refers to pcan_can.o(.text.pcan_can_install_rx_callback) for [Anonymous Symbol]
    pcan_can.o(.text.pcan_can_install_error_callback) refers to pcan_can.o(.bss.can_dev) for [Anonymous Symbol]
    pcan_can.o(.ARM.exidx.text.pcan_can_install_error_callback) refers to pcan_can.o(.text.pcan_can_install_error_callback) for [Anonymous Symbol]
    pcan_can.o(.text.pcan_can_send_message) refers to pcan_can.o(.bss.can_dev) for [Anonymous Symbol]
    pcan_can.o(.ARM.exidx.text.pcan_can_send_message) refers to pcan_can.o(.text.pcan_can_send_message) for [Anonymous Symbol]
    pcan_can.o(.text.pcan_can_set_silent) refers to stm32f0xx_hal_can.o(.text.HAL_CAN_Init) for HAL_CAN_Init
    pcan_can.o(.text.pcan_can_set_silent) refers to assert.o(.text) for __aeabi_assert
    pcan_can.o(.text.pcan_can_set_silent) refers to pcan_can.o(.data.g_hcan) for [Anonymous Symbol]
    pcan_can.o(.text.pcan_can_set_silent) refers to pcan_can.o(.rodata.str1.1) for [Anonymous Symbol]
    pcan_can.o(.ARM.exidx.text.pcan_can_set_silent) refers to pcan_can.o(.text.pcan_can_set_silent) for [Anonymous Symbol]
[...]
    __arm_cp.0_0                             0x080035d8   Number         4  pcan_led.o(.text.pcan_led_init)
    __arm_cp.0_1                             0x080035dc   Number         4  pcan_led.o(.text.pcan_led_init)
    __arm_cp.0_2                             0x080035e0   Number         4  pcan_led.o(.text.pcan_led_init)
    [Anonymous Symbol]                       0x080035e4   Section        0  pcan_led.o(.text.pcan_led_poll)
    [Anonymous Symbol]                       0x08003668   Section        0  pcan_led.o(.text.pcan_led_set_mode)
    __arm_cp.1_2                             0x080036ec   Number         4  pcan_led.o(.text.pcan_led_set_mode)
    pcan_led_update_state                    0x080036f1   Thumb Code    36  pcan_led.o(.text.pcan_led_update_state)
    [Anonymous Symbol]                       0x080036f0   Section        0  pcan_led.o(.text.pcan_led_update_state)
    __arm_cp.3_0                             0x08003714   Number         4  pcan_led.o(.text.pcan_led_update_state)
    [Anonymous Symbol]                       0x08003718   Section        0  pcan_protocol.o(.text.pcan_protocol_init)
    __arm_cp.12_0                            0x08003738   Number         4  pcan_protocol.o(.text.pcan_protocol_init)
    __arm_cp.12_2                            0x0800373c   Number         4  pcan_protocol.o(.text.pcan_protocol_init)
    __arm_cp.12_3                            0x08003740   Number         4  pcan_protocol.o(.text.pcan_protocol_init)
    [Anonymous Symbol]                       0x08003744   Section        0  pcan_protocol.o(.text.pcan_protocol_poll)
    __arm_cp.15_2                            0x08003774   Number         4  pcan_protocol.o(.text.pcan_protocol_poll)
    [Anonymous Symbol]                       0x08003778   Section        0  pcan_protocol.o(.text.pcan_protocol_process_command)
    __arm_cp.8_0                             0x080038d4   Number         4  pcan_protocol.o(.text.pcan_protocol_process_command)
    __arm_cp.8_1                             0x080038d8   Number         4  pcan_protocol.o(.text.pcan_protocol_process_command)
    __arm_cp.8_2                             0x080038dc   Number         4  pcan_protocol.o(.text.pcan_protocol_process_command)
    __arm_cp.8_3                             0x080038e0   Number         4  pcan_protocol.o(.text.pcan_protocol_process_command)
    __arm_cp.8_4                             0x080038e4   Number         4  pcan_protocol.o(.text.pcan_protocol_process_command)
    __arm_cp.8_5                             0x080038e8   Number         4  pcan_protocol.o(.text.pcan_protocol_process_command)
    __arm_cp.8_6                             0x080038ec   Number         4  pcan_protocol.o(.text.pcan_protocol_process_command)
    __arm_cp.8_7                             0x080038f0   Number         4  pcan_protocol.o(.text.pcan_protocol_process_command)
    __arm_cp.8_10                            0x08003918   Number         4  pcan_protocol.o(.text.pcan_protocol_process_command)
    [Anonymous Symbol]                       0x0800391c   Section        0  pcan_protocol.o(.text.pcan_protocol_process_data)
    [Anonymous Symbol]                       0x08003984   Section        0  pcan_protocol.o(.text.pcan_record_buffer_commit)
    [Anonymous Symbol]                       0x080039a0   Section        0  pcan_protocol.o(.text.pcan_record_buffer_flush)
    __arm_cp.6_0                             0x08003a04   Number         4  pcan_protocol.o(.text.pcan_record_buffer_flush)
    __arm_cp.6_1                             0x08003a08   Number         4  pcan_protocol.o(.text.pcan_record_buffer_flush)
    __arm_cp.6_2                             0x08003a0c   Number         4  pcan_protocol.o(.text.pcan_record_buffer_flush)
    [Anonymous Symbol]                       0x08003a10   Section        0  pcan_protocol.o(.text.pcan_record_buffer_request)
    [Anonymous Symbol]                       0x08003a66   Section        0  pcan_protocol.o(.text.pcan_record_buffer_reset)
    [Anonymous Symbol]                       0x08003a7e   Section        0  pcan_protocol.o(.text.pcan_record_write_header)
    pcan_rx_can_frame                        0x08003a89   Thumb Code   224  pcan_protocol.o(.text.pcan_rx_can_frame)
    [Anonymous Symbol]                       0x08003a88   Section        0  pcan_protocol.o(.text.pcan_rx_can_frame)
    __arm_cp.16_0                            0x08003b68   Number         4  pcan_protocol.o(.text.pcan_rx_can_frame)
    pcan_rx_message                          0x08003b6d   Thumb Code    36  pcan_protocol.o(.text.pcan_rx_message)
    [Anonymous Symbol]                       0x08003b6c   Section        0  pcan_protocol.o(.text.pcan_rx_message)
    __arm_cp.13_0                            0x08003b90   Number         4  pcan_protocol.o(.text.pcan_rx_message)
    pcan_set_bitrate                         0x08003b95   Thumb Code    68  pcan_protocol.o(.text.pcan_set_bitrate)
    [Anonymous Symbol]                       0x08003b94   Section        0  pcan_protocol.o(.text.pcan_set_bitrate)
    [Anonymous Symbol]                       0x08003bd8   Section        0  pcan_protocol.o(.text.pcan_sja1000_read)
    [Anonymous Symbol]                       0x08003c7c   Section        0  pcan_protocol.o(.text.pcan_sja1000_write)
    __arm_cp.0_0                             0x08003d2c   Number         4  pcan_protocol.o(.text.pcan_sja1000_write)
    __arm_cp.0_1                             0x08003d30   Number         4  pcan_protocol.o(.text.pcan_sja1000_write)
    __arm_cp.0_2                             0x08003d34   Number         4  pcan_protocol.o(.text.pcan_sja1000_write)
    __arm_cp.0_3                             0x08003d38   Number         4  pcan_protocol.o(.text.pcan_sja1000_write)
    __arm_cp.0_4                             0x08003d3c   Number         4  pcan_protocol.o(.text.pcan_sja1000_write)
    __arm_cp.0_5                             0x08003d40   Number         4  pcan_protocol.o(.text.pcan_sja1000_write)
    __arm_cp.0_6                             0x08003d44   Number         4  pcan_protocol.o(.text.pcan_sja1000_write)
    [Anonymous Symbol]                       0x08003d48   Section        0  pcan_timestamp.o(.text.pcan_timestamp_init)
    __arm_cp.0_0                             0x08003d7c   Number         4  pcan_timestamp.o(.text.pcan_timestamp_init)
    __arm_cp.0_1                             0x08003d80   Number         4  pcan_timestamp.o(.text.pcan_timestamp_init)
    __arm_cp.0_3                             0x08003d84   Number         4  pcan_timestamp.o(.text.pcan_timestamp_init)
    [Anonymous Symbol]                       0x08003d88   Section        0  pcan_timestamp.o(.text.pcan_timestamp_millis)
    [Anonymous Symbol]                       0x08003d94   Section        0  pcan_timestamp.o(.text.pcan_timestamp_ticks)
    __arm_cp.2_0                             0x08003d9c   Number         4  pcan_timestamp.o(.text.pcan_timestamp_ticks)
    [Anonymous Symbol]                       0x08003da0   Section        0  pcan_protocol.o(.text.pcan_timesync_event)
    __arm_cp.7_0                             0x08003dfc   Number         4  pcan_protocol.o(.text.pcan_timesync_event)
    __arm_cp.7_1                             0x08003e00   Number         4  pcan_protocol.o(.text.pcan_timesync_event)
    pcan_try_send_message                    0x08003e05   Thumb Code    92  pcan_can.o(.text.pcan_try_send_message)
    [Anonymous Symbol]                       0x08003e04   Section        0  pcan_can.o(.text.pcan_try_send_message)
    __arm_cp.21_0                            0x08003e60   Number         4  pcan_can.o(.text.pcan_try_send_message)
    __arm_cp.21_1                            0x08003e64   Number         4  pcan_can.o(.text.pcan_try_send_message)
    [Anonymous Symbol]                       0x08003e68   Section        0  pcan_usb.o(.text.pcan_usb_init)
    __arm_cp.14_1                            0x08003eac   Number         4  pcan_usb.o(.text.pcan_usb_init)
    __arm_cp.14_2                            0x08003eb0   Number         4  pcan_usb.o(.text.pcan_usb_init)
    __arm_cp.14_3                            0x08003eb4   Number         4  pcan_usb.o(.text.pcan_usb_init)
    __arm_cp.14_4                            0x08003eb8   Number         4  pcan_usb.o(.text.pcan_usb_init)
    [Anonymous Symbol]                       0x08003ebc   Section        0  pcan_usb.o(.text.pcan_usb_poll)
    __arm_cp.2_0                             0x08003ec8   Number         4  pcan_usb.o(.text.pcan_usb_poll)
    [Anonymous Symbol]                       0x08003ecc   Section        0  pcan_usb.o(.text.pcan_usb_send_command_buffer)
    __arm_cp.0_0                             0x08003ef4   Number         4  pcan_usb.o(.text.pcan_usb_send_command_buffer)
    .text_divfast                            0x08003ef8   Section      502  aeabi_sdivfast.o(.text_divfast)
    [Anonymous Symbol]                       0x080040f0   Section        0  pcan_can.o(.rodata..Lconstinit)
    [Anonymous Symbol]                       0x08004104   Section        0  pcan_led.o(.rodata..Lconstinit)
    [Anonymous Symbol]                       0x08004118   Section        0  pcan_can.o(.rodata..Lconstinit.1)
    [Anonymous Symbol]                       0x0800412c   Section        0  pcan_led.o(.rodata..Lconstinit.1)
    USBD_FS_ConfigStrDescriptor.cfg_descriptor 0x08004150   Data          18  usbd_desc.o(.rodata.USBD_FS_ConfigStrDescriptor.cfg_descriptor)
    [Anonymous Symbol]                       0x08004150   Section        0  usbd_desc.o(.rodata.USBD_FS_ConfigStrDescriptor.cfg_descriptor)
    USBD_FS_HugeStrDescriptor.huge_descriptor 0x08004164   Data           2  usbd_desc.o(.rodata.USBD_FS_HugeStrDescriptor.huge_descriptor)
    [Anonymous Symbol]                       0x08004164   Section        0  usbd_desc.o(.rodata.USBD_FS_HugeStrDescriptor.huge_descriptor)
    dev_qua                                  0x08004168   Data          10  pcan_usb.o(.rodata.dev_qua)
    [Anonymous Symbol]                       0x08004168   Section        0  pcan_usb.o(.rodata.dev_qua)
    device_get_user_string.vendor_descriptor 0x08004174   Data          50  pcan_usb.o(.rodata.device_get_user_string.vendor_descriptor)
    [Anonymous Symbol]                       0x08004174   Section        0  pcan_usb.o(.rodata.device_get_user_string.vendor_descriptor)
    device_setup.bootloader_info             0x080041a6   Data          16  pcan_usb.o(.rodata.device_setup.bootloader_info)
    [Anonymous Symbol]                       0x080041a6   Section        0  pcan_usb.o(.rodata.device_setup.bootloader_info)
    [Anonymous Symbol]                       0x080041b6   Section        0  pcan_can.o(.rodata.str1.1)
    [Anonymous Symbol]                       0x080041d2   Section        0  pcan_usb.o(.rodata.str1.1)
    [Anonymous Symbol]                       0x080041ec   Section        0  usbd_conf.o(.rodata.str1.1)
    data_fsm                                 0x20000038   Data          16  pcan_protocol.o(.data.data_fsm)
    [Anonymous Symbol]                       0x20000038   Section        0  pcan_protocol.o(.data.data_fsm)
    g_hcan                                   0x20000048   Data          40  pcan_can.o(.data.g_hcan)
    [Anonymous Symbol]                       0x20000048   Section        0  pcan_can.o(.data.g_hcan)
    pcan_device.8                            0x20000070   Data           1  pcan_protocol.o(.data.pcan_device.8)
    [Anonymous Symbol]                       0x20000070   Section        0  pcan_protocol.o(.data.pcan_device.8)
    pcan_usb_dev                             0x20000074   Data          46  pcan_usb.o(.data.pcan_usb_dev)
    [Anonymous Symbol]                       0x20000074   Section        0  pcan_usb.o(.data.pcan_usb_dev)
    .bss                                     0x200000e8   Section       96  libspace.o(.bss)
    USBD_SetConfig.cfgidx                    0x20000148   Data           1  usbd_ctlreq.o(.bss.USBD_SetConfig.cfgidx)
    [Anonymous Symbol]                       0x20000148   Section        0  usbd_ctlreq.o(.bss.USBD_SetConfig.cfgidx)
    can_dev                                  0x2000014c   Data        2040  pcan_can.o(.bss.can_dev)
    [Anonymous Symbol]                       0x2000014c   Section        0  pcan_can.o(.bss.can_dev)
    led_mode_array                           0x20000e7c   Data          30  pcan_led.o(.bss.led_mode_array)
    [Anonymous Symbol]                       0x20000e7c   Section        0  pcan_led.o(.bss.led_mode_array)
    pcan_data                                0x20000e9a   Data         126  pcan_usb.o(.bss.pcan_data)
    [Anonymous Symbol]                       0x20000e9a   Section        0  pcan_usb.o(.bss.pcan_data)
    pcan_device.0                            0x20000f18   Data           1  pcan_protocol.o(.bss.pcan_device.0)
    [Anonymous Symbol]                       0x20000f18   Section        0  pcan_protocol.o(.bss.pcan_device.0)
    pcan_device.2                            0x20000f1a   Data           1  pcan_protocol.o(.bss.pcan_device.2)
    [Anonymous Symbol]                       0x20000f1a   Section        0  pcan_protocol.o(.bss.pcan_device.2)
    pcan_device.3                            0x20000f1c   Data           2  pcan_protocol.o(.bss.pcan_device.3)
    [Anonymous Symbol]                       0x20000f1c   Section        0  pcan_protocol.o(.bss.pcan_device.3)
    pcan_device.4                            0x20000f20   Data           2  pcan_protocol.o(.bss.pcan_device.4)
    [Anonymous Symbol]                       0x20000f20   Section        0  pcan_protocol.o(.bss.pcan_device.4)
    pcan_device.5.0                          0x20000f24   Data           1  pcan_protocol.o(.bss.pcan_device.5.0)
    [Anonymous Symbol]                       0x20000f24   Section        0  pcan_protocol.o(.bss.pcan_device.5.0)
    pcan_device.5.4                          0x20000f28   Data           1  pcan_protocol.o(.bss.pcan_device.5.4)
    [Anonymous Symbol]                       0x20000f28   Section        0  pcan_protocol.o(.bss.pcan_device.5.4)
    pcan_device.5.5                          0x20000f2c   Data           1  pcan_protocol.o(.bss.pcan_device.5.5)
    [Anonymous Symbol]                       0x20000f2c   Section        0  pcan_protocol.o(.bss.pcan_device.5.5)
    pcan_device.5.8                          0x20000f30   Data           1  pcan_protocol.o(.bss.pcan_device.5.8)
    [Anonymous Symbol]                       0x20000f30   Section        0  pcan_protocol.o(.bss.pcan_device.5.8)
    pcan_device.6.0                          0x20000f34   Data           1  pcan_protocol.o(.bss.pcan_device.6.0)
    [Anonymous Symbol]                       0x20000f34   Section        0  pcan_protocol.o(.bss.pcan_device.6.0)
    pcan_device.6.1                          0x20000f38   Data           1  pcan_protocol.o(.bss.pcan_device.6.1)
    [Anonymous Symbol]                       0x20000f38   Section        0  pcan_protocol.o(.bss.pcan_device.6.1)
    pcan_device.6.2                          0x20000f3a   Data           1  pcan_protocol.o(.bss.pcan_device.6.2)
    [Anonymous Symbol]                       0x20000f3a   Section        0  pcan_protocol.o(.bss.pcan_device.6.2)
    pcan_device.6.3                          0x20000f3c   Data           1  pcan_protocol.o(.bss.pcan_device.6.3)
    [Anonymous Symbol]                       0x20000f3c   Section        0  pcan_protocol.o(.bss.pcan_device.6.3)
    pcan_device.6.4                          0x20000f40   Data           1  pcan_protocol.o(.bss.pcan_device.6.4)
    [Anonymous Symbol]                       0x20000f40   Section        0  pcan_protocol.o(.bss.pcan_device.6.4)
    pcan_device.6.5                          0x20000f44   Data           1  pcan_protocol.o(.bss.pcan_device.6.5)
    [Anonymous Symbol]                       0x20000f44   Section        0  pcan_protocol.o(.bss.pcan_device.6.5)
    pcan_device.7                            0x20000f46   Data           1  pcan_protocol.o(.bss.pcan_device.7)
    [Anonymous Symbol]                       0x20000f46   Section        0  pcan_protocol.o(.bss.pcan_device.7)
    pcan_records                             0x20000f48   Data         900  pcan_protocol.o(.bss.pcan_records)
    [Anonymous Symbol]                       0x20000f48   Section        0  pcan_protocol.o(.bss.pcan_records)
    temp_data_buffer                         0x200012cc   Data         896  pcan_protocol.o(.bss.temp_data_buffer)
    [Anonymous Symbol]                       0x200012cc   Section        0  pcan_protocol.o(.bss.temp_data_buffer)
    Heap_Mem                                 0x20001650   Data         512  startup_stm32f072xb.o(HEAP)
    HEAP                                     0x20001650   Section      512  startup_stm32f072xb.o(HEAP)
    Stack_Mem                                0x20001850   Data        1024  startup_stm32f072xb.o(STACK)
    STACK                                    0x20001850   Section     1024  startup_stm32f072xb.o(STACK)
    __initial_sp                             0x20001c50   Data           0  startup_stm32f072xb.o(STACK)

    Global Symbols

    Symbol Name                              Value     Ov Type        Size  Object(Section)

    BuildAttributes$$THM_ISAv3M$S$PE$A:L22$X:L11$S22$IEEE1$IW$~IW$USESV6$~STKCKD$USESV7$~SHL$OTIME$ROPI$EBA8$UX$STANDARDLIB$REQ8$PRES8$EABIv2 0x00000000   Number         0  anon$$obj.o ABSOLUTE
    __ARM_exceptions_init                     - Undefined Weak Reference
    __alloca_initialize                       - Undefined Weak Reference
    __arm_preinit_                            - Undefined Weak Reference
    __cpp_initialize__aeabi_                  - Undefined Weak Reference
    __cxa_finalize                            - Undefined Weak Reference
    __rt_locale                               - Undefined Weak Reference
    __sigvec_lookup                           - Undefined Weak Reference
    _atexit_init                              - Undefined Weak Reference
    _call_atexit_fns                          - Undefined Weak Reference
    _clock_init                               - Undefined Weak Reference
    _fp_trap_init                             - Undefined Weak Reference
    _fp_trap_shutdown                         - Undefined Weak Reference
    _get_lc_collate                           - Undefined Weak Reference
    _get_lc_ctype                             - Undefined Weak Reference
    _get_lc_monetary                          - Undefined Weak Reference
    _get_lc_numeric                           - Undefined Weak Reference
    _get_lc_time                              - Undefined Weak Reference
    _getenv_init                              - Undefined Weak Reference
    _handle_redirection                       - Undefined Weak Reference
    _init_alloc                               - Undefined Weak Reference
    _init_user_alloc                          - Undefined Weak Reference
    _initio                                   - Undefined Weak Reference
    _rand_init                                - Undefined Weak Reference
    _signal_finish                            - Undefined Weak Reference
    _signal_init                              - Undefined Weak Reference
    _terminate_alloc                          - Undefined Weak Reference
    _terminate_user_alloc                     - Undefined Weak Reference
    _terminateio                              - Undefined Weak Reference
    __Vectors_Size                           0x000000c0   Number         0  startup_stm32f072xb.o ABSOLUTE
    __Vectors                                0x08000000   Data           4  startup_stm32f072xb.o(RESET)
    __Vectors_End                            0x080000c0   Data           0  startup_stm32f072xb.o(RESET)
    __main                                   0x080000c1   Thumb Code     8  __main.o(!!!main)
    __scatterload                            0x080000c9   Thumb Code     0  __scatter.o(!!!scatter)
    __scatterload_rt2                        0x080000c9   Thumb Code    52  __scatter.o(!!!scatter)
    __scatterload_rt2_thumb_only             0x080000c9   Thumb Code     0  __scatter.o(!!!scatter)
    __scatterload_null                       0x080000d9   Thumb Code     0  __scatter.o(!!!scatter)
    __scatterload_copy                       0x08000105   Thumb Code    26  __scatter_copy.o(!!handler_copy)
    __scatterload_zeroinit                   0x08000121   Thumb Code    28  __scatter_zi.o(!!handler_zi)
    __rt_lib_init                            0x0800013d   Thumb Code     0  libinit.o(.ARM.Collect$$libinit$$00000000)
    __rt_lib_init_alloca_1                   0x0800013f   Thumb Code     0  libinit2.o(.ARM.Collect$$libinit$$0000002E)
    __rt_lib_init_argv_1                     0x0800013f   Thumb Code     0  libinit2.o(.ARM.Collect$$libinit$$0000002C)
    __rt_lib_init_atexit_1                   0x0800013f   Thumb Code     0  libinit2.o(.ARM.Collect$$libinit$$0000001B)
    __rt_lib_init_clock_1                    0x0800013f   Thumb Code     0  libinit2.o(.ARM.Collect$$libinit$$00000021)
    __rt_lib_init_cpp_1                      0x0800013f   Thumb Code     0  libinit2.o(.ARM.Collect$$libinit$$00000032)
    __rt_lib_init_exceptions_1               0x0800013f   Thumb Code     0  libinit2.o(.ARM.Collect$$libinit$$00000030)
    __rt_lib_init_fp_1                       0x0800013f   Thumb Code     0  libinit2.o(.ARM.Collect$$libinit$$00000002)
    __rt_lib_init_fp_trap_1                  0x0800013f   Thumb Code     0  libinit2.o(.ARM.Collect$$libinit$$0000001F)
    __rt_lib_init_getenv_1                   0x0800013f   Thumb Code     0  libinit2.o(.ARM.Collect$$libinit$$00000023)
    __rt_lib_init_heap_1                     0x0800013f   Thumb Code     0  libinit2.o(.ARM.Collect$$libinit$$0000000A)
    __rt_lib_init_lc_collate_1               0x0800013f   Thumb Code     0  libinit2.o(.ARM.Collect$$libinit$$00000011)
    __rt_lib_init_lc_ctype_1                 0x0800013f   Thumb Code     0  libinit2.o(.ARM.Collect$$libinit$$00000013)
    __rt_lib_init_lc_monetary_1              0x0800013f   Thumb Code     0  libinit2.o(.ARM.Collect$$libinit$$00000015)
    __rt_lib_init_lc_numeric_1               0x0800013f   Thumb Code     0  libinit2.o(.ARM.Collect$$libinit$$00000017)
    __rt_lib_init_lc_time_1                  0x0800013f   Thumb Code     0  libinit2.o(.ARM.Collect$$libinit$$00000019)
    __rt_lib_init_preinit_1                  0x0800013f   Thumb Code     0  libinit2.o(.ARM.Collect$$libinit$$00000004)
    __rt_lib_init_rand_1                     0x0800013f   Thumb Code     0  libinit2.o(.ARM.Collect$$libinit$$0000000E)
    __rt_lib_init_return                     0x0800013f   Thumb Code     0  libinit2.o(.ARM.Collect$$libinit$$00000033)
    __rt_lib_init_signal_1                   0x0800013f   Thumb Code     0  libinit2.o(.ARM.Collect$$libinit$$0000001D)
    __rt_lib_init_stdio_1                    0x0800013f   Thumb Code     0  libinit2.o(.ARM.Collect$$libinit$$00000025)
    __rt_lib_init_user_alloc_1               0x0800013f   Thumb Code     0  libinit2.o(.ARM.Collect$$libinit$$0000000C)
    __rt_lib_shutdown                        0x08000141   Thumb Code     0  libshutdown.o(.ARM.Collect$$libshutdown$$00000000)
    __rt_lib_shutdown_cpp_1                  0x08000143   Thumb Code     0  libshutdown2.o(.ARM.Collect$$libshutdown$$00000002)
    __rt_lib_shutdown_fp_trap_1              0x08000143   Thumb Code     0  libshutdown2.o(.ARM.Collect$$libshutdown$$00000007)
    __rt_lib_shutdown_heap_1                 0x08000143   Thumb Code     0  libshutdown2.o(.ARM.Collect$$libshutdown$$0000000F)
    __rt_lib_shutdown_return                 0x08000143   Thumb Code     0  libshutdown2.o(.ARM.Collect$$libshutdown$$00000010)
    __rt_lib_shutdown_signal_1               0x08000143   Thumb Code     0  libshutdown2.o(.ARM.Collect$$libshutdown$$0000000A)
    __rt_lib_shutdown_stdio_1                0x08000143   Thumb Code     0  libshutdown2.o(.ARM.Collect$$libshutdown$$00000004)
    __rt_lib_shutdown_user_alloc_1           0x08000143   Thumb Code     0  libshutdown2.o(.ARM.Collect$$libshutdown$$0000000C)
    __rt_entry                               0x08000145   Thumb Code     0  __rtentry.o(.ARM.Collect$$rtentry$$00000000)
    __rt_entry_presh_1                       0x08000145   Thumb Code     0  __rtentry2.o(.ARM.Collect$$rtentry$$00000002)
    __rt_entry_sh                            0x08000145   Thumb Code     0  __rtentry4.o(.ARM.Collect$$rtentry$$00000004)
    __rt_entry_li                            0x0800014b   Thumb Code     0  __rtentry2.o(.ARM.Collect$$rtentry$$0000000A)
    __rt_entry_postsh_1                      0x0800014b   Thumb Code     0  __rtentry2.o(.ARM.Collect$$rtentry$$00000009)
    __rt_entry_main                          0x0800014f   Thumb Code     0  __rtentry2.o(.ARM.Collect$$rtentry$$0000000D)
    __rt_entry_postli_1                      0x0800014f   Thumb Code     0  __rtentry2.o(.ARM.Collect$$rtentry$$0000000C)
    __rt_exit                                0x08000157   Thumb Code     0  rtexit.o(.ARM.Collect$$rtexit$$00000000)
    __rt_exit_ls                             0x08000159   Thumb Code     0  rtexit2.o(.ARM.Collect$$rtexit$$00000003)
    __rt_exit_prels_1                        0x08000159   Thumb Code     0  rtexit2.o(.ARM.Collect$$rtexit$$00000002)
    __rt_exit_exit                           0x0800015d   Thumb Code     0  rtexit2.o(.ARM.Collect$$rtexit$$00000004)
    __aeabi_memcpy4                          0x08000165   Thumb Code    56  rt_memcpy.o(.emb_text)
    __aeabi_memcpy8                          0x08000165   Thumb Code     0  rt_memcpy.o(.emb_text)
    Reset_Handler                            0x0800019d   Thumb Code     8  startup_stm32f072xb.o(.text)
    NMI_Handler                              0x080001a5   Thumb Code     2  startup_stm32f072xb.o(.text)
    HardFault_Handler                        0x080001a7   Thumb Code     2  startup_stm32f072xb.o(.text)
    SVC_Handler                              0x080001a9   Thumb Code     2  startup_stm32f072xb.o(.text)
    PendSV_Handler                           0x080001ab   Thumb Code     2  startup_stm32f072xb.o(.text)
    ADC1_COMP_IRQHandler                     0x080001af   Thumb Code     0  startup_stm32f072xb.o(.text)
    CEC_CAN_IRQHandler                       0x080001af   Thumb Code     0  startup_stm32f072xb.o(.text)
    DMA1_Channel1_IRQHandler                 0x080001af   Thumb Code     0  startup_stm32f072xb.o(.text)
    DMA1_Channel2_3_IRQHandler               0x080001af   Thumb Code     0  startup_stm32f072xb.o(.text)
    DMA1_Channel4_5_6_7_IRQHandler           0x080001af   Thumb Code     0  startup_stm32f072xb.o(.text)
    EXTI0_1_IRQHandler                       0x080001af   Thumb Code     0  startup_stm32f072xb.o(.text)
    EXTI2_3_IRQHandler                       0x080001af   Thumb Code     0  startup_stm32f072xb.o(.text)
    EXTI4_15_IRQHandler                      0x080001af   Thumb Code     0  startup_stm32f072xb.o(.text)
    FLASH_IRQHandler                         0x080001af   Thumb Code     0  startup_stm32f072xb.o(.text)
    I2C1_IRQHandler                          0x080001af   Thumb Code     0  startup_stm32f072xb.o(.text)
    I2C2_IRQHandler                          0x080001af   Thumb Code     0  startup_stm32f072xb.o(.text)
    PVD_VDDIO2_IRQHandler                    0x080001af   Thumb Code     0  startup_stm32f072xb.o(.text)
    RCC_CRS_IRQHandler                       0x080001af   Thumb Code     0  startup_stm32f072xb.o(.text)
    RTC_IRQHandler                           0x080001af   Thumb Code     0  startup_stm32f072xb.o(.text)
    SPI1_IRQHandler                          0x080001af   Thumb Code     0  startup_stm32f072xb.o(.text)
    SPI2_IRQHandler                          0x080001af   Thumb Code     0  startup_stm32f072xb.o(.text)
    TIM14_IRQHandler                         0x080001af   Thumb Code     0  startup_stm32f072xb.o(.text)
    TIM15_IRQHandler                         0x080001af   Thumb Code     0  startup_stm32f072xb.o(.text)
    TIM16_IRQHandler                         0x080001af   Thumb Code     0  startup_stm32f072xb.o(.text)
    TIM17_IRQHandler                         0x080001af   Thumb Code     0  startup_stm32f072xb.o(.text)
    TIM1_BRK_UP_TRG_COM_IRQHandler           0x080001af   Thumb Code     0  startup_stm32f072xb.o(.text)
    TIM1_CC_IRQHandler                       0x080001af   Thumb Code     0  startup_stm32f072xb.o(.text)
    TIM2_IRQHandler                          0x080001af   Thumb Code     0  startup_stm32f072xb.o(.text)
    TIM3_IRQHandler                          0x080001af   Thumb Code     0  startup_stm32f072xb.o(.text)
    TIM6_DAC_IRQHandler                      0x080001af   Thumb Code     0  startup_stm32f072xb.o(.text)
    TIM7_IRQHandler                          0x080001af   Thumb Code     0  startup_stm32f072xb.o(.text)
    TSC_IRQHandler                           0x080001af   Thumb Code     0  startup_stm32f072xb.o(.text)
    USART1_IRQHandler                        0x080001af   Thumb Code     0  startup_stm32f072xb.o(.text)
    USART2_IRQHandler                        0x080001af   Thumb Code     0  startup_stm32f072xb.o(.text)
    USART3_4_IRQHandler                      0x080001af   Thumb Code     0  startup_stm32f072xb.o(.text)
    USB_IRQHandler                           0x080001af   Thumb Code     0  startup_stm32f072xb.o(.text)
    WWDG_IRQHandler                          0x080001af   Thumb Code     0  startup_stm32f072xb.o(.text)
    __user_initial_stackheap                 0x080001b1   Thumb Code     0  startup_stm32f072xb.o(.text)
    __aeabi_assert                           0x080001d5   Thumb Code    82  assert.o(.text)
    __assert                                 0x080001d5   Thumb Code     0  assert.o(.text)
    __aeabi_memcpy                           0x08000251   Thumb Code   130  rt_memcpy.o(.text)
    __rt_memcpy                              0x08000251   Thumb Code     0  rt_memcpy.o(.text)
    _memset_w                                0x080002d3   Thumb Code    26  rt_memclr.o(.text)
    _memset                                  0x080002ed   Thumb Code    30  rt_memclr.o(.text)
    __aeabi_memclr                           0x0800030b   Thumb Code     4  rt_memclr.o(.text)
    __rt_memclr                              0x0800030b   Thumb Code     0  rt_memclr.o(.text)
    __aeabi_memclr4                          0x0800030f   Thumb Code     0  rt_memclr.o(.text)
    __aeabi_memclr8                          0x0800030f   Thumb Code     0  rt_memclr.o(.text)
    __rt_memclr_w                            0x0800030f   Thumb Code     4  rt_memclr.o(.text)
    __aeabi_uidivmod                         0x08000315   Thumb Code    28  aeabi_sdivfast.o(.text)
    __aeabi_idivmod                          0x08000331   Thumb Code   472  aeabi_sdivfast.o(.text)
    __use_two_region_memory                  0x0800050d   Thumb Code     2  heapauxi.o(.text)
    __rt_heap_escrow$2region                 0x0800050f   Thumb Code     2  heapauxi.o(.text)
    __rt_heap_expand$2region                 0x08000511   Thumb Code     2  heapauxi.o(.text)
    abort                                    0x08000513   Thumb Code    20  abort.o(.text)
    __assert_puts                            0x08000527   Thumb Code    20  assert_puts.o(.text)
    _ttywrch                                 0x0800053b   Thumb Code    12  sys_wrch.o(.text)
    _sys_exit                                0x08000549   Thumb Code     8  sys_exit.o(.text)
    __rt_SIGABRT                             0x08000555   Thumb Code    12  defsig_abrt_outer.o(.text)
    __I$use$semihosting                      0x08000561   Thumb Code     0  use_no_semi.o(.text)
    __use_no_semihosting_swi                 0x08000561   Thumb Code     2  use_no_semi.o(.text)
    __semihosting_library_function           0x08000563   Thumb Code     0  indicate_semi.o(.text)
    __user_setup_stackheap                   0x08000563   Thumb Code    62  sys_stackheap_outer.o(.text)
    exit                                     0x080005a1   Thumb Code    16  exit.o(.text)
    __sig_exit                               0x080005b1   Thumb Code    12  defsig_exit.o(.text)
    __rt_SIGABRT_inner                       0x080005bd   Thumb Code    14  defsig_abrt_inner.o(.text)
    __user_libspace                          0x080005ed   Thumb Code     8  libspace.o(.text)
    __user_perproc_libspace                  0x080005ed   Thumb Code     0  libspace.o(.text)
    __user_perthread_libspace                0x080005ed   Thumb Code     0  libspace.o(.text)
    __default_signal_display                 0x080005f5   Thumb Code    52  defsig_general.o(.text)
    HAL_CAN_AbortTxRequest                   0x08000629   Thumb Code    86  stm32f0xx_hal_can.o(.text.HAL_CAN_AbortTxRequest)
    HAL_CAN_ActivateNotification             0x0800067f   Thumb Code    34  stm32f0xx_hal_can.o(.text.HAL_CAN_ActivateNotification)
    HAL_CAN_AddTxMessage                     0x080006a1   Thumb Code   180  stm32f0xx_hal_can.o(.text.HAL_CAN_AddTxMessage)
    HAL_CAN_ConfigFilter                     0x08000755   Thumb Code   230  stm32f0xx_hal_can.o(.text.HAL_CAN_ConfigFilter)
    HAL_CAN_DeInit                           0x0800083b   Thumb Code    44  stm32f0xx_hal_can.o(.text.HAL_CAN_DeInit)
    HAL_CAN_ErrorCallback                    0x08000869   Thumb Code    76  pcan_can.o(.text.HAL_CAN_ErrorCallback)
    HAL_CAN_GetError                         0x080008bd   Thumb Code     4  stm32f0xx_hal_can.o(.text.HAL_CAN_GetError)
    HAL_CAN_GetRxMessage                     0x080008c1   Thumb Code   244  stm32f0xx_hal_can.o(.text.HAL_CAN_GetRxMessage)
    HAL_CAN_IRQHandler                       0x080009b5   Thumb Code   594  stm32f0xx_hal_can.o(.text.HAL_CAN_IRQHandler)
    HAL_CAN_Init                             0x08000c07   Thumb Code   264  stm32f0xx_hal_can.o(.text.HAL_CAN_Init)
    HAL_CAN_MspDeInit                        0x08000d0f   Thumb Code     2  stm32f0xx_hal_can.o(.text.HAL_CAN_MspDeInit)
    HAL_CAN_MspInit                          0x08000d11   Thumb Code     2  stm32f0xx_hal_can.o(.text.HAL_CAN_MspInit)
    HAL_CAN_ResetError                       0x08000d13   Thumb Code    28  stm32f0xx_hal_can.o(.text.HAL_CAN_ResetError)
    HAL_CAN_RxFifo0FullCallback              0x08000d31   Thumb Code    12  pcan_can.o(.text.HAL_CAN_RxFifo0FullCallback)
    HAL_CAN_RxFifo0MsgPendingCallback        0x08000d3d   Thumb Code    10  pcan_can.o(.text.HAL_CAN_RxFifo0MsgPendingCallback)
    HAL_CAN_RxFifo1FullCallback              0x08000d49   Thumb Code    12  pcan_can.o(.text.HAL_CAN_RxFifo1FullCallback)
    HAL_CAN_RxFifo1MsgPendingCallback        0x08000d55   Thumb Code    10  pcan_can.o(.text.HAL_CAN_RxFifo1MsgPendingCallback)
    HAL_CAN_SleepCallback                    0x08000d5f   Thumb Code     2  pcan_can.o(.text.HAL_CAN_SleepCallback)
    HAL_CAN_Start                            0x08000d61   Thumb Code    92  stm32f0xx_hal_can.o(.text.HAL_CAN_Start)
    HAL_CAN_Stop                             0x08000dbd   Thumb Code    96  stm32f0xx_hal_can.o(.text.HAL_CAN_Stop)
    HAL_CAN_TxMailbox0AbortCallback          0x08000e1d   Thumb Code     2  stm32f0xx_hal_can.o(.text.HAL_CAN_TxMailbox0AbortCallback)
    HAL_CAN_TxMailbox0CompleteCallback       0x08000e21   Thumb Code    12  pcan_can.o(.text.HAL_CAN_TxMailbox0CompleteCallback)
    HAL_CAN_TxMailbox1AbortCallback          0x08000e2d   Thumb Code     2  stm32f0xx_hal_can.o(.text.HAL_CAN_TxMailbox1AbortCallback)
    HAL_CAN_TxMailbox1CompleteCallback       0x08000e31   Thumb Code    12  pcan_can.o(.text.HAL_CAN_TxMailbox1CompleteCallback)
    HAL_CAN_TxMailbox2AbortCallback          0x08000e3d   Thumb Code     2  stm32f0xx_hal_can.o(.text.HAL_CAN_TxMailbox2AbortCallback)
    HAL_CAN_TxMailbox2CompleteCallback       0x08000e41   Thumb Code    12  pcan_can.o(.text.HAL_CAN_TxMailbox2CompleteCallback)
    HAL_CAN_WakeUpFromRxMsgCallback          0x08000e51   Thumb Code     2  pcan_can.o(.text.HAL_CAN_WakeUpFromRxMsgCallback)
    HAL_GPIO_Init                            0x08000e55   Thumb Code   360  stm32f0xx_hal_gpio.o(.text.HAL_GPIO_Init)
    HAL_GetTick                              0x08000fd1   Thumb Code     8  stm32f0xx_hal.o(.text.HAL_GetTick)
    HAL_IncTick                              0x08000fd9   Thumb Code    16  stm32f0xx_hal.o(.text.HAL_IncTick)
    HAL_Init                                 0x08000fed   Thumb Code    28  stm32f0xx_hal.o(.text.HAL_Init)
    HAL_InitTick                             0x0800100d   Thumb Code    60  stm32f0xx_hal.o(.text.HAL_InitTick)
    HAL_MspInit                              0x08001055   Thumb Code    88  main.o(.text.HAL_MspInit)
    HAL_NVIC_SetPriority                     0x080010b1   Thumb Code     8  stm32f0xx_hal_cortex.o(.text.HAL_NVIC_SetPriority)
    HAL_PCDEx_ActivateLPM                    0x080010b9   Thumb Code    38  stm32f0xx_hal_pcd_ex.o(.text.HAL_PCDEx_ActivateLPM)
    HAL_PCDEx_LPM_Callback                   0x080010df   Thumb Code     2  stm32f0xx_hal_pcd_ex.o(.text.HAL_PCDEx_LPM_Callback)
    HAL_PCDEx_PMAConfig                      0x080010e1   Thumb Code    56  stm32f0xx_hal_pcd_ex.o(.text.HAL_PCDEx_PMAConfig)
    HAL_PCD_DataInStageCallback              0x08001119   Thumb Code    22  usbd_conf.o(.text.HAL_PCD_DataInStageCallback)
    HAL_PCD_DataOutStageCallback             0x0800112f   Thumb Code    26  usbd_conf.o(.text.HAL_PCD_DataOutStageCallback)
    HAL_PCD_EP_Close                         0x08001149   Thumb Code    76  stm32f0xx_hal_pcd.o(.text.HAL_PCD_EP_Close)
    HAL_PCD_EP_ClrStall                      0x08001195   Thumb Code    94  stm32f0xx_hal_pcd.o(.text.HAL_PCD_EP_ClrStall)
    HAL_PCD_EP_Flush                         0x080011f3   Thumb Code     4  stm32f0xx_hal_pcd.o(.text.HAL_PCD_EP_Flush)
    HAL_PCD_EP_GetRxCount                    0x080011f7   Thumb Code    14  stm32f0xx_hal_pcd.o(.text.HAL_PCD_EP_GetRxCount)
    HAL_PCD_EP_Open                          0x08001205   Thumb Code    96  stm32f0xx_hal_pcd.o(.text.HAL_PCD_EP_Open)
    HAL_PCD_EP_Receive                       0x08001265   Thumb Code    38  stm32f0xx_hal_pcd.o(.text.HAL_PCD_EP_Receive)
    HAL_PCD_EP_SetStall                      0x0800128b   Thumb Code   106  stm32f0xx_hal_pcd.o(.text.HAL_PCD_EP_SetStall)
    HAL_PCD_EP_Transmit                      0x080012f5   Thumb Code    38  stm32f0xx_hal_pcd.o(.text.HAL_PCD_EP_Transmit)
    HAL_PCD_IRQHandler                       0x0800131d   Thumb Code   368  stm32f0xx_hal_pcd.o(.text.HAL_PCD_IRQHandler)
    HAL_PCD_Init                             0x080014a9   Thumb Code   210  stm32f0xx_hal_pcd.o(.text.HAL_PCD_Init)
    HAL_PCD_MspInit                          0x0800157d   Thumb Code    40  usbd_conf.o(.text.HAL_PCD_MspInit)
    HAL_PCD_ResetCallback                    0x080015ad   Thumb Code    40  usbd_conf.o(.text.HAL_PCD_ResetCallback)
    HAL_PCD_ResumeCallback                   0x080015dd   Thumb Code    36  usbd_conf.o(.text.HAL_PCD_ResumeCallback)
    HAL_PCD_SOFCallback                      0x08001601   Thumb Code    14  usbd_conf.o(.text.HAL_PCD_SOFCallback)
    HAL_PCD_SetAddress                       0x0800160f   Thumb Code    40  stm32f0xx_hal_pcd.o(.text.HAL_PCD_SetAddress)
    HAL_PCD_SetupStageCallback               0x08001637   Thumb Code    22  usbd_conf.o(.text.HAL_PCD_SetupStageCallback)
    HAL_PCD_Start                            0x0800164d   Thumb Code    42  stm32f0xx_hal_pcd.o(.text.HAL_PCD_Start)
    HAL_PCD_SuspendCallback                  0x08001679   Thumb Code    32  usbd_conf.o(.text.HAL_PCD_SuspendCallback)
    HAL_RCCEx_CRSConfig                      0x0800169d   Thumb Code    68  stm32f0xx_hal_rcc_ex.o(.text.HAL_RCCEx_CRSConfig)
    HAL_RCC_ClockConfig                      0x080016e9   Thumb Code   276  stm32f0xx_hal_rcc.o(.text.HAL_RCC_ClockConfig)
    HAL_RCC_GetSysClockFreq                  0x0800180d   Thumb Code    84  stm32f0xx_hal_rcc.o(.text.HAL_RCC_GetSysClockFreq)
    HAL_SYSTICK_Config                       0x08001891   Thumb Code     8  stm32f0xx_hal_cortex.o(.text.HAL_SYSTICK_Config)
    SysTick_Handler                          0x08001bc1   Thumb Code     8  main.o(.text.SysTick_Handler)
    SystemClock_Config                       0x08001bd1   Thumb Code   112  main.o(.text.SystemClock_Config)
    SystemInit                               0x08001c49   Thumb Code     2  system_stm32f0xx.o(.text.SystemInit)
    USBD_ClrClassConfig                      0x08001c4b   Thumb Code    16  usbd_core.o(.text.USBD_ClrClassConfig)
    USBD_CtlContinueRx                       0x08001c81   Thumb Code    18  usbd_ioreq.o(.text.USBD_CtlContinueRx)
    USBD_CtlContinueSendData                 0x08001c93   Thumb Code    18  usbd_ioreq.o(.text.USBD_CtlContinueSendData)
    USBD_CtlError                            0x08001ca5   Thumb Code    20  usbd_ctlreq.o(.text.USBD_CtlError)
    USBD_CtlReceiveStatus                    0x08001cb9   Thumb Code    26  usbd_ioreq.o(.text.USBD_CtlReceiveStatus)
    USBD_CtlSendData                         0x08001cd3   Thumb Code    30  usbd_ioreq.o(.text.USBD_CtlSendData)
    USBD_CtlSendStatus                       0x08001cf1   Thumb Code    26  usbd_ioreq.o(.text.USBD_CtlSendStatus)
    USBD_FS_ConfigStrDescriptor              0x08001d0d   Thumb Code     8  usbd_desc.o(.text.USBD_FS_ConfigStrDescriptor)
    USBD_FS_DeviceDescriptor                 0x08001d19   Thumb Code     8  usbd_desc.o(.text.USBD_FS_DeviceDescriptor)
    USBD_FS_HugeStrDescriptor                0x08001d25   Thumb Code     8  usbd_desc.o(.text.USBD_FS_HugeStrDescriptor)
    USBD_FS_LangIDStrDescriptor              0x08001d31   Thumb Code     8  usbd_desc.o(.text.USBD_FS_LangIDStrDescriptor)
    USBD_Init                                0x08001ee1   Thumb Code    46  usbd_core.o(.text.USBD_Init)
    USBD_LL_ClearStallEP                     0x08001f0f   Thumb Code    18  usbd_conf.o(.text.USBD_LL_ClearStallEP)
    USBD_LL_CloseEP                          0x08001f21   Thumb Code    18  usbd_conf.o(.text.USBD_LL_CloseEP)
    USBD_LL_DataInStage                      0x08001f33   Thumb Code   208  usbd_core.o(.text.USBD_LL_DataInStage)
    USBD_LL_DataOutStage                     0x08002003   Thumb Code   134  usbd_core.o(.text.USBD_LL_DataOutStage)
    USBD_LL_FlushEP                          0x08002089   Thumb Code    18  usbd_conf.o(.text.USBD_LL_FlushEP)
    USBD_LL_GetRxDataSize                    0x0800209b   Thumb Code    14  usbd_conf.o(.text.USBD_LL_GetRxDataSize)
    USBD_LL_Init                             0x080020a9   Thumb Code   144  usbd_conf.o(.text.USBD_LL_Init)
    USBD_LL_IsStallEP                        0x08002149   Thumb Code    32  usbd_conf.o(.text.USBD_LL_IsStallEP)
    USBD_LL_OpenEP                           0x08002169   Thumb Code    24  usbd_conf.o(.text.USBD_LL_OpenEP)
    USBD_LL_PrepareReceive                   0x08002181   Thumb Code    18  usbd_conf.o(.text.USBD_LL_PrepareReceive)
    USBD_LL_Reset                            0x08002193   Thumb Code    84  usbd_core.o(.text.USBD_LL_Reset)
    USBD_LL_Resume                           0x080021e7   Thumb Code    20  usbd_core.o(.text.USBD_LL_Resume)
    USBD_LL_SOF                              0x080021fb   Thumb Code    28  usbd_core.o(.text.USBD_LL_SOF)
    USBD_LL_SetSpeed                         0x08002217   Thumb Code     6  usbd_core.o(.text.USBD_LL_SetSpeed)
    USBD_LL_SetUSBAddress                    0x0800221d   Thumb Code    18  usbd_conf.o(.text.USBD_LL_SetUSBAddress)
    USBD_LL_SetupStage                       0x08002231   Thumb Code   112  usbd_core.o(.text.USBD_LL_SetupStage)
    USBD_LL_StallEP                          0x080022a5   Thumb Code    18  usbd_conf.o(.text.USBD_LL_StallEP)
    USBD_LL_Start                            0x080022b7   Thumb Code    18  usbd_conf.o(.text.USBD_LL_Start)
    USBD_LL_Suspend                          0x080022c9   Thumb Code    18  usbd_core.o(.text.USBD_LL_Suspend)
    USBD_LL_Transmit                         0x080022db   Thumb Code    18  usbd_conf.o(.text.USBD_LL_Transmit)
    USBD_ParseSetupRequest                   0x080022ed   Thumb Code    40  usbd_ctlreq.o(.text.USBD_ParseSetupRequest)
    USBD_RegisterClass                       0x08002315   Thumb Code    18  usbd_core.o(.text.USBD_RegisterClass)
    USBD_SetClassConfig                      0x08002375   Thumb Code    28  usbd_core.o(.text.USBD_SetClassConfig)
    USBD_Start                               0x0800242f   Thumb Code    10  usbd_core.o(.text.USBD_Start)
    USBD_StdDevReq                           0x08002439   Thumb Code   122  usbd_ctlreq.o(.text.USBD_StdDevReq)
    USBD_StdEPReq                            0x080024b3   Thumb Code   340  usbd_ctlreq.o(.text.USBD_StdEPReq)
    USBD_StdItfReq                           0x08002607   Thumb Code    94  usbd_ctlreq.o(.text.USBD_StdItfReq)
    USB_ActivateEndpoint                     0x08002665   Thumb Code   500  stm32f0xx_ll_usb.o(.text.USB_ActivateEndpoint)
    USB_DeactivateEndpoint                   0x08002871   Thumb Code   204  stm32f0xx_ll_usb.o(.text.USB_DeactivateEndpoint)
    USB_DevConnect                           0x08002941   Thumb Code    16  stm32f0xx_ll_usb.o(.text.USB_DevConnect)
    USB_DevInit                              0x08002951   Thumb Code    28  stm32f0xx_ll_usb.o(.text.USB_DevInit)
    USB_DisableGlobalInt                     0x0800296d   Thumb Code    16  stm32f0xx_ll_usb.o(.text.USB_DisableGlobalInt)
    USB_EP0_OutStart                         0x08002981   Thumb Code     4  stm32f0xx_ll_usb.o(.text.USB_EP0_OutStart)
    USB_EPClearStall                         0x08002985   Thumb Code    96  stm32f0xx_ll_usb.o(.text.USB_EPClearStall)
    USB_EPSetStall                           0x080029f5   Thumb Code    44  stm32f0xx_ll_usb.o(.text.USB_EPSetStall)
    USB_EPStartXfer                          0x08002a2d   Thumb Code   684  stm32f0xx_ll_usb.o(.text.USB_EPStartXfer)
    USB_EnableGlobalInt                      0x08002cf1   Thumb Code    16  stm32f0xx_ll_usb.o(.text.USB_EnableGlobalInt)
    USB_ReadInterrupts                       0x08002d05   Thumb Code     6  stm32f0xx_ll_usb.o(.text.USB_ReadInterrupts)
    USB_ReadPMA                              0x08002d0b   Thumb Code    42  stm32f0xx_ll_usb.o(.text.USB_ReadPMA)
    USB_SetDevAddress                        0x08002d35   Thumb Code    18  stm32f0xx_ll_usb.o(.text.USB_SetDevAddress)
    USB_WritePMA                             0x08002d47   Thumb Code    38  stm32f0xx_ll_usb.o(.text.USB_WritePMA)
    main                                     0x08002f9d   Thumb Code    66  main.o(.text.main)
    pcan_can_init                            0x08003025   Thumb Code   220  pcan_can.o(.text.pcan_can_init)
    pcan_can_install_error_callback          0x0800311d   Thumb Code     8  pcan_can.o(.text.pcan_can_install_error_callback)
    pcan_can_install_rx_callback             0x08003129   Thumb Code    12  pcan_can.o(.text.pcan_can_install_rx_callback)
    pcan_can_poll                            0x08003135   Thumb Code    16  pcan_can.o(.text.pcan_can_poll)
    pcan_can_send_message                    0x080031c5   Thumb Code    68  pcan_can.o(.text.pcan_can_send_message)
    pcan_can_set_bitrate                     0x08003211   Thumb Code    84  pcan_can.o(.text.pcan_can_set_bitrate)
    pcan_can_set_bus_active                  0x080032dd   Thumb Code    40  pcan_can.o(.text.pcan_can_set_bus_active)
    pcan_can_set_silent                      0x08003305   Thumb Code    32  pcan_can.o(.text.pcan_can_set_silent)
    pcan_flush_data                          0x08003489   Thumb Code   156  pcan_usb.o(.text.pcan_flush_data)
    pcan_flush_ep                            0x0800355d   Thumb Code    32  pcan_usb.o(.text.pcan_flush_ep)
    pcan_led_init                            0x08003581   Thumb Code    88  pcan_led.o(.text.pcan_led_init)
    pcan_led_poll                            0x080035e5   Thumb Code   132  pcan_led.o(.text.pcan_led_poll)
    pcan_led_set_mode                        0x08003669   Thumb Code    88  pcan_led.o(.text.pcan_led_set_mode)
    pcan_protocol_init                       0x08003719   Thumb Code    32  pcan_protocol.o(.text.pcan_protocol_init)
    pcan_protocol_poll                       0x08003745   Thumb Code    48  pcan_protocol.o(.text.pcan_protocol_poll)
    pcan_protocol_process_command            0x08003779   Thumb Code   348  pcan_protocol.o(.text.pcan_protocol_process_command)
    pcan_protocol_process_data               0x0800391d   Thumb Code   102  pcan_protocol.o(.text.pcan_protocol_process_data)
    pcan_record_buffer_commit                0x08003985   Thumb Code    28  pcan_protocol.o(.text.pcan_record_buffer_commit)
    pcan_record_buffer_flush                 0x080039a1   Thumb Code   100  pcan_protocol.o(.text.pcan_record_buffer_flush)
    pcan_record_buffer_request               0x08003a11   Thumb Code    86  pcan_protocol.o(.text.pcan_record_buffer_request)
    pcan_record_buffer_reset                 0x08003a67   Thumb Code    24  pcan_protocol.o(.text.pcan_record_buffer_reset)
    pcan_record_write_header                 0x08003a7f   Thumb Code    10  pcan_protocol.o(.text.pcan_record_write_header)
    pcan_sja1000_read                        0x08003bd9   Thumb Code   164  pcan_protocol.o(.text.pcan_sja1000_read)
    pcan_sja1000_write                       0x08003c7d   Thumb Code   176  pcan_protocol.o(.text.pcan_sja1000_write)
    pcan_timestamp_init                      0x08003d49   Thumb Code    52  pcan_timestamp.o(.text.pcan_timestamp_init)
    pcan_timestamp_millis                    0x08003d89   Thumb Code    10  pcan_timestamp.o(.text.pcan_timestamp_millis)
    pcan_timestamp_ticks                     0x08003d95   Thumb Code     8  pcan_timestamp.o(.text.pcan_timestamp_ticks)
    pcan_timesync_event                      0x08003da1   Thumb Code    92  pcan_protocol.o(.text.pcan_timesync_event)
    pcan_usb_init                            0x08003e69   Thumb Code    68  pcan_usb.o(.text.pcan_usb_init)
    pcan_usb_poll                            0x08003ebd   Thumb Code    12  pcan_usb.o(.text.pcan_usb_poll)
    pcan_usb_send_command_buffer             0x08003ecd   Thumb Code    40  pcan_usb.o(.text.pcan_usb_send_command_buffer)
    __aeabi_uidiv                            0x08003ef9   Thumb Code    68  aeabi_sdivfast.o(.text_divfast)
    __aeabi_idiv                             0x08003f3d   Thumb Code   434  aeabi_sdivfast.o(.text_divfast)
    AHBPrescTable                            0x08004140   Data          16  system_stm32f0xx.o(.rodata.AHBPrescTable)
    Region$$Table$$Base                      0x08004208   Number         0  anon$$obj.o(Region$$Table)
    Region$$Table$$Limit                     0x08004228   Number         0  anon$$obj.o(Region$$Table)
    FS_Desc                                  0x20000000   Data          28  usbd_desc.o(.data.FS_Desc)
    SystemCoreClock                          0x2000001c   Data           4  system_stm32f0xx.o(.data.SystemCoreClock)
    USBD_FS_DeviceDesc                       0x20000020   Data          18  usbd_desc.o(.data.USBD_FS_DeviceDesc)
    USBD_LangIDDesc                          0x20000034   Data           4  usbd_desc.o(.data.USBD_LangIDDesc)
    usbd_pcan                                0x200000a4   Data          60  pcan_usb.o(.data.usbd_pcan)
    uwTickFreq                               0x200000e0   Data           1  stm32f0xx_hal.o(.data.uwTickFreq)
    uwTickPrio                               0x200000e4   Data           4  stm32f0xx_hal.o(.data.uwTickPrio)
    __libspace_start                         0x200000e8   Data          96  libspace.o(.bss)
    __temporary_stack_top$libspace           0x20000148   Data           0  libspace.o(.bss)
    hUsbDeviceFS                             0x20000944   Data         708  pcan_usb.o(.bss.hUsbDeviceFS)
    hpcd_USB_FS                              0x20000c08   Data         628  usbd_conf.o(.bss.hpcd_USB_FS)
    uwTick                                   0x2000164c   Data           4  stm32f0xx_hal.o(.bss.uwTick)



==============================================================================

Memory Map of the image

  Image Entry point : 0x080000c1

  Load Region LR_IROM1 (Base: 0x08000000, Size: 0x00004310, Max: 0x00010000, ABSOLUTE)

    Execution Region ER_IROM1 (Exec base: 0x08000000, Load base: 0x08000000, Size: 0x00004228, Max: 0x00010000, ABSOLUTE)

    Exec Addr    Load Addr    Size         Type   Attr      Idx    E Section Name        Object

    0x08000000   0x08000000   0x000000c0   Data   RO          328    RESET               startup_stm32f072xb.o
    0x080000c0   0x080000c0   0x00000008   Code   RO         1503  * !!!main             c_p.l(__main.o)
    0x080000c8   0x080000c8   0x0000003c   Code   RO         1686    !!!scatter          c_p.l(__scatter.o)
    0x08000104   0x08000104   0x0000001a   Code   RO         1688    !!handler_copy      c_p.l(__scatter_copy.o)
    0x0800011e   0x0800011e   0x00000002   PAD
    0x08000120   0x08000120   0x0000001c   Code   RO         1690    !!handler_zi        c_p.l(__scatter_zi.o)
    0x0800013c   0x0800013c   0x00000002   Code   RO         1566    .ARM.Collect$$libinit$$00000000  c_p.l(libinit.o)
    0x0800013e   0x0800013e   0x00000000   Code   RO         1580    .ARM.Collect$$libinit$$00000002  c_p.l(libinit2.o)
    0x0800013e   0x0800013e   0x00000000   Code   RO         1582    .ARM.Collect$$libinit$$00000004  c_p.l(libinit2.o)
    0x0800013e   0x0800013e   0x00000000   Code   RO         1585    .ARM.Collect$$libinit$$0000000A  c_p.l(libinit2.o)
    0x0800013e   0x0800013e   0x00000000   Code   RO         1587    .ARM.Collect$$libinit$$0000000C  c_p.l(libinit2.o)
    0x0800013e   0x0800013e   0x00000000   Code   RO         1589    .ARM.Collect$$libinit$$0000000E  c_p.l(libinit2.o)
    0x0800013e   0x0800013e   0x00000000   Code   RO         1592    .ARM.Collect$$libinit$$00000011  c_p.l(libinit2.o)
    0x0800013e   0x0800013e   0x00000000   Code   RO         1594    .ARM.Collect$$libinit$$00000013  c_p.l(libinit2.o)
    0x0800013e   0x0800013e   0x00000000   Code   RO         1596    .ARM.Collect$$libinit$$00000015  c_p.l(libinit2.o)
    0x0800013e   0x0800013e   0x00000000   Code   RO         1598    .ARM.Collect$$libinit$$00000017  c_p.l(libinit2.o)
    0x0800013e   0x0800013e   0x00000000   Code   RO         1600    .ARM.Collect$$libinit$$00000019  c_p.l(libinit2.o)
    0x0800013e   0x0800013e   0x00000000   Code   RO         1602    .ARM.Collect$$libinit$$0000001B  c_p.l(libinit2.o)
    0x0800013e   0x0800013e   0x00000000   Code   RO         1604    .ARM.Collect$$libinit$$0000001D  c_p.l(libinit2.o)
    0x0800013e   0x0800013e   0x00000000   Code   RO         1606    .ARM.Collect$$libinit$$0000001F  c_p.l(libinit2.o)
    0x0800013e   0x0800013e   0x00000000   Code   RO         1608    .ARM.Collect$$libinit$$00000021  c_p.l(libinit2.o)
    0x0800013e   0x0800013e   0x00000000   Code   RO         1610    .ARM.Collect$$libinit$$00000023  c_p.l(libinit2.o)
    0x0800013e   0x0800013e   0x00000000   Code   RO         1612    .ARM.Collect$$libinit$$00000025  c_p.l(libinit2.o)
    0x0800013e   0x0800013e   0x00000000   Code   RO         1616    .ARM.Collect$$libinit$$0000002C  c_p.l(libinit2.o)
    0x0800013e   0x0800013e   0x00000000   Code   RO         1618    .ARM.Collect$$libinit$$0000002E  c_p.l(libinit2.o)
    0x0800013e   0x0800013e   0x00000000   Code   RO         1620    .ARM.Collect$$libinit$$00000030  c_p.l(libinit2.o)
    0x0800013e   0x0800013e   0x00000000   Code   RO         1622    .ARM.Collect$$libinit$$00000032  c_p.l(libinit2.o)
    0x0800013e   0x0800013e   0x00000002   Code   RO         1623    .ARM.Collect$$libinit$$00000033  c_p.l(libinit2.o)
    0x08000140   0x08000140   0x00000002   Code   RO         1657    .ARM.Collect$$libshutdown$$00000000  c_p.l(libshutdown.o)
    0x08000142   0x08000142   0x00000000   Code   RO         1669    .ARM.Collect$$libshutdown$$00000002  c_p.l(libshutdown2.o)
    0x08000142   0x08000142   0x00000000   Code   RO         1671    .ARM.Collect$$libshutdown$$00000004  c_p.l(libshutdown2.o)
    0x08000142   0x08000142   0x00000000   Code   RO         1674    .ARM.Collect$$libshutdown$$00000007  c_p.l(libshutdown2.o)
    0x08000142   0x08000142   0x00000000   Code   RO         1677    .ARM.Collect$$libshutdown$$0000000A  c_p.l(libshutdown2.o)
    0x08000142   0x08000142   0x00000000   Code   RO         1679    .ARM.Collect$$libshutdown$$0000000C  c_p.l(libshutdown2.o)
    0x08000142   0x08000142   0x00000000   Code   RO         1682    .ARM.Collect$$libshutdown$$0000000F  c_p.l(libshutdown2.o)
    0x08000142   0x08000142   0x00000002   Code   RO         1683    .ARM.Collect$$libshutdown$$00000010  c_p.l(libshutdown2.o)
    0x08000144   0x08000144   0x00000000   Code   RO         1505    .ARM.Collect$$rtentry$$00000000  c_p.l(__rtentry.o)
    0x08000144   0x08000144   0x00000000   Code   RO         1523    .ARM.Collect$$rtentry$$00000002  c_p.l(__rtentry2.o)
    0x08000144   0x08000144   0x00000006   Code   RO         1535    .ARM.Collect$$rtentry$$00000004  c_p.l(__rtentry4.o)
    0x0800014a   0x0800014a   0x00000000   Code   RO         1525    .ARM.Collect$$rtentry$$00000009  c_p.l(__rtentry2.o)
    0x0800014a   0x0800014a   0x00000004   Code   RO         1526    .ARM.Collect$$rtentry$$0000000A  c_p.l(__rtentry2.o)
    0x0800014e   0x0800014e   0x00000000   Code   RO         1528    .ARM.Collect$$rtentry$$0000000C  c_p.l(__rtentry2.o)
    0x0800014e   0x0800014e   0x00000008   Code   RO         1529    .ARM.Collect$$rtentry$$0000000D  c_p.l(__rtentry2.o)
    0x08000156   0x08000156   0x00000002   Code   RO         1571    .ARM.Collect$$rtexit$$00000000  c_p.l(rtexit.o)
    0x08000158   0x08000158   0x00000000   Code   RO         1625    .ARM.Collect$$rtexit$$00000002  c_p.l(rtexit2.o)
    0x08000158   0x08000158   0x00000004   Code   RO         1626    .ARM.Collect$$rtexit$$00000003  c_p.l(rtexit2.o)
    0x0800015c   0x0800015c   0x00000006   Code   RO         1627    .ARM.Collect$$rtexit$$00000004  c_p.l(rtexit2.o)
    0x08000162   0x08000162   0x00000002   PAD
    0x08000164   0x08000164   0x00000038   Code   RO         1487    .emb_text           c_p.l(rt_memcpy.o)
    0x0800019c   0x0800019c   0x00000038   Code   RO          329    .text               startup_stm32f072xb.o
    0x080001d4   0x080001d4   0x0000007c   Code   RO         1485    .text               c_p.l(assert.o)
    0x08000250   0x08000250   0x00000082   Code   RO         1488    .text               c_p.l(rt_memcpy.o)
    0x080002d2   0x080002d2   0x00000040   Code   RO         1491    .text               c_p.l(rt_memclr.o)
    0x08000312   0x08000312   0x00000002   PAD
    0x08000314   0x08000314   0x000001f8   Code   RO         1493    .text               c_p.l(aeabi_sdivfast.o)
    0x0800050c   0x0800050c   0x00000006   Code   RO         1501    .text               c_p.l(heapauxi.o)
    0x08000512   0x08000512   0x00000014   Code   RO         1510    .text               c_p.l(abort.o)
    0x08000526   0x08000526   0x00000014   Code   RO         1512    .text               c_p.l(assert_puts.o)
    0x0800053a   0x0800053a   0x0000000c   Code   RO         1514    .text               c_p.l(sys_wrch.o)
    0x08000546   0x08000546   0x00000002   PAD
    0x08000548   0x08000548   0x0000000c   Code   RO         1516    .text               c_p.l(sys_exit.o)
    0x08000554   0x08000554   0x0000000c   Code   RO         1539    .text               c_p.l(defsig_abrt_outer.o)
    0x08000560   0x08000560   0x00000002   Code   RO         1543    .text               c_p.l(use_no_semi.o)
    0x08000562   0x08000562   0x00000000   Code   RO         1545    .text               c_p.l(indicate_semi.o)
    0x08000562   0x08000562   0x0000003e   Code   RO         1546    .text               c_p.l(sys_stackheap_outer.o)
    0x080005a0   0x080005a0   0x00000010   Code   RO         1551    .text               c_p.l(exit.o)
    0x080005b0   0x080005b0   0x0000000c   Code   RO         1553    .text               c_p.l(defsig_exit.o)
    0x080005bc   0x080005bc   0x00000030   Code   RO         1555    .text               c_p.l(defsig_abrt_inner.o)
    0x080005ec   0x080005ec   0x00000008   Code   RO         1567    .text               c_p.l(libspace.o)
    0x080005f4   0x080005f4   0x00000034   Code   RO         1575    .text               c_p.l(defsig_general.o)
    0x08000628   0x08000628   0x00000056   Code   RO          522    .text.HAL_CAN_AbortTxRequest  stm32f0xx_hal_can.o
    0x0800067e   0x0800067e   0x00000022   Code   RO          534    .text.HAL_CAN_ActivateNotification  stm32f0xx_hal_can.o
    0x080006a0   0x080006a0   0x000000b4   Code   RO          520    .text.HAL_CAN_AddTxMessage  stm32f0xx_hal_can.o
    0x08000754   0x08000754   0x000000e6   Code   RO          510    .text.HAL_CAN_ConfigFilter  stm32f0xx_hal_can.o
    0x0800083a   0x0800083a   0x0000002c   Code   RO          504    .text.HAL_CAN_DeInit  stm32f0xx_hal_can.o
    0x08000866   0x08000866   0x00000002   PAD
    0x08000868   0x08000868   0x00000054   Code   RO           58    .text.HAL_CAN_ErrorCallback  pcan_can.o
    0x080008bc   0x080008bc   0x00000004   Code   RO          568    .text.HAL_CAN_GetError  stm32f0xx_hal_can.o
    0x080008c0   0x080008c0   0x000000f4   Code   RO          530    .text.HAL_CAN_GetRxMessage  stm32f0xx_hal_can.o
    0x080009b4   0x080009b4   0x00000252   Code   RO          538    .text.HAL_CAN_IRQHandler  stm32f0xx_hal_can.o
    0x08000c06   0x08000c06   0x00000108   Code   RO          500    .text.HAL_CAN_Init  stm32f0xx_hal_can.o
    0x08000d0e   0x08000d0e   0x00000002   Code   RO          508    .text.HAL_CAN_MspDeInit  stm32f0xx_hal_can.o
    0x08000d10   0x08000d10   0x00000002   Code   RO          502    .text.HAL_CAN_MspInit  stm32f0xx_hal_can.o
    0x08000d12   0x08000d12   0x0000001c   Code   RO          570    .text.HAL_CAN_ResetError  stm32f0xx_hal_can.o
    0x08000d2e   0x08000d2e   0x00000002   PAD
    0x08000d30   0x08000d30   0x0000000c   Code   RO           50    .text.HAL_CAN_RxFifo0FullCallback  pcan_can.o
    0x08000d3c   0x08000d3c   0x0000000a   Code   RO           38    .text.HAL_CAN_RxFifo0MsgPendingCallback  pcan_can.o
    0x08000d46   0x08000d46   0x00000002   PAD
    0x08000d48   0x08000d48   0x0000000c   Code   RO           52    .text.HAL_CAN_RxFifo1FullCallback  pcan_can.o
    0x08000d54   0x08000d54   0x0000000a   Code   RO           42    .text.HAL_CAN_RxFifo1MsgPendingCallback  pcan_can.o
    0x08000d5e   0x08000d5e   0x00000002   Code   RO           54    .text.HAL_CAN_SleepCallback  pcan_can.o
    0x08000d60   0x08000d60   0x0000005c   Code   RO          512    .text.HAL_CAN_Start  stm32f0xx_hal_can.o
    0x08000dbc   0x08000dbc   0x00000060   Code   RO          506    .text.HAL_CAN_Stop  stm32f0xx_hal_can.o
    0x08000e1c   0x08000e1c   0x00000002   Code   RO          542    .text.HAL_CAN_TxMailbox0AbortCallback  stm32f0xx_hal_can.o
    0x08000e1e   0x08000e1e   0x00000002   PAD
    0x08000e20   0x08000e20   0x0000000c   Code   RO           44    .text.HAL_CAN_TxMailbox0CompleteCallback  pcan_can.o
    0x08000e2c   0x08000e2c   0x00000002   Code   RO          546    .text.HAL_CAN_TxMailbox1AbortCallback  stm32f0xx_hal_can.o
    0x08000e2e   0x08000e2e   0x00000002   PAD
    0x08000e30   0x08000e30   0x0000000c   Code   RO           46    .text.HAL_CAN_TxMailbox1CompleteCallback  pcan_can.o
    0x08000e3c   0x08000e3c   0x00000002   Code   RO          550    .text.HAL_CAN_TxMailbox2AbortCallback  stm32f0xx_hal_can.o
    0x08000e3e   0x08000e3e   0x00000002   PAD
    0x08000e40   0x08000e40   0x00000010   Code   RO           48    .text.HAL_CAN_TxMailbox2CompleteCallback  pcan_can.o
    0x08000e50   0x08000e50   0x00000002   Code   RO           56    .text.HAL_CAN_WakeUpFromRxMsgCallback  pcan_can.o
    0x08000e52   0x08000e52   0x00000002   PAD
    0x08000e54   0x08000e54   0x0000017c   Code   RO          769    .text.HAL_GPIO_Init  stm32f0xx_hal_gpio.o
    0x08000fd0   0x08000fd0   0x00000008   Code   RO          455    .text.HAL_GetTick   stm32f0xx_hal.o
    0x08000fd8   0x08000fd8   0x00000014   Code   RO          453    .text.HAL_IncTick   stm32f0xx_hal.o
    0x08000fec   0x08000fec   0x00000020   Code   RO          443    .text.HAL_Init      stm32f0xx_hal.o
    0x0800100c   0x0800100c   0x00000048   Code   RO          445    .text.HAL_InitTick  stm32f0xx_hal.o
    0x08001054   0x08001054   0x0000005c   Code   RO            2    .text.HAL_MspInit   main.o
    0x080010b0   0x080010b0   0x00000008   Code   RO          580    .text.HAL_NVIC_SetPriority  stm32f0xx_hal_cortex.o
    0x080010b8   0x080010b8   0x00000026   Code   RO          877    .text.HAL_PCDEx_ActivateLPM  stm32f0xx_hal_pcd_ex.o
    0x080010de   0x080010de   0x00000002   Code   RO          881    .text.HAL_PCDEx_LPM_Callback  stm32f0xx_hal_pcd_ex.o
    0x080010e0   0x080010e0   0x00000038   Code   RO          867    .text.HAL_PCDEx_PMAConfig  stm32f0xx_hal_pcd_ex.o
    0x08001118   0x08001118   0x00000016   Code   RO          241    .text.HAL_PCD_DataInStageCallback  usbd_conf.o
    0x0800112e   0x0800112e   0x0000001a   Code   RO          239    .text.HAL_PCD_DataOutStageCallback  usbd_conf.o
    0x08001148   0x08001148   0x0000004c   Code   RO          839    .text.HAL_PCD_EP_Close  stm32f0xx_hal_pcd.o
    0x08001194   0x08001194   0x0000005e   Code   RO          849    .text.HAL_PCD_EP_ClrStall  stm32f0xx_hal_pcd.o
    0x080011f2   0x080011f2   0x00000004   Code   RO          851    .text.HAL_PCD_EP_Flush  stm32f0xx_hal_pcd.o
    0x080011f6   0x080011f6   0x0000000e   Code   RO          843    .text.HAL_PCD_EP_GetRxCount  stm32f0xx_hal_pcd.o
    0x08001204   0x08001204   0x00000060   Code   RO          837    .text.HAL_PCD_EP_Open  stm32f0xx_hal_pcd.o
    0x08001264   0x08001264   0x00000026   Code   RO          841    .text.HAL_PCD_EP_Receive  stm32f0xx_hal_pcd.o
    0x0800128a   0x0800128a   0x0000006a   Code   RO          847    .text.HAL_PCD_EP_SetStall  stm32f0xx_hal_pcd.o
    0x080012f4   0x080012f4   0x00000026   Code   RO          845    .text.HAL_PCD_EP_Transmit  stm32f0xx_hal_pcd.o
    0x0800131a   0x0800131a   0x00000002   PAD
    0x0800131c   0x0800131c   0x0000018c   Code   RO          805    .text.HAL_PCD_IRQHandler  stm32f0xx_hal_pcd.o
    0x080014a8   0x080014a8   0x000000d2   Code   RO          793    .text.HAL_PCD_Init  stm32f0xx_hal_pcd.o
    0x0800157a   0x0800157a   0x00000002   PAD
    0x0800157c   0x0800157c   0x00000030   Code   RO          233    .text.HAL_PCD_MspInit  usbd_conf.o
    0x080015ac   0x080015ac   0x00000030   Code   RO          245    .text.HAL_PCD_ResetCallback  usbd_conf.o
    0x080015dc   0x080015dc   0x00000024   Code   RO          249    .text.HAL_PCD_ResumeCallback  usbd_conf.o
    0x08001600   0x08001600   0x0000000e   Code   RO          243    .text.HAL_PCD_SOFCallback  usbd_conf.o
    0x0800160e   0x0800160e   0x00000028   Code   RO          811    .text.HAL_PCD_SetAddress  stm32f0xx_hal_pcd.o
    0x08001636   0x08001636   0x00000016   Code   RO          237    .text.HAL_PCD_SetupStageCallback  usbd_conf.o
    0x0800164c   0x0800164c   0x0000002a   Code   RO          803    .text.HAL_PCD_Start  stm32f0xx_hal_pcd.o
    0x08001676   0x08001676   0x00000002   PAD
    0x08001678   0x08001678   0x00000024   Code   RO          247    .text.HAL_PCD_SuspendCallback  usbd_conf.o
    0x0800169c   0x0800169c   0x0000004c   Code   RO          989    .text.HAL_RCCEx_CRSConfig  stm32f0xx_hal_rcc_ex.o
    0x080016e8   0x080016e8   0x00000124   Code   RO          953    .text.HAL_RCC_ClockConfig  stm32f0xx_hal_rcc.o
    0x0800180c   0x0800180c   0x00000084   Code   RO          955    .text.HAL_RCC_GetSysClockFreq  stm32f0xx_hal_rcc.o
    0x08001890   0x08001890   0x00000008   Code   RO          596    .text.HAL_SYSTICK_Config  stm32f0xx_hal_cortex.o
    0x08001898   0x08001898   0x00000300   Code   RO          807    .text.PCD_EP_ISR_Handler  stm32f0xx_hal_pcd.o
    0x08001b98   0x08001b98   0x00000028   Code   RO          598    .text.SysTick_Config  stm32f0xx_hal_cortex.o
    0x08001bc0   0x08001bc0   0x00000008   Code   RO            6    .text.SysTick_Handler  main.o
    0x08001bc8   0x08001bc8   0x00000008   Code   RO          251    .text.SystemClockConfig_Resume  usbd_conf.o
    0x08001bd0   0x08001bd0   0x00000078   Code   RO            4    .text.SystemClock_Config  main.o
    0x08001c48   0x08001c48   0x00000002   Code   RO          218    .text.SystemInit    system_stm32f0xx.o
    0x08001c4a   0x08001c4a   0x00000010   Code   RO          350    .text.USBD_ClrClassConfig  usbd_core.o
    0x08001c5a   0x08001c5a   0x00000026   Code   RO          398    .text.USBD_ClrFeature  usbd_ctlreq.o
    0x08001c80   0x08001c80   0x00000012   Code   RO          427    .text.USBD_CtlContinueRx  usbd_ioreq.o
    0x08001c92   0x08001c92   0x00000012   Code   RO          423    .text.USBD_CtlContinueSendData  usbd_ioreq.o
    0x08001ca4   0x08001ca4   0x00000014   Code   RO          400    .text.USBD_CtlError  usbd_ctlreq.o
    0x08001cb8   0x08001cb8   0x0000001a   Code   RO          431    .text.USBD_CtlReceiveStatus  usbd_ioreq.o
    0x08001cd2   0x08001cd2   0x0000001e   Code   RO          421    .text.USBD_CtlSendData  usbd_ioreq.o
    0x08001cf0   0x08001cf0   0x0000001a   Code   RO          429    .text.USBD_CtlSendStatus  usbd_ioreq.o
    0x08001d0a   0x08001d0a   0x00000002   PAD
    0x08001d0c   0x08001d0c   0x0000000c   Code   RO          313    .text.USBD_FS_ConfigStrDescriptor  usbd_desc.o
    0x08001d18   0x08001d18   0x0000000c   Code   RO          307    .text.USBD_FS_DeviceDescriptor  usbd_desc.o
    0x08001d24   0x08001d24   0x0000000c   Code   RO          311    .text.USBD_FS_HugeStrDescriptor  usbd_desc.o
    0x08001d30   0x08001d30   0x0000000c   Code   RO          309    .text.USBD_FS_LangIDStrDescriptor  usbd_desc.o
    0x08001d3c   0x08001d3c   0x00000032   Code   RO          392    .text.USBD_GetConfig  usbd_ctlreq.o
    0x08001d6e   0x08001d6e   0x00000002   PAD
    0x08001d70   0x08001d70   0x00000122   Code   RO          386    .text.USBD_GetDescriptor  usbd_ctlreq.o
    0x08001e92   0x08001e92   0x00000036   Code   RO          394    .text.USBD_GetStatus  usbd_ctlreq.o
    0x08001ec8   0x08001ec8   0x00000018   Code   RO          265    .text.USBD_Get_USB_Status  usbd_conf.o
    0x08001ee0   0x08001ee0   0x0000002e   Code   RO          336    .text.USBD_Init     usbd_core.o
    0x08001f0e   0x08001f0e   0x00000012   Code   RO          279    .text.USBD_LL_ClearStallEP  usbd_conf.o
    0x08001f20   0x08001f20   0x00000012   Code   RO          273    .text.USBD_LL_CloseEP  usbd_conf.o
    0x08001f32   0x08001f32   0x000000d0   Code   RO          356    .text.USBD_LL_DataInStage  usbd_core.o
    0x08002002   0x08002002   0x00000086   Code   RO          354    .text.USBD_LL_DataOutStage  usbd_core.o
    0x08002088   0x08002088   0x00000012   Code   RO          275    .text.USBD_LL_FlushEP  usbd_conf.o
    0x0800209a   0x0800209a   0x0000000e   Code   RO          289    .text.USBD_LL_GetRxDataSize  usbd_conf.o
    0x080020a8   0x080020a8   0x000000a0   Code   RO          261    .text.USBD_LL_Init  usbd_conf.o
    0x08002148   0x08002148   0x00000020   Code   RO          281    .text.USBD_LL_IsStallEP  usbd_conf.o
    0x08002168   0x08002168   0x00000018   Code   RO          271    .text.USBD_LL_OpenEP  usbd_conf.o
    0x08002180   0x08002180   0x00000012   Code   RO          287    .text.USBD_LL_PrepareReceive  usbd_conf.o
    0x08002192   0x08002192   0x00000054   Code   RO          358    .text.USBD_LL_Reset  usbd_core.o
    0x080021e6   0x080021e6   0x00000014   Code   RO          364    .text.USBD_LL_Resume  usbd_core.o
    0x080021fa   0x080021fa   0x0000001c   Code   RO          366    .text.USBD_LL_SOF   usbd_core.o
    0x08002216   0x08002216   0x00000006   Code   RO          360    .text.USBD_LL_SetSpeed  usbd_core.o
    0x0800221c   0x0800221c   0x00000012   Code   RO          283    .text.USBD_LL_SetUSBAddress  usbd_conf.o
    0x0800222e   0x0800222e   0x00000002   PAD
    0x08002230   0x08002230   0x00000074   Code   RO          352    .text.USBD_LL_SetupStage  usbd_core.o
    0x080022a4   0x080022a4   0x00000012   Code   RO          277    .text.USBD_LL_StallEP  usbd_conf.o
    0x080022b6   0x080022b6   0x00000012   Code   RO          267    .text.USBD_LL_Start  usbd_conf.o
    0x080022c8   0x080022c8   0x00000012   Code   RO          362    .text.USBD_LL_Suspend  usbd_core.o
    0x080022da   0x080022da   0x00000012   Code   RO          285    .text.USBD_LL_Transmit  usbd_conf.o
    0x080022ec   0x080022ec   0x00000028   Code   RO          406    .text.USBD_ParseSetupRequest  usbd_ctlreq.o
    0x08002314   0x08002314   0x00000012   Code   RO          340    .text.USBD_RegisterClass  usbd_core.o
    0x08002326   0x08002326   0x0000004e   Code   RO          388    .text.USBD_SetAddress  usbd_ctlreq.o
    0x08002374   0x08002374   0x0000001c   Code   RO          348    .text.USBD_SetClassConfig  usbd_core.o
    0x08002390   0x08002390   0x00000088   Code   RO          390    .text.USBD_SetConfig  usbd_ctlreq.o
    0x08002418   0x08002418   0x00000016   Code   RO          396    .text.USBD_SetFeature  usbd_ctlreq.o
    0x0800242e   0x0800242e   0x0000000a   Code   RO          342    .text.USBD_Start    usbd_core.o
    0x08002438   0x08002438   0x0000007a   Code   RO          384    .text.USBD_StdDevReq  usbd_ctlreq.o
    0x080024b2   0x080024b2   0x00000154   Code   RO          404    .text.USBD_StdEPReq  usbd_ctlreq.o
    0x08002606   0x08002606   0x0000005e   Code   RO          402    .text.USBD_StdItfReq  usbd_ctlreq.o
    0x08002664   0x08002664   0x0000020c   Code   RO         1364    .text.USB_ActivateEndpoint  stm32f0xx_ll_usb.o
    0x08002870   0x08002870   0x000000d0   Code   RO         1366    .text.USB_DeactivateEndpoint  stm32f0xx_ll_usb.o
    0x08002940   0x08002940   0x00000010   Code   RO         1384    .text.USB_DevConnect  stm32f0xx_ll_usb.o
    0x08002950   0x08002950   0x0000001c   Code   RO         1356    .text.USB_DevInit   stm32f0xx_ll_usb.o
    0x0800296c   0x0800296c   0x00000014   Code   RO         1352    .text.USB_DisableGlobalInt  stm32f0xx_ll_usb.o
    0x08002980   0x08002980   0x00000004   Code   RO         1400    .text.USB_EP0_OutStart  stm32f0xx_ll_usb.o
    0x08002984   0x08002984   0x00000070   Code   RO         1378    .text.USB_EPClearStall  stm32f0xx_ll_usb.o
    0x080029f4   0x080029f4   0x00000038   Code   RO         1376    .text.USB_EPSetStall  stm32f0xx_ll_usb.o
    0x08002a2c   0x08002a2c   0x000002c4   Code   RO         1368    .text.USB_EPStartXfer  stm32f0xx_ll_usb.o
    0x08002cf0   0x08002cf0   0x00000014   Code   RO         1350    .text.USB_EnableGlobalInt  stm32f0xx_ll_usb.o
    0x08002d04   0x08002d04   0x00000006   Code   RO         1388    .text.USB_ReadInterrupts  stm32f0xx_ll_usb.o
    0x08002d0a   0x08002d0a   0x0000002a   Code   RO         1406    .text.USB_ReadPMA   stm32f0xx_ll_usb.o
    0x08002d34   0x08002d34   0x00000012   Code   RO         1382    .text.USB_SetDevAddress  stm32f0xx_ll_usb.o
    0x08002d46   0x08002d46   0x00000026   Code   RO         1370    .text.USB_WritePMA  stm32f0xx_ll_usb.o
    0x08002d6c   0x08002d6c   0x00000040   Code   RO          582    .text.__NVIC_SetPriority  stm32f0xx_hal_cortex.o
    0x08002dac   0x08002dac   0x0000001e   Code   RO          182    .text.device_data_in  pcan_usb.o
    0x08002dca   0x08002dca   0x00000002   PAD
    0x08002dcc   0x08002dcc   0x0000005c   Code   RO          184    .text.device_data_out  pcan_usb.o
    0x08002e28   0x08002e28   0x00000054   Code   RO          176    .text.device_deinit  pcan_usb.o
    0x08002e7c   0x08002e7c   0x00000004   Code   RO          180    .text.device_ep0_rx_ready  pcan_usb.o
    0x08002e80   0x08002e80   0x0000000c   Code   RO          192    .text.device_get_device_qualifier  pcan_usb.o
    0x08002e8c   0x08002e8c   0x00000008   Code   RO          188    .text.device_get_fs_cfg  pcan_usb.o
    0x08002e94   0x08002e94   0x00000008   Code   RO          186    .text.device_get_hs_cfg  pcan_usb.o
    0x08002e9c   0x08002e9c   0x00000008   Code   RO          190    .text.device_get_other_speed_cfg  pcan_usb.o
    0x08002ea4   0x08002ea4   0x00000014   Code   RO          194    .text.device_get_user_string  pcan_usb.o
    0x08002eb8   0x08002eb8   0x0000009c   Code   RO          174    .text.device_init   pcan_usb.o
    0x08002f54   0x08002f54   0x00000048   Code   RO          178    .text.device_setup  pcan_usb.o
    0x08002f9c   0x08002f9c   0x00000042   Code   RO            8    .text.main          main.o
    0x08002fde   0x08002fde   0x00000002   PAD
    0x08002fe0   0x08002fe0   0x00000014   Code   RO          122    .text.pcan_can_error  pcan_protocol.o
    0x08002ff4   0x08002ff4   0x00000030   Code   RO           36    .text.pcan_can_flush_tx  pcan_can.o
    0x08003024   0x08003024   0x000000f8   Code   RO           18    .text.pcan_can_init  pcan_can.o
    0x0800311c   0x0800311c   0x0000000c   Code   RO           24    .text.pcan_can_install_error_callback  pcan_can.o
    0x08003128   0x08003128   0x0000000c   Code   RO           22    .text.pcan_can_install_rx_callback  pcan_can.o
    0x08003134   0x08003134   0x00000010   Code   RO           34    .text.pcan_can_poll  pcan_can.o
    0x08003144   0x08003144   0x00000080   Code   RO           40    .text.pcan_can_rx_frame  pcan_can.o
    0x080031c4   0x080031c4   0x0000004c   Code   RO           26    .text.pcan_can_send_message  pcan_can.o
    0x08003210   0x08003210   0x000000cc   Code   RO           20    .text.pcan_can_set_bitrate  pcan_can.o
    0x080032dc   0x080032dc   0x00000028   Code   RO           32    .text.pcan_can_set_bus_active  pcan_can.o
    0x08003304   0x08003304   0x0000002c   Code   RO           28    .text.pcan_can_set_silent  pcan_can.o
    0x08003330   0x08003330   0x00000158   Code   RO          116    .text.pcan_decode_data_frame  pcan_protocol.o
    0x08003488   0x08003488   0x000000d4   Code   RO          200    .text.pcan_flush_data  pcan_usb.o
    0x0800355c   0x0800355c   0x00000024   Code   RO          198    .text.pcan_flush_ep  pcan_usb.o
    0x08003580   0x08003580   0x00000064   Code   RO           75    .text.pcan_led_init  pcan_led.o
    0x080035e4   0x080035e4   0x00000084   Code   RO           79    .text.pcan_led_poll  pcan_led.o
    0x08003668   0x08003668   0x00000088   Code   RO           77    .text.pcan_led_set_mode  pcan_led.o
    0x080036f0   0x080036f0   0x00000028   Code   RO           81    .text.pcan_led_update_state  pcan_led.o
    0x08003718   0x08003718   0x0000002c   Code   RO          118    .text.pcan_protocol_init  pcan_protocol.o
    0x08003744   0x08003744   0x00000034   Code   RO          124    .text.pcan_protocol_poll  pcan_protocol.o
    0x08003778   0x08003778   0x000001a4   Code   RO          110    .text.pcan_protocol_process_command  pcan_protocol.o
    0x0800391c   0x0800391c   0x00000066   Code   RO          114    .text.pcan_protocol_process_data  pcan_protocol.o
    0x08003982   0x08003982   0x00000002   PAD
    0x08003984   0x08003984   0x0000001c   Code   RO          104    .text.pcan_record_buffer_commit  pcan_protocol.o
    0x080039a0   0x080039a0   0x00000070   Code   RO          106    .text.pcan_record_buffer_flush  pcan_protocol.o
    0x08003a10   0x08003a10   0x00000056   Code   RO          102    .text.pcan_record_buffer_request  pcan_protocol.o
    0x08003a66   0x08003a66   0x00000018   Code   RO          100    .text.pcan_record_buffer_reset  pcan_protocol.o
    0x08003a7e   0x08003a7e   0x0000000a   Code   RO           98    .text.pcan_record_write_header  pcan_protocol.o
    0x08003a88   0x08003a88   0x000000e4   Code   RO          126    .text.pcan_rx_can_frame  pcan_protocol.o
    0x08003b6c   0x08003b6c   0x00000028   Code   RO          120    .text.pcan_rx_message  pcan_protocol.o
    0x08003b94   0x08003b94   0x00000044   Code   RO          112    .text.pcan_set_bitrate  pcan_protocol.o
    0x08003bd8   0x08003bd8   0x000000a4   Code   RO           96    .text.pcan_sja1000_read  pcan_protocol.o
    0x08003c7c   0x08003c7c   0x000000cc   Code   RO           94    .text.pcan_sja1000_write  pcan_protocol.o
    0x08003d48   0x08003d48   0x00000040   Code   RO          155    .text.pcan_timestamp_init  pcan_timestamp.o
    0x08003d88   0x08003d88   0x0000000a   Code   RO          157    .text.pcan_timestamp_millis  pcan_timestamp.o
    0x08003d92   0x08003d92   0x00000002   PAD
    0x08003d94   0x08003d94   0x0000000c   Code   RO          159    .text.pcan_timestamp_ticks  pcan_timestamp.o
    0x08003da0   0x08003da0   0x00000064   Code   RO          108    .text.pcan_timesync_event  pcan_protocol.o
    0x08003e04   0x08003e04   0x00000064   Code   RO           60    .text.pcan_try_send_message  pcan_can.o
    0x08003e68   0x08003e68   0x00000054   Code   RO          196    .text.pcan_usb_init  pcan_usb.o
    0x08003ebc   0x08003ebc   0x00000010   Code   RO          172    .text.pcan_usb_poll  pcan_usb.o
    0x08003ecc   0x08003ecc   0x0000002c   Code   RO          168    .text.pcan_usb_send_command_buffer  pcan_usb.o
    0x08003ef8   0x08003ef8   0x000001f6   Code   RO         1494    .text_divfast       c_p.l(aeabi_sdivfast.o)
    0x080040ee   0x080040ee   0x00000002   PAD
    0x080040f0   0x080040f0   0x00000014   Data   RO           62    .rodata..Lconstinit  pcan_can.o
    0x08004104   0x08004104   0x00000014   Data   RO           83    .rodata..Lconstinit  pcan_led.o
    0x08004118   0x08004118   0x00000014   Data   RO           63    .rodata..Lconstinit.1  pcan_can.o
    0x0800412c   0x0800412c   0x00000014   Data   RO           84    .rodata..Lconstinit.1  pcan_led.o
    0x08004140   0x08004140   0x00000010   Data   RO          223    .rodata.AHBPrescTable  system_stm32f0xx.o
    0x08004150   0x08004150   0x00000012   Data   RO          318    .rodata.USBD_FS_ConfigStrDescriptor.cfg_descriptor  usbd_desc.o
    0x08004162   0x08004162   0x00000002   PAD
    0x08004164   0x08004164   0x00000002   Data   RO          317    .rodata.USBD_FS_HugeStrDescriptor.huge_descriptor  usbd_desc.o
    0x08004166   0x08004166   0x00000002   PAD
    0x08004168   0x08004168   0x0000000a   Data   RO          208    .rodata.dev_qua     pcan_usb.o
    0x08004172   0x08004172   0x00000002   PAD
    0x08004174   0x08004174   0x00000032   Data   RO          209    .rodata.device_get_user_string.vendor_descriptor  pcan_usb.o
    0x080041a6   0x080041a6   0x00000010   Data   RO          207    .rodata.device_setup.bootloader_info  pcan_usb.o
    0x080041b6   0x080041b6   0x0000001c   Data   RO           65    .rodata.str1.1      pcan_can.o
    0x080041d2   0x080041d2   0x0000001a   Data   RO          204    .rodata.str1.1      pcan_usb.o
    0x080041ec   0x080041ec   0x0000001b   Data   RO          297    .rodata.str1.1      usbd_conf.o
    0x08004207   0x08004207   0x00000001   PAD
    0x08004208   0x08004208   0x00000020   Data   RO         1685    Region$$Table       anon$$obj.o


    Execution Region RW_IRAM1 (Exec base: 0x20000000, Load base: 0x08004228, Size: 0x00001c50, Max: 0x00004000, ABSOLUTE)

    Exec Addr    Load Addr    Size         Type   Attr      Idx    E Section Name        Object

    0x20000000   0x08004228   0x0000001c   Data   RW          319    .data.FS_Desc       usbd_desc.o
    0x2000001c   0x08004244   0x00000004   Data   RW          222    .data.SystemCoreClock  system_stm32f0xx.o
    0x20000020   0x08004248   0x00000012   Data   RW          315    .data.USBD_FS_DeviceDesc  usbd_desc.o
    0x20000032   0x0800425a   0x00000002   PAD
    0x20000034   0x0800425c   0x00000004   Data   RW          316    .data.USBD_LangIDDesc  usbd_desc.o
    0x20000038   0x08004260   0x00000010   Data   RW          128    .data.data_fsm      pcan_protocol.o
    0x20000048   0x08004270   0x00000028   Data   RW           64    .data.g_hcan        pcan_can.o
    0x20000070   0x08004298   0x00000001   Data   RW          136    .data.pcan_device.8  pcan_protocol.o
    0x20000071   0x08004299   0x00000003   PAD
    0x20000074   0x0800429c   0x0000002e   Data   RW          205    .data.pcan_usb_dev  pcan_usb.o
    0x200000a2   0x080042ca   0x00000002   PAD
    0x200000a4   0x080042cc   0x0000003c   Data   RW          203    .data.usbd_pcan     pcan_usb.o
    0x200000e0   0x08004308   0x00000001   Data   RW          490    .data.uwTickFreq    stm32f0xx_hal.o
    0x200000e1   0x08004309   0x00000003   PAD
    0x200000e4   0x0800430c   0x00000004   Data   RW          489    .data.uwTickPrio    stm32f0xx_hal.o
    0x200000e8        -       0x00000060   Zero   RW         1568    .bss                c_p.l(libspace.o)
    0x20000148        -       0x00000001   Zero   RW          412    .bss.USBD_SetConfig.cfgidx  usbd_ctlreq.o
    0x20000149   0x08004310   0x00000003   PAD
    0x2000014c        -       0x000007f8   Zero   RW           66    .bss.can_dev        pcan_can.o
    0x20000944        -       0x000002c4   Zero   RW          202    .bss.hUsbDeviceFS   pcan_usb.o
    0x20000c08        -       0x00000274   Zero   RW          298    .bss.hpcd_USB_FS    usbd_conf.o
    0x20000e7c        -       0x0000001e   Zero   RW           85    .bss.led_mode_array  pcan_led.o
    0x20000e9a        -       0x0000007e   Zero   RW          206    .bss.pcan_data      pcan_usb.o
    0x20000f18        -       0x00000001   Zero   RW          131    .bss.pcan_device.0  pcan_protocol.o
    0x20000f19   0x08004310   0x00000001   PAD
    0x20000f1a        -       0x00000001   Zero   RW          132    .bss.pcan_device.2  pcan_protocol.o
    0x20000f1b   0x08004310   0x00000001   PAD
    0x20000f1c        -       0x00000002   Zero   RW          133    .bss.pcan_device.3  pcan_protocol.o
    0x20000f1e   0x08004310   0x00000002   PAD
    0x20000f20        -       0x00000002   Zero   RW          134    .bss.pcan_device.4  pcan_protocol.o
    0x20000f22   0x08004310   0x00000002   PAD
    0x20000f24        -       0x00000001   Zero   RW          137    .bss.pcan_device.5.0  pcan_protocol.o
    0x20000f25   0x08004310   0x00000003   PAD
    0x20000f28        -       0x00000001   Zero   RW          138    .bss.pcan_device.5.4  pcan_protocol.o
    0x20000f29   0x08004310   0x00000003   PAD
    0x20000f2c        -       0x00000001   Zero   RW          139    .bss.pcan_device.5.5  pcan_protocol.o
    0x20000f2d   0x08004310   0x00000003   PAD
    0x20000f30        -       0x00000001   Zero   RW          140    .bss.pcan_device.5.8  pcan_protocol.o
    0x20000f31   0x08004310   0x00000003   PAD
    0x20000f34        -       0x00000001   Zero   RW          141    .bss.pcan_device.6.0  pcan_protocol.o
    0x20000f35   0x08004310   0x00000003   PAD
    0x20000f38        -       0x00000001   Zero   RW          142    .bss.pcan_device.6.1  pcan_protocol.o
    0x20000f39   0x08004310   0x00000001   PAD
    0x20000f3a        -       0x00000001   Zero   RW          143    .bss.pcan_device.6.2  pcan_protocol.o
    0x20000f3b   0x08004310   0x00000001   PAD
    0x20000f3c        -       0x00000001   Zero   RW          144    .bss.pcan_device.6.3  pcan_protocol.o
    0x20000f3d   0x08004310   0x00000003   PAD
    0x20000f40        -       0x00000001   Zero   RW          145    .bss.pcan_device.6.4  pcan_protocol.o
    0x20000f41   0x08004310   0x00000003   PAD
    0x20000f44        -       0x00000001   Zero   RW          146    .bss.pcan_device.6.5  pcan_protocol.o
    0x20000f45   0x08004310   0x00000001   PAD
    0x20000f46        -       0x00000001   Zero   RW          135    .bss.pcan_device.7  pcan_protocol.o
    0x20000f47   0x08004310   0x00000001   PAD
    0x20000f48        -       0x00000384   Zero   RW          129    .bss.pcan_records   pcan_protocol.o
    0x200012cc        -       0x00000380   Zero   RW          130    .bss.temp_data_buffer  pcan_protocol.o
    0x2000164c        -       0x00000004   Zero   RW          491    .bss.uwTick         stm32f0xx_hal.o
    0x20001650        -       0x00000200   Zero   RW          327    HEAP                startup_stm32f072xb.o
    0x20001850        -       0x00000400   Zero   RW          326    STACK               startup_stm32f072xb.o


==============================================================================

Image component sizes


      Code (inc. data)   RO Data    RW Data    ZI Data      Debug   Object Name

       286         12          0          0          0       2489   main.o
      1100        192         68         40       2040       9223   pcan_can.o
       408         64         40          0         30       2916   pcan_led.o
      2046        318          0         17       1813       9701   pcan_protocol.o
        86         16          0          0          0       1671   pcan_timestamp.o
       886        108        102        106        834       9946   pcan_usb.o
        56         26        192          0       1536        648   startup_stm32f072xb.o
       132         20          0          5          4       5398   stm32f0xx_hal.o
      1906          6          0          0          0      13837   stm32f0xx_hal_can.o
       120         12          0          0          0       5869   stm32f0xx_hal_cortex.o
       380         20          0          0          0       4877   stm32f0xx_hal_gpio.o
      1922         48          0          0          0      11848   stm32f0xx_hal_pcd.o
        96          0          0          0          0       5478   stm32f0xx_hal_pcd_ex.o
       424         68          0          0          0       7568   stm32f0xx_hal_rcc.o
        76          8          0          0          0       6501   stm32f0xx_hal_rcc_ex.o
      1800         92          0          0          0      13433   stm32f0xx_ll_usb.o
         2          0         16          4          0       1828   system_stm32f0xx.o
       658         40         27          0        628      14249   usbd_conf.o
       732          8          0          0          0       7944   usbd_core.o
      1284         28          0          0          1       9067   usbd_ctlreq.o
        48         16         20         50          0       1934   usbd_desc.o
       118          0          0          0          0       4492   usbd_ioreq.o

    ----------------------------------------------------------------------
     14600       1102        504        232       6920     150917   Object Totals
         0          0         32          0          0          0   (incl. Generated)
        34          0          7         10         34          0   (incl. Padding)

    ----------------------------------------------------------------------

      Code (inc. data)   RO Data    RW Data    ZI Data      Debug   Library Member Name

         8          0          0          0          0         68   __main.o
         0          0          0          0          0          0   __rtentry.o
        12          0          0          0          0          0   __rtentry2.o
         6          0          0          0          0          0   __rtentry4.o
        60          8          0          0          0          0   __scatter.o
        26          0          0          0          0          0   __scatter_copy.o
        28          0          0          0          0          0   __scatter_zi.o
        20          0          0          0          0         68   abort.o
      1006          4          0          0          0        184   aeabi_sdivfast.o
       124         42          0          0          0         68   assert.o
        20          0          0          0          0         68   assert_puts.o
        48         34          0          0          0         68   defsig_abrt_inner.o
        12          0          0          0          0         68   defsig_abrt_outer.o
        12          0          0          0          0         68   defsig_exit.o
        52          0          0          0          0         72   defsig_general.o
        16          0          0          0          0         68   exit.o
         6          0          0          0          0        136   heapauxi.o
         0          0          0          0          0          0   indicate_semi.o
         2          0          0          0          0          0   libinit.o
         2          0          0          0          0          0   libinit2.o
         2          0          0          0          0          0   libshutdown.o
         2          0          0          0          0          0   libshutdown2.o
         8          4          0          0         96         68   libspace.o
        64          0          0          0          0        108   rt_memclr.o
       186          0          0          0          0        144   rt_memcpy.o
         2          0          0          0          0          0   rtexit.o
        10          0          0          0          0          0   rtexit2.o
        12          4          0          0          0         60   sys_exit.o
        62          0          0          0          0         80   sys_stackheap_outer.o
        12          0          0          0          0         68   sys_wrch.o
         2          0          0          0          0         68   use_no_semi.o

    ----------------------------------------------------------------------
      1832         96          0          0         96       1532   Library Totals
        10          0          0          0          0          0   (incl. Padding)

    ----------------------------------------------------------------------

      Code (inc. data)   RO Data    RW Data    ZI Data      Debug   Library Name

      1822         96          0          0         96       1532   c_p.l

    ----------------------------------------------------------------------
      1832         96          0          0         96       1532   Library Totals

    ----------------------------------------------------------------------

==============================================================================


      Code (inc. data)   RO Data    RW Data    ZI Data      Debug   

     16432       1198        504        232       7016     151361   Grand Totals
     16432       1198        504        232       7016     151361   ELF Image Totals
     16432       1198        504        232          0          0   ROM Totals

==============================================================================

    Total RO  Size (Code + RO Data)                16936 (  16.54kB)
    Total RW  Size (RW Data + ZI Data)              7248 (   7.08kB)
    Total ROM Size (Code + RO Data + RW Data)      17168 (  16.77kB)

==============================================================================

